Component: ARM Compiler 5.06 update 6 (build 750) Tool: armlink [4d35ed]

==============================================================================

Section Cross References

    startup_stm32h743xx.o(RESET) refers to startup_stm32h743xx.o(STACK) for __initial_sp
    startup_stm32h743xx.o(RESET) refers to startup_stm32h743xx.o(.text) for Reset_Handler
    startup_stm32h743xx.o(RESET) refers to stm32h7xx_it.o(i.NMI_Handler) for NMI_Handler
    startup_stm32h743xx.o(RESET) refers to stm32h7xx_it.o(i.HardFault_Handler) for HardFault_Handler
    startup_stm32h743xx.o(RESET) refers to stm32h7xx_it.o(i.MemManage_Handler) for MemManage_Handler
    startup_stm32h743xx.o(RESET) refers to stm32h7xx_it.o(i.BusFault_Handler) for BusFault_Handler
    startup_stm32h743xx.o(RESET) refers to stm32h7xx_it.o(i.UsageFault_Handler) for UsageFault_Handler
    startup_stm32h743xx.o(RESET) refers to stm32h7xx_it.o(i.SVC_Handler) for SVC_Handler
    startup_stm32h743xx.o(RESET) refers to stm32h7xx_it.o(i.DebugMon_Handler) for DebugMon_Handler
    startup_stm32h743xx.o(RESET) refers to stm32h7xx_it.o(i.PendSV_Handler) for PendSV_Handler
    startup_stm32h743xx.o(RESET) refers to stm32h7xx_it.o(i.SysTick_Handler) for SysTick_Handler
    startup_stm32h743xx.o(RESET) refers to stm32h7xx_it.o(i.DMA1_Stream2_IRQHandler) for DMA1_Stream2_IRQHandler
    startup_stm32h743xx.o(RESET) refers to stm32h7xx_it.o(i.DMA2_Stream0_IRQHandler) for DMA2_Stream0_IRQHandler
    startup_stm32h743xx.o(RESET) refers to stm32h7xx_it.o(i.ETH_IRQHandler) for ETH_IRQHandler
    startup_stm32h743xx.o(.text) refers to system_stm32h7xx.o(i.SystemInit) for SystemInit
    startup_stm32h743xx.o(.text) refers to entry.o(.ARM.Collect$$$$00000000) for __main
    tcpclient.o(i.TCP_Client_Init) refers to tcp.o(i.tcp_new) for tcp_new
    tcpclient.o(i.TCP_Client_Init) refers to printf5.o(i.__0printf$5) for __2printf
    tcpclient.o(i.TCP_Client_Init) refers to tcp.o(i.tcp_connect) for tcp_connect
    tcpclient.o(i.TCP_Client_Init) refers to tcp.o(i.tcp_err) for tcp_err
    tcpclient.o(i.TCP_Client_Init) refers to tcpclient.o(i.client_connected) for client_connected
    tcpclient.o(i.TCP_Client_Init) refers to tcpclient.o(i.client_err) for client_err
    tcpclient.o(i.client_connected) refers to printf5.o(i.__0printf$5) for __2printf
    tcpclient.o(i.client_connected) refers to tcp.o(i.tcp_poll) for tcp_poll
    tcpclient.o(i.client_connected) refers to tcp.o(i.tcp_recv) for tcp_recv
    tcpclient.o(i.client_connected) refers to tcpclient.o(i.client_send) for client_send
    tcpclient.o(i.client_connected) refers to tcpclient.o(i.client_recv) for client_recv
    tcpclient.o(i.client_err) refers to printf5.o(i.__0printf$5) for __2printf
    tcpclient.o(i.client_err) refers to tcpclient.o(i.TCP_Client_Init) for TCP_Client_Init
    tcpclient.o(i.client_recv) refers to tcp.o(i.tcp_recved) for tcp_recved
    tcpclient.o(i.client_recv) refers to tcp_out.o(i.tcp_write) for tcp_write
    tcpclient.o(i.client_recv) refers to memseta.o(.text) for __aeabi_memclr
    tcpclient.o(i.client_recv) refers to pbuf.o(i.pbuf_free) for pbuf_free
    tcpclient.o(i.client_recv) refers to printf5.o(i.__0printf$5) for __2printf
    tcpclient.o(i.client_recv) refers to tcp.o(i.tcp_close) for tcp_close
    tcpclient.o(i.client_recv) refers to tcpclient.o(i.TCP_Client_Init) for TCP_Client_Init
    tcpclient.o(i.client_send) refers to memcpya.o(.text) for __aeabi_memcpy4
    tcpclient.o(i.client_send) refers to tcp_out.o(i.tcp_write) for tcp_write
    tcpserver.o(i.TCP_Echo_Init) refers to tcp.o(i.tcp_new) for tcp_new
    tcpserver.o(i.TCP_Echo_Init) refers to printf5.o(i.__0printf$5) for __2printf
    tcpserver.o(i.TCP_Echo_Init) refers to tcp.o(i.tcp_bind) for tcp_bind
    tcpserver.o(i.TCP_Echo_Init) refers to tcp.o(i.tcp_listen_with_backlog) for tcp_listen_with_backlog
    tcpserver.o(i.TCP_Echo_Init) refers to tcp.o(i.tcp_accept) for tcp_accept
    tcpserver.o(i.TCP_Echo_Init) refers to ip4_addr.o(.constdata) for ip_addr_any
    tcpserver.o(i.TCP_Echo_Init) refers to tcpserver.o(i.tcpecho_accept) for tcpecho_accept
    tcpserver.o(i.tcpecho_accept) refers to tcp.o(i.tcp_recv) for tcp_recv
    tcpserver.o(i.tcpecho_accept) refers to tcpserver.o(i.tcpecho_recv) for tcpecho_recv
    tcpserver.o(i.tcpecho_recv) refers to tcp.o(i.tcp_recved) for tcp_recved
    tcpserver.o(i.tcpecho_recv) refers to memcpya.o(.text) for __aeabi_memcpy4
    tcpserver.o(i.tcpecho_recv) refers to tcp_out.o(i.tcp_write) for tcp_write
    tcpserver.o(i.tcpecho_recv) refers to memseta.o(.text) for __aeabi_memclr
    tcpserver.o(i.tcpecho_recv) refers to pbuf.o(i.pbuf_free) for pbuf_free
    tcpserver.o(i.tcpecho_recv) refers to tcp.o(i.tcp_close) for tcp_close
    tcp_echoserver.o(i.get_tcp_recv_data_flag) refers to tcp_echoserver.o(.bss) for .bss
    tcp_echoserver.o(i.get_tcp_recv_data_flag) refers to tcp_echoserver.o(.data) for .data
[...]
    HAL_ETH_Stop                             0x08002bed   Thumb Code    92  stm32h7xx_hal_eth.o(i.HAL_ETH_Stop)
    HAL_ETH_Transmit                         0x08002c49   Thumb Code   184  stm32h7xx_hal_eth.o(i.HAL_ETH_Transmit)
    HAL_ETH_TxCpltCallback                   0x08002d01   Thumb Code     2  stm32h7xx_hal_eth.o(i.HAL_ETH_TxCpltCallback)
    HAL_ETH_WakeUpCallback                   0x08002d03   Thumb Code     2  stm32h7xx_hal_eth.o(i.HAL_ETH_WakeUpCallback)
    HAL_ETH_WritePHYRegister                 0x08002d05   Thumb Code    94  stm32h7xx_hal_eth.o(i.HAL_ETH_WritePHYRegister)
    HAL_FLASHEx_Erase                        0x08002d69   Thumb Code   268  stm32h7xx_hal_flash_ex.o(i.HAL_FLASHEx_Erase)
    HAL_FLASH_Lock                           0x08002e7d   Thumb Code    44  stm32h7xx_hal_flash.o(i.HAL_FLASH_Lock)
    HAL_FLASH_Program                        0x08002ead   Thumb Code   172  stm32h7xx_hal_flash.o(i.HAL_FLASH_Program)
    HAL_FLASH_Unlock                         0x08002f61   Thumb Code    54  stm32h7xx_hal_flash.o(i.HAL_FLASH_Unlock)
    HAL_GPIO_Init                            0x08002fa5   Thumb Code   458  stm32h7xx_hal_gpio.o(i.HAL_GPIO_Init)
    HAL_GetREVID                             0x080031a1   Thumb Code     8  stm32h7xx_hal.o(i.HAL_GetREVID)
    HAL_GetTick                              0x080031ad   Thumb Code     6  stm32h7xx_hal.o(i.HAL_GetTick)
    HAL_IncTick                              0x080031b9   Thumb Code    12  stm32h7xx_hal.o(i.HAL_IncTick)
    HAL_Init                                 0x080031c9   Thumb Code    72  stm32h7xx_hal.o(i.HAL_Init)
    HAL_InitTick                             0x08003221   Thumb Code    56  stm32h7xx_hal.o(i.HAL_InitTick)
    HAL_MPU_ConfigRegion                     0x08003261   Thumb Code    86  stm32h7xx_hal_cortex.o(i.HAL_MPU_ConfigRegion)
    HAL_MPU_Disable                          0x080032bd   Thumb Code    24  stm32h7xx_hal_cortex.o(i.HAL_MPU_Disable)
    HAL_MPU_Enable                           0x080032d9   Thumb Code    30  stm32h7xx_hal_cortex.o(i.HAL_MPU_Enable)
    HAL_MspInit                              0x080032fd   Thumb Code    22  stm32h7xx_hal_msp.o(i.HAL_MspInit)
    HAL_NVIC_EnableIRQ                       0x08003319   Thumb Code    26  stm32h7xx_hal_cortex.o(i.HAL_NVIC_EnableIRQ)
    HAL_NVIC_SetPriority                     0x08003335   Thumb Code    60  stm32h7xx_hal_cortex.o(i.HAL_NVIC_SetPriority)
    HAL_NVIC_SetPriorityGrouping             0x08003375   Thumb Code    28  stm32h7xx_hal_cortex.o(i.HAL_NVIC_SetPriorityGrouping)
    HAL_PWREx_ConfigSupply                   0x08003399   Thumb Code    76  stm32h7xx_hal_pwr_ex.o(i.HAL_PWREx_ConfigSupply)
    HAL_RCCEx_GetD1SysClockFreq              0x080033e9   Thumb Code    30  stm32h7xx_hal_rcc_ex.o(i.HAL_RCCEx_GetD1SysClockFreq)
    HAL_RCCEx_GetD3PCLK1Freq                 0x08003415   Thumb Code    26  stm32h7xx_hal_rcc_ex.o(i.HAL_RCCEx_GetD3PCLK1Freq)
    HAL_RCCEx_GetPLL2ClockFreq               0x08003439   Thumb Code   296  stm32h7xx_hal_rcc_ex.o(i.HAL_RCCEx_GetPLL2ClockFreq)
    HAL_RCCEx_GetPLL3ClockFreq               0x0800357d   Thumb Code   296  stm32h7xx_hal_rcc_ex.o(i.HAL_RCCEx_GetPLL3ClockFreq)
    HAL_RCCEx_PeriphCLKConfig                0x080036c1   Thumb Code  2230  stm32h7xx_hal_rcc_ex.o(i.HAL_RCCEx_PeriphCLKConfig)
    HAL_RCC_ClockConfig                      0x08003f79   Thumb Code   560  stm32h7xx_hal_rcc.o(i.HAL_RCC_ClockConfig)
    HAL_RCC_GetHCLKFreq                      0x080041bd   Thumb Code    30  stm32h7xx_hal_rcc.o(i.HAL_RCC_GetHCLKFreq)
    HAL_RCC_GetPCLK1Freq                     0x080041e9   Thumb Code    26  stm32h7xx_hal_rcc.o(i.HAL_RCC_GetPCLK1Freq)
    HAL_RCC_GetPCLK2Freq                     0x0800420d   Thumb Code    26  stm32h7xx_hal_rcc.o(i.HAL_RCC_GetPCLK2Freq)
    HAL_RCC_GetSysClockFreq                  0x08004231   Thumb Code   278  stm32h7xx_hal_rcc.o(i.HAL_RCC_GetSysClockFreq)
    HAL_RCC_OscConfig                        0x08004369   Thumb Code  1206  stm32h7xx_hal_rcc.o(i.HAL_RCC_OscConfig)
    HAL_SYSCFG_ETHInterfaceSelect            0x08004821   Thumb Code    14  stm32h7xx_hal.o(i.HAL_SYSCFG_ETHInterfaceSelect)
    HAL_SYSTICK_Config                       0x08004835   Thumb Code    38  stm32h7xx_hal_cortex.o(i.HAL_SYSTICK_Config)
    HAL_TIMEx_ConfigBreakDeadTime            0x0800485d   Thumb Code   150  stm32h7xx_hal_tim_ex.o(i.HAL_TIMEx_ConfigBreakDeadTime)
    HAL_TIMEx_MasterConfigSynchronization    0x080048fd   Thumb Code    88  stm32h7xx_hal_tim_ex.o(i.HAL_TIMEx_MasterConfigSynchronization)
    HAL_TIM_Base_Init                        0x0800495d   Thumb Code    54  stm32h7xx_hal_tim.o(i.HAL_TIM_Base_Init)
    HAL_TIM_Base_MspInit                     0x08004995   Thumb Code    30  tim.o(i.HAL_TIM_Base_MspInit)
    HAL_TIM_ConfigClockSource                0x080049bd   Thumb Code   242  stm32h7xx_hal_tim.o(i.HAL_TIM_ConfigClockSource)
    HAL_TIM_MspPostInit                      0x08004ab5   Thumb Code    70  tim.o(i.HAL_TIM_MspPostInit)
    HAL_TIM_PWM_ConfigChannel                0x08004b09   Thumb Code   296  stm32h7xx_hal_tim.o(i.HAL_TIM_PWM_ConfigChannel)
    HAL_TIM_PWM_Init                         0x08004c31   Thumb Code    54  stm32h7xx_hal_tim.o(i.HAL_TIM_PWM_Init)
    HAL_TIM_PWM_MspInit                      0x08004c67   Thumb Code     2  stm32h7xx_hal_tim.o(i.HAL_TIM_PWM_MspInit)
    HAL_TIM_PWM_Start                        0x08004c69   Thumb Code    82  stm32h7xx_hal_tim.o(i.HAL_TIM_PWM_Start)
    HAL_UARTEx_EnableFifoMode                0x08004cd5   Thumb Code    72  stm32h7xx_hal_uart_ex.o(i.HAL_UARTEx_EnableFifoMode)
    HAL_UARTEx_SetRxFifoThreshold            0x08004d1d   Thumb Code    76  stm32h7xx_hal_uart_ex.o(i.HAL_UARTEx_SetRxFifoThreshold)
    HAL_UARTEx_SetTxFifoThreshold            0x08004d69   Thumb Code    76  stm32h7xx_hal_uart_ex.o(i.HAL_UARTEx_SetTxFifoThreshold)
    HAL_UART_Init                            0x08004db5   Thumb Code   106  stm32h7xx_hal_uart.o(i.HAL_UART_Init)
    HAL_UART_MspInit                         0x08004e21   Thumb Code    88  usart.o(i.HAL_UART_MspInit)
    HAL_UART_Transmit                        0x08004e85   Thumb Code   190  stm32h7xx_hal_uart.o(i.HAL_UART_Transmit)
    HardFault_Handler                        0x08004f43   Thumb Code     2  stm32h7xx_it.o(i.HardFault_Handler)
    LAN8742_GetLinkState                     0x08004f45   Thumb Code   148  lan8742.o(i.LAN8742_GetLinkState)
    LAN8742_Init                             0x08004fd9   Thumb Code   210  lan8742.o(i.LAN8742_Init)
    LAN8742_RegisterBusIO                    0x080050ab   Thumb Code    44  lan8742.o(i.LAN8742_RegisterBusIO)
    MX_DAC1_Init                             0x08005165   Thumb Code    84  dac.o(i.MX_DAC1_Init)
    MX_DMA_Init                              0x080051c1   Thumb Code    72  dma.o(i.MX_DMA_Init)
    MX_GPIO_Init                             0x0800520d   Thumb Code    86  gpio.o(i.MX_GPIO_Init)
    MX_LWIP_Init                             0x08005269   Thumb Code   230  lwip.o(i.MX_LWIP_Init)
    MX_LWIP_Process                          0x08005361   Thumb Code    16  lwip.o(i.MX_LWIP_Process)
    MX_TIM8_Init                             0x08005375   Thumb Code   230  tim.o(i.MX_TIM8_Init)
    MX_USART1_UART_Init                      0x08005465   Thumb Code    94  usart.o(i.MX_USART1_UART_Init)
    MemManage_Handler                        0x080054cd   Thumb Code     2  stm32h7xx_it.o(i.MemManage_Handler)
    NMI_Handler                              0x080054cf   Thumb Code     2  stm32h7xx_it.o(i.NMI_Handler)
    PendSV_Handler                           0x080054d1   Thumb Code     2  stm32h7xx_it.o(i.PendSV_Handler)
    STMFLASH_GetFlashSector                  0x08005739   Thumb Code    74  stmflash.o(i.STMFLASH_GetFlashSector)
    STMFLASH_Write                           0x080057a1   Thumb Code   212  stmflash.o(i.STMFLASH_Write)
    SVC_Handler                              0x08005881   Thumb Code     2  stm32h7xx_it.o(i.SVC_Handler)
    SysTick_Handler                          0x08005883   Thumb Code     4  stm32h7xx_it.o(i.SysTick_Handler)
    SystemClock_Config                       0x08005889   Thumb Code   162  main.o(i.SystemClock_Config)
    SystemInit                               0x08005935   Thumb Code   134  system_stm32h7xx.o(i.SystemInit)
    TIM_Base_SetConfig                       0x080059d1   Thumb Code   162  stm32h7xx_hal_tim.o(i.TIM_Base_SetConfig)
    TIM_CCxChannelCmd                        0x08005a95   Thumb Code    26  stm32h7xx_hal_tim.o(i.TIM_CCxChannelCmd)
    TIM_ETR_SetConfig                        0x08005aaf   Thumb Code    18  stm32h7xx_hal_tim.o(i.TIM_ETR_SetConfig)
    TIM_OC2_SetConfig                        0x08005b7d   Thumb Code   126  stm32h7xx_hal_tim.o(i.TIM_OC2_SetConfig)
    Track_Motor_Init                         0x08005e2d   Thumb Code    60  bsp_dac.o(i.Track_Motor_Init)
    UART_AdvFeatureConfig                    0x08005ed5   Thumb Code   200  stm32h7xx_hal_uart.o(i.UART_AdvFeatureConfig)
    UART_CheckIdleState                      0x08005f9d   Thumb Code    94  stm32h7xx_hal_uart.o(i.UART_CheckIdleState)
    UART_SetConfig                           0x08005ffd   Thumb Code  3084  stm32h7xx_hal_uart.o(i.UART_SetConfig)
    UART_WaitOnFlagUntilTimeout              0x08006c0d   Thumb Code   164  stm32h7xx_hal_uart.o(i.UART_WaitOnFlagUntilTimeout)
    UsageFault_Handler                       0x08006cb1   Thumb Code     2  stm32h7xx_it.o(i.UsageFault_Handler)
    __0printf$5                              0x08006cb5   Thumb Code    22  printf5.o(i.__0printf$5)
    __1printf$5                              0x08006cb5   Thumb Code     0  printf5.o(i.__0printf$5)
    __2printf                                0x08006cb5   Thumb Code     0  printf5.o(i.__0printf$5)
    __0sprintf$5                             0x08006cd5   Thumb Code    34  printf5.o(i.__0sprintf$5)
    __1sprintf$5                             0x08006cd5   Thumb Code     0  printf5.o(i.__0sprintf$5)
    __2sprintf                               0x08006cd5   Thumb Code     0  printf5.o(i.__0sprintf$5)
    __scatterload_copy                       0x08006d1f   Thumb Code    14  handlers.o(i.__scatterload_copy)
    __scatterload_null                       0x08006d2d   Thumb Code     2  handlers.o(i.__scatterload_null)
    __scatterload_zeroinit                   0x08006d2f   Thumb Code    14  handlers.o(i.__scatterload_zeroinit)
    etharp_cleanup_netif                     0x08007165   Thumb Code    42  etharp.o(i.etharp_cleanup_netif)
    etharp_input                             0x08007411   Thumb Code   148  etharp.o(i.etharp_input)
    etharp_output                            0x08007515   Thumb Code   272  etharp.o(i.etharp_output)
    etharp_query                             0x080077cd   Thumb Code   300  etharp.o(i.etharp_query)
    etharp_request                           0x08007b15   Thumb Code     6  etharp.o(i.etharp_request)
    etharp_tmr                               0x08007b41   Thumb Code    92  etharp.o(i.etharp_tmr)
    ethernet_input                           0x08007cbd   Thumb Code   154  ethernet.o(i.ethernet_input)
    ethernet_link_check_state                0x08007d5d   Thumb Code   136  ethernetif.o(i.ethernet_link_check_state)
    ethernet_output                          0x08007de9   Thumb Code    98  ethernet.o(i.ethernet_output)
    ethernetif_init                          0x08007ee1   Thumb Code    50  ethernetif.o(i.ethernetif_init)
    ethernetif_input                         0x08007f69   Thumb Code    34  ethernetif.o(i.ethernetif_input)
    fputc                                    0x08007f8d   Thumb Code    18  usart.o(i.fputc)
    get_tcp_recv_data_flag                   0x08007fa5   Thumb Code    12  tcp_echoserver.o(i.get_tcp_recv_data_flag)
    iap_load_app                             0x08007fb9   Thumb Code    68  iap.o(i.iap_load_app)
    icmp_dest_unreach                        0x08008055   Thumb Code     8  icmp.o(i.icmp_dest_unreach)
    icmp_input                               0x0800805d   Thumb Code   278  icmp.o(i.icmp_input)
    icmp_time_exceeded                       0x08008351   Thumb Code     8  icmp.o(i.icmp_time_exceeded)
    ip4_addr_isbroadcast_u32                 0x08008359   Thumb Code    46  ip4_addr.o(i.ip4_addr_isbroadcast_u32)
    ip4_frag                                 0x08008389   Thumb Code   390  ip4_frag.o(i.ip4_frag)
    ip4_input                                0x080085dd   Thumb Code   410  ip4.o(i.ip4_input)
    ip4_output_if                            0x08008781   Thumb Code    30  ip4.o(i.ip4_output_if)
    ip4_output_if_src                        0x080087a1   Thumb Code   206  ip4.o(i.ip4_output_if_src)
    ip4_reass                                0x08008911   Thumb Code   432  ip4_frag.o(i.ip4_reass)
    ip4_route                                0x08008ac5   Thumb Code    82  ip4.o(i.ip4_route)
    ip_reass_tmr                             0x080090dd   Thumb Code    40  ip4_frag.o(i.ip_reass_tmr)
    lwip_htonl                               0x0800937d   Thumb Code     4  def.o(i.lwip_htonl)
    lwip_htons                               0x08009381   Thumb Code     4  def.o(i.lwip_htons)
    lwip_init                                0x08009385   Thumb Code    30  init.o(i.lwip_init)
    main                                     0x080093a5   Thumb Code   482  main.o(i.main)
    mem_free                                 0x08009615   Thumb Code   110  mem.o(i.mem_free)
    mem_init                                 0x08009731   Thumb Code    42  mem.o(i.mem_init)
    mem_malloc                               0x08009765   Thumb Code   256  mem.o(i.mem_malloc)
    mem_trim                                 0x08009961   Thumb Code   246  mem.o(i.mem_trim)
    memp_free                                0x08009aed   Thumb Code    34  memp.o(i.memp_free)
    memp_free_pool                           0x08009b89   Thumb Code    26  memp.o(i.memp_free_pool)
    memp_init                                0x08009c11   Thumb Code    26  memp.o(i.memp_init)
    memp_init_pool                           0x08009c31   Thumb Code    42  memp.o(i.memp_init_pool)
    memp_malloc                              0x08009c5d   Thumb Code    38  memp.o(i.memp_malloc)
    memp_malloc_pool                         0x08009d01   Thumb Code    30  memp.o(i.memp_malloc_pool)
    netif_add                                0x08009d8d   Thumb Code   106  netif.o(i.netif_add)
    netif_init                               0x08009e71   Thumb Code     2  netif.o(i.netif_init)
    netif_set_addr                           0x08009e8d   Thumb Code    72  netif.o(i.netif_set_addr)
    netif_set_default                        0x08009ed5   Thumb Code     6  netif.o(i.netif_set_default)
    netif_set_down                           0x08009ee1   Thumb Code    26  netif.o(i.netif_set_down)
    netif_set_gw                             0x08009efb   Thumb Code     8  netif.o(i.netif_set_gw)
    netif_set_ipaddr                         0x08009f05   Thumb Code    60  netif.o(i.netif_set_ipaddr)
    netif_set_link_down                      0x08009f45   Thumb Code    18  netif.o(i.netif_set_link_down)
    netif_set_link_up                        0x08009f57   Thumb Code    28  netif.o(i.netif_set_link_up)
    netif_set_netmask                        0x08009f73   Thumb Code     8  netif.o(i.netif_set_netmask)
    netif_set_up                             0x08009f7b   Thumb Code    28  netif.o(i.netif_set_up)
    pbuf_alloc                               0x08009f99   Thumb Code   478  pbuf.o(i.pbuf_alloc)
    pbuf_alloced_custom                      0x0800a315   Thumb Code    98  pbuf.o(i.pbuf_alloced_custom)
    pbuf_cat                                 0x0800a3f5   Thumb Code    96  pbuf.o(i.pbuf_cat)
    pbuf_chain                               0x0800a525   Thumb Code    18  pbuf.o(i.pbuf_chain)
    pbuf_clen                                0x0800a537   Thumb Code    18  pbuf.o(i.pbuf_clen)
    pbuf_copy                                0x0800a549   Thumb Code   242  pbuf.o(i.pbuf_copy)
    pbuf_copy_partial                        0x0800a735   Thumb Code   126  pbuf.o(i.pbuf_copy_partial)
    pbuf_free                                0x0800a851   Thumb Code   174  pbuf.o(i.pbuf_free)
    pbuf_free_custom                         0x0800a9b9   Thumb Code    24  ethernetif.o(i.pbuf_free_custom)
    pbuf_free_ooseq                          0x0800a9d5   Thumb Code    34  pbuf.o(i.pbuf_free_ooseq)
    pbuf_header                              0x0800aa01   Thumb Code     6  pbuf.o(i.pbuf_header)
    pbuf_header_force                        0x0800aa07   Thumb Code     6  pbuf.o(i.pbuf_header_force)
    pbuf_realloc                             0x0800ab31   Thumb Code   196  pbuf.o(i.pbuf_realloc)
    pbuf_ref                                 0x0800acc9   Thumb Code    32  pbuf.o(i.pbuf_ref)
    pbuf_take                                0x0800ad55   Thumb Code   162  pbuf.o(i.pbuf_take)
    process_tftp_request                     0x0800b051   Thumb Code   156  tftpserver.o(i.process_tftp_request)
    pwm_init                                 0x0800b179   Thumb Code    44  bsp_pwm.o(i.pwm_init)
    rrq_recv_callback                        0x0800b1a9   Thumb Code    86  tftpserver.o(i.rrq_recv_callback)
    server_recv_callback                     0x0800b1ff   Thumb Code    24  tftpserver.o(i.server_recv_callback)
    sys_check_timeouts                       0x0800b219   Thumb Code    80  timeouts.o(i.sys_check_timeouts)
    sys_now                                  0x0800b271   Thumb Code     4  ethernetif.o(i.sys_now)
    sys_timeout                              0x0800b275   Thumb Code   156  timeouts.o(i.sys_timeout)
    sys_timeouts_init                        0x0800b3b1   Thumb Code    38  timeouts.o(i.sys_timeouts_init)
    tcp_abandon                              0x0800b3e5   Thumb Code   230  tcp.o(i.tcp_abandon)
    tcp_abort                                0x0800b55d   Thumb Code     6  tcp.o(i.tcp_abort)
    tcp_accept                               0x0800b563   Thumb Code    14  tcp.o(i.tcp_accept)
    tcp_alloc                                0x0800b581   Thumb Code   248  tcp.o(i.tcp_alloc)
    tcp_arg                                  0x0800b685   Thumb Code     8  tcp.o(i.tcp_arg)
    tcp_bind                                 0x0800b68d   Thumb Code   152  tcp.o(i.tcp_bind)
    tcp_close                                0x0800b7b1   Thumb Code    20  tcp.o(i.tcp_close)
    tcp_echoserver_init                      0x0800bbf9   Thumb Code    50  tcp_echoserver.o(i.tcp_echoserver_init)
    tcp_eff_send_mss_impl                    0x0800bddd   Thumb Code    34  tcp.o(i.tcp_eff_send_mss_impl)
    tcp_enqueue_flags                        0x0800be01   Thumb Code   262  tcp_out.o(i.tcp_enqueue_flags)
    tcp_err                                  0x0800c011   Thumb Code    34  tcp.o(i.tcp_err)
    tcp_fasttmr                              0x0800c0b5   Thumb Code   102  tcp.o(i.tcp_fasttmr)
    tcp_init                                 0x0800c151   Thumb Code     2  tcp.o(i.tcp_init)
    tcp_input                                0x0800c155   Thumb Code  1496  tcp_in.o(i.tcp_input)
    tcp_keepalive                            0x0800c76d   Thumb Code    82  tcp_out.o(i.tcp_keepalive)
    tcp_listen_with_backlog                  0x0800ca3d   Thumb Code     6  tcp.o(i.tcp_listen_with_backlog)
    tcp_listen_with_backlog_and_err          0x0800ca45   Thumb Code   158  tcp.o(i.tcp_listen_with_backlog_and_err)
    tcp_netif_ip_addr_changed                0x0800cb69   Thumb Code    72  tcp.o(i.tcp_netif_ip_addr_changed)
    tcp_new                                  0x0800cbd7   Thumb Code     6  tcp.o(i.tcp_new)
    tcp_next_iss                             0x0800cc39   Thumb Code    12  tcp.o(i.tcp_next_iss)
    tcp_output                               0x0800ccc5   Thumb Code   562  tcp_out.o(i.tcp_output)
    tcp_pcb_purge                            0x0800d2a5   Thumb Code    66  tcp.o(i.tcp_pcb_purge)
    tcp_pcb_remove                           0x0800d2e9   Thumb Code   140  tcp.o(i.tcp_pcb_remove)
    tcp_poll                                 0x0800d419   Thumb Code    36  tcp.o(i.tcp_poll)
    tcp_process_refused_data                 0x0800d93d   Thumb Code   108  tcp.o(i.tcp_process_refused_data)
    tcp_recv                                 0x0800e3dd   Thumb Code    34  tcp.o(i.tcp_recv)
    tcp_recv_null                            0x0800e481   Thumb Code    36  tcp.o(i.tcp_recv_null)
    tcp_recved                               0x0800e4a5   Thumb Code   106  tcp.o(i.tcp_recved)
    tcp_rexmit                               0x0800e5b5   Thumb Code    86  tcp_out.o(i.tcp_rexmit)
    tcp_rexmit_fast                          0x0800e60b   Thumb Code    88  tcp_out.o(i.tcp_rexmit_fast)
    tcp_rexmit_rto                           0x0800e663   Thumb Code    48  tcp_out.o(i.tcp_rexmit_rto)
    tcp_rst                                  0x0800e695   Thumb Code   148  tcp_out.o(i.tcp_rst)
    tcp_seg_copy                             0x0800e7b5   Thumb Code    40  tcp.o(i.tcp_seg_copy)
    tcp_seg_free                             0x0800e7dd   Thumb Code    28  tcp.o(i.tcp_seg_free)
    tcp_segs_free                            0x0800e7f9   Thumb Code    18  tcp.o(i.tcp_segs_free)
    tcp_send_empty_ack                       0x0800e80b   Thumb Code   114  tcp_out.o(i.tcp_send_empty_ack)
    tcp_send_fin                             0x0800e87d   Thumb Code    68  tcp_out.o(i.tcp_send_fin)
    tcp_sent                                 0x0800e8c1   Thumb Code    32  tcp.o(i.tcp_sent)
    tcp_server_usersent                      0x0800e961   Thumb Code    68  tcp_echoserver.o(i.tcp_server_usersent)
    tcp_setprio                              0x0800e9a9   Thumb Code     4  tcp.o(i.tcp_setprio)
    tcp_slowtmr                              0x0800e9ad   Thumb Code   786  tcp.o(i.tcp_slowtmr)
    tcp_timer_needed                         0x0800ee89   Thumb Code    36  timeouts.o(i.tcp_timer_needed)
    tcp_tmr                                  0x0800ef25   Thumb Code    28  tcp.o(i.tcp_tmr)
    tcp_trigger_input_pcb_close              0x0800ef45   Thumb Code    12  tcp_in.o(i.tcp_trigger_input_pcb_close)
    tcp_update_rcv_ann_wnd                   0x0800ef55   Thumb Code    76  tcp.o(i.tcp_update_rcv_ann_wnd)
    tcp_write                                0x0800f015   Thumb Code  1680  tcp_out.o(i.tcp_write)
    tcp_zero_window_probe                    0x0800f7e5   Thumb Code   174  tcp_out.o(i.tcp_zero_window_probe)
    tftp_cleanup_rd                          0x0800f8cd   Thumb Code    38  tftpserver.o(i.tftp_cleanup_rd)
    tftp_cleanup_wr                          0x0800f8fd   Thumb Code    38  tftpserver.o(i.tftp_cleanup_wr)
    tftp_construct_error_message             0x0800f92d   Thumb Code    44  tftpserver.o(i.tftp_construct_error_message)
    tftp_decode_op                           0x0800f95d   Thumb Code     4  tftputils.o(i.tftp_decode_op)
    tftp_extract_block                       0x0800f961   Thumb Code     6  tftputils.o(i.tftp_extract_block)
    tftp_extract_filename                    0x0800f967   Thumb Code     6  tftputils.o(i.tftp_extract_filename)
    tftp_is_correct_ack                      0x0800f96d   Thumb Code    26  tftputils.o(i.tftp_is_correct_ack)
    tftp_process_read                        0x0800f989   Thumb Code   100  tftpserver.o(i.tftp_process_read)
    tftp_process_write                       0x0800f9f1   Thumb Code   102  tftpserver.o(i.tftp_process_write)
    tftp_send_ack_packet                     0x0800fa61   Thumb Code    48  tftpserver.o(i.tftp_send_ack_packet)
    tftp_send_data_packet                    0x0800fa91   Thumb Code    52  tftpserver.o(i.tftp_send_data_packet)
    tftp_send_error_message                  0x0800fac5   Thumb Code    40  tftpserver.o(i.tftp_send_error_message)
    tftp_send_message                        0x0800faed   Thumb Code    70  tftpserver.o(i.tftp_send_message)
    tftp_send_next_block                     0x0800fb35   Thumb Code   116  tftpserver.o(i.tftp_send_next_block)
    tftp_server_init                         0x0800fba9   Thumb Code    42  tftpserver.o(i.tftp_server_init)
    tftp_set_block                           0x0800fbe1   Thumb Code    14  tftputils.o(i.tftp_set_block)
    tftp_set_errorcode                       0x0800fbef   Thumb Code     8  tftputils.o(i.tftp_set_errorcode)
    tftp_set_errormsg                        0x0800fbf7   Thumb Code     6  tftputils.o(i.tftp_set_errormsg)
    tftp_set_opcode                          0x0800fbfd   Thumb Code     8  tftputils.o(i.tftp_set_opcode)
    udp_bind                                 0x0800fc05   Thumb Code   174  udp.o(i.udp_bind)
    udp_connect                              0x0800fcbd   Thumb Code    76  udp.o(i.udp_connect)
    udp_disconnect                           0x0800fd0d   Thumb Code    16  udp.o(i.udp_disconnect)
    udp_init                                 0x0800fd1d   Thumb Code     2  udp.o(i.udp_init)
    udp_input                                0x0800fd21   Thumb Code   294  udp.o(i.udp_input)
    udp_netif_ip_addr_changed                0x0800febd   Thumb Code    48  udp.o(i.udp_netif_ip_addr_changed)
    udp_new                                  0x0800fef1   Thumb Code    26  udp.o(i.udp_new)
    udp_recv                                 0x0800ff0b   Thumb Code     6  udp.o(i.udp_recv)
    udp_remove                               0x0800ff11   Thumb Code    42  udp.o(i.udp_remove)
    udp_sendto                               0x0800ff41   Thumb Code    50  udp.o(i.udp_sendto)
    udp_sendto_if                            0x0800ff73   Thumb Code    54  udp.o(i.udp_sendto_if)
    udp_sendto_if_src                        0x0800ffa9   Thumb Code   186  udp.o(i.udp_sendto_if_src)
    wrq_recv_callback                        0x080100ed   Thumb Code   266  tftpserver.o(i.wrq_recv_callback)
    memp_RX_POOL                             0x08010228   Data          12  ethernetif.o(.constdata)
    D1CorePrescTable                         0x0801023c   Data          16  system_stm32h7xx.o(.constdata)
    ethbroadcast                             0x0801024c   Data           6  ethernet.o(.constdata)
    ethzero                                  0x08010252   Data           6  ethernet.o(.constdata)
    memp_UDP_PCB                             0x08010258   Data          12  memp.o(.constdata)
    memp_TCP_PCB                             0x08010264   Data          12  memp.o(.constdata)
    memp_TCP_PCB_LISTEN                      0x08010270   Data          12  memp.o(.constdata)
    memp_TCP_SEG                             0x0801027c   Data          12  memp.o(.constdata)
    memp_REASSDATA                           0x08010288   Data          12  memp.o(.constdata)
    memp_FRAG_PBUF                           0x08010294   Data          12  memp.o(.constdata)
    memp_SYS_TIMEOUT                         0x080102a0   Data          12  memp.o(.constdata)
    memp_PBUF                                0x080102ac   Data          12  memp.o(.constdata)
    memp_PBUF_POOL                           0x080102b8   Data          12  memp.o(.constdata)
    memp_pools                               0x080102c4   Data          36  memp.o(.constdata)
    tcp_pcb_lists                            0x0801032c   Data          16  tcp.o(.constdata)
    lwip_cyclic_timers                       0x0801033c   Data          24  timeouts.o(.constdata)
    ip_addr_any                              0x08010354   Data           4  ip4_addr.o(.constdata)
    Region$$Table$$Base                      0x080104f4   Number         0  anon$$obj.o(Region$$Table)
    Region$$Table$$Limit                     0x08010514   Number         0  anon$$obj.o(Region$$Table)
    tcp_server_flag                          0x24000000   Data           1  tcp_echoserver.o(.data)
    upload_flag                              0x2400000c   Data           1  tftpserver.o(.data)
    FLASH_APP1_ADDR                          0x24000010   Data           4  tftpserver.o(.data)
    tftp_server_pcb                          0x24000018   Data           4  tftpserver.o(.data)
    tftp_errorcode_string                    0x2400001c   Data          32  tftpserver.o(.data)
    jump2app                                 0x2400003c   Data           4  iap.o(.data)
    Motor_L                                  0x24000040   Data           4  bsp_dac.o(.data)
    Motor_R                                  0x24000044   Data           4  bsp_dac.o(.data)
    JUMP_FLASH_APP1_ADDR                     0x24000048   Data           4  main.o(.data)
    ipaddr                                   0x2400004c   Data           4  lwip.o(.data)
    netmask                                  0x24000050   Data           4  lwip.o(.data)
    gw                                       0x24000054   Data           4  lwip.o(.data)
    IP_ADDRESS                               0x24000058   Data           4  lwip.o(.data)
    NETMASK_ADDRESS                          0x2400005c   Data           4  lwip.o(.data)
    GATEWAY_ADDRESS                          0x24000060   Data           4  lwip.o(.data)
    LAN8742_IOCtx                            0x24000064   Data          20  ethernetif.o(.data)
    uwTickFreq                               0x2400007c   Data           1  stm32h7xx_hal.o(.data)
    uwTickPrio                               0x24000080   Data           4  stm32h7xx_hal.o(.data)
    uwTick                                   0x24000084   Data           4  stm32h7xx_hal.o(.data)
    SystemCoreClock                          0x24000088   Data           4  system_stm32h7xx.o(.data)
    SystemD2Clock                            0x2400008c   Data           4  system_stm32h7xx.o(.data)
    netif_list                               0x240000c4   Data           4  netif.o(.data)
    netif_default                            0x240000c8   Data           4  netif.o(.data)
    pbuf_free_ooseq_pending                  0x240000cc   Data           1  pbuf.o(.data)
    tcp_active_pcbs_changed                  0x240000d0   Data           1  tcp.o(.data)
    tcp_ticks                                0x240000dc   Data           4  tcp.o(.data)
    tcp_bound_pcbs                           0x240000e0   Data           4  tcp.o(.data)
    tcp_listen_pcbs                          0x240000e4   Data           4  tcp.o(.data)
    tcp_active_pcbs                          0x240000e8   Data           4  tcp.o(.data)
    tcp_tw_pcbs                              0x240000ec   Data           4  tcp.o(.data)
    tcp_input_pcb                            0x24000110   Data           4  tcp_in.o(.data)
    udp_pcbs                                 0x24000124   Data           4  udp.o(.data)
    __stdout                                 0x24000134   Data           4  stdout.o(.data)
    tcp_server_recvbuf                       0x24000138   Data         200  tcp_echoserver.o(.bss)
    hdac1                                    0x24000200   Data          20  dac.o(.bss)
    hdma_dac1_ch1                            0x24000214   Data         120  dac.o(.bss)
    hdma_dac1_ch2                            0x2400028c   Data         120  dac.o(.bss)
    gnetif                                   0x24000304   Data          48  lwip.o(.bss)
    heth                                     0x24000334   Data         112  ethernetif.o(.bss)
    TxConfig                                 0x240003a4   Data          52  ethernetif.o(.bss)
    LAN8742                                  0x240003d8   Data          32  ethernetif.o(.bss)
    memp_memory_RX_POOL_base                 0x240003f8   Data         203  ethernetif.o(.bss)
    htim8                                    0x240004c4   Data          64  tim.o(.bss)
    huart1                                   0x24000504   Data         140  usart.o(.bss)
    pFlash                                   0x24000590   Data          28  stm32h7xx_hal_flash.o(.bss)
    ip_data                                  0x240005ac   Data          24  ip.o(.bss)
    ram_heap                                 0x240005c4   Data        1619  mem.o(.bss)
    memp_memory_UDP_PCB_base                 0x24000c17   Data         131  memp.o(.bss)
    memp_memory_TCP_PCB_base                 0x24000c9a   Data         763  memp.o(.bss)
    memp_memory_TCP_PCB_LISTEN_base          0x24000f95   Data         227  memp.o(.bss)
    memp_memory_TCP_SEG_base                 0x24001078   Data         259  memp.o(.bss)
    memp_memory_REASSDATA_base               0x2400117b   Data         163  memp.o(.bss)
    memp_memory_FRAG_PBUF_base               0x2400121e   Data         363  memp.o(.bss)
    memp_memory_SYS_TIMEOUT_base             0x24001389   Data          51  memp.o(.bss)
    memp_memory_PBUF_base                    0x240013bc   Data         259  memp.o(.bss)
    memp_memory_PBUF_POOL_base               0x240014bf   Data        9731  memp.o(.bss)
    __initial_sp                             0x24005bc8   Data           0  startup_stm32h743xx.o(STACK)
    DMARxDscrTab                             0x30040000   Data          96  ethernetif.o(.ARM.__AT_0x30040000)
    DMATxDscrTab                             0x30040060   Data          96  ethernetif.o(.ARM.__AT_0x30040060)
    Rx_Buff                                  0x30040200   Data        6144  ethernetif.o(.ARM.__AT_0x30040200)



==============================================================================

Memory Map of the image

  Image Entry point : 0x08000299

  Load Region LR_IROM1 (Base: 0x08000000, Size: 0x0001064c, Max: 0x00020000, ABSOLUTE, COMPRESSED[0x00010560])

    Execution Region ER_IROM1 (Exec base: 0x08000000, Load base: 0x08000000, Size: 0x00010514, Max: 0x00020000, ABSOLUTE)

    Exec Addr    Load Addr    Size         Type   Attr      Idx    E Section Name        Object

    0x08000000   0x08000000   0x00000298   Data   RO            3    RESET               startup_stm32h743xx.o
    0x08000298   0x08000298   0x00000000   Code   RO         9139  * .ARM.Collect$$$$00000000  mc_w.l(entry.o)
    0x08000298   0x08000298   0x00000004   Code   RO         9419    .ARM.Collect$$$$00000001  mc_w.l(entry2.o)
    0x0800029c   0x0800029c   0x00000004   Code   RO         9422    .ARM.Collect$$$$00000004  mc_w.l(entry5.o)
    0x080002a0   0x080002a0   0x00000000   Code   RO         9424    .ARM.Collect$$$$00000008  mc_w.l(entry7b.o)
    0x080002a0   0x080002a0   0x00000000   Code   RO         9426    .ARM.Collect$$$$0000000A  mc_w.l(entry8b.o)
    0x080002a0   0x080002a0   0x00000008   Code   RO         9427    .ARM.Collect$$$$0000000B  mc_w.l(entry9a.o)
    0x080002a8   0x080002a8   0x00000000   Code   RO         9429    .ARM.Collect$$$$0000000D  mc_w.l(entry10a.o)
    0x080002a8   0x080002a8   0x00000000   Code   RO         9431    .ARM.Collect$$$$0000000F  mc_w.l(entry11a.o)
    0x080002a8   0x080002a8   0x00000004   Code   RO         9420    .ARM.Collect$$$$00002712  mc_w.l(entry2.o)
    0x080002ac   0x080002ac   0x00000010   Code   RO          761    .emb_text           system.o
    0x080002bc   0x080002bc   0x00000024   Code   RO            4    .text               startup_stm32h743xx.o
    0x080002e0   0x080002e0   0x00000062   Code   RO         9142    .text               mc_w.l(uldiv.o)
    0x08000342   0x08000342   0x00000024   Code   RO         9144    .text               mc_w.l(memcpya.o)
    0x08000366   0x08000366   0x00000024   Code   RO         9146    .text               mc_w.l(memseta.o)
    0x0800038a   0x0800038a   0x0000000e   Code   RO         9148    .text               mc_w.l(strlen.o)
    0x08000398   0x08000398   0x0000001a   Code   RO         9150    .text               mc_w.l(memcmp.o)
    0x080003b2   0x080003b2   0x00000012   Code   RO         9152    .text               mc_w.l(strcpy.o)
    0x080003c4   0x080003c4   0x0000001e   Code   RO         9436    .text               mc_w.l(llshl.o)
    0x080003e2   0x080003e2   0x00000020   Code   RO         9438    .text               mc_w.l(llushr.o)
    0x08000402   0x08000402   0x00000002   PAD
    0x08000404   0x08000404   0x00000024   Code   RO         9451    .text               mc_w.l(init.o)
    0x08000428   0x08000428   0x00000056   Code   RO         9465    .text               mc_w.l(__dczerorl2.o)
    0x0800047e   0x0800047e   0x00000002   Code   RO         1385    i.BusFault_Handler  stm32h7xx_it.o
    0x08000480   0x08000480   0x00000010   Code   RO         2174    i.DAC_DMAConvCpltCh1  stm32h7xx_hal_dac.o
    0x08000490   0x08000490   0x00000010   Code   RO         2315    i.DAC_DMAConvCpltCh2  stm32h7xx_hal_dac_ex.o
    0x080004a0   0x080004a0   0x00000018   Code   RO         2175    i.DAC_DMAErrorCh1   stm32h7xx_hal_dac.o
    0x080004b8   0x080004b8   0x00000018   Code   RO         2316    i.DAC_DMAErrorCh2   stm32h7xx_hal_dac_ex.o
    0x080004d0   0x080004d0   0x0000000a   Code   RO         2176    i.DAC_DMAHalfConvCpltCh1  stm32h7xx_hal_dac.o
    0x080004da   0x080004da   0x0000000a   Code   RO         2317    i.DAC_DMAHalfConvCpltCh2  stm32h7xx_hal_dac_ex.o
    0x080004e4   0x080004e4   0x0000000c   Code   RO         1386    i.DMA1_Stream2_IRQHandler  stm32h7xx_it.o
    0x080004f0   0x080004f0   0x0000000c   Code   RO         1387    i.DMA2_Stream0_IRQHandler  stm32h7xx_it.o
    0x080004fc   0x080004fc   0x000000b4   Code   RO         4504    i.DMA_CalcBaseAndBitshift  stm32h7xx_hal_dma.o
    0x080005b0   0x080005b0   0x0000009c   Code   RO         4505    i.DMA_CalcDMAMUXChannelBaseAndMask  stm32h7xx_hal_dma.o
    0x0800064c   0x0800064c   0x00000074   Code   RO         4506    i.DMA_CalcDMAMUXRequestGenBaseAndMask  stm32h7xx_hal_dma.o
    0x080006c0   0x080006c0   0x00000054   Code   RO         4507    i.DMA_CheckFifoParam  stm32h7xx_hal_dma.o
    0x08000714   0x08000714   0x00000124   Code   RO         4508    i.DMA_SetConfig     stm32h7xx_hal_dma.o
    0x08000838   0x08000838   0x00000002   Code   RO         1388    i.DebugMon_Handler  stm32h7xx_it.o
    0x0800083a   0x0800083a   0x00000002   PAD
    0x0800083c   0x0800083c   0x0000000c   Code   RO         1389    i.ETH_IRQHandler    stm32h7xx_it.o
    0x08000848   0x08000848   0x000000d8   Code   RO         1593    i.ETH_MACDMAConfig  stm32h7xx_hal_eth.o
    0x08000920   0x08000920   0x00000004   Code   RO         1149    i.ETH_PHY_IO_DeInit  ethernetif.o
    0x08000924   0x08000924   0x00000004   Code   RO         1150    i.ETH_PHY_IO_GetTick  ethernetif.o
    0x08000928   0x08000928   0x00000010   Code   RO         1151    i.ETH_PHY_IO_Init   ethernetif.o
    0x08000938   0x08000938   0x0000001c   Code   RO         1152    i.ETH_PHY_IO_ReadReg  ethernetif.o
    0x08000954   0x08000954   0x0000001c   Code   RO         1153    i.ETH_PHY_IO_WriteReg  ethernetif.o
    0x08000970   0x08000970   0x00000300   Code   RO         1594    i.ETH_Prepare_Tx_Descriptors  stm32h7xx_hal_eth.o
    0x08000c70   0x08000c70   0x000000b4   Code   RO         1595    i.ETH_SetDMAConfig  stm32h7xx_hal_eth.o
    0x08000d24   0x08000d24   0x000001a8   Code   RO         1596    i.ETH_SetMACConfig  stm32h7xx_hal_eth.o
    0x08000ecc   0x08000ecc   0x00000002   Code   RO          887    i.Error_Handler     main.o
    0x08000ece   0x08000ece   0x00000002   PAD
    0x08000ed0   0x08000ed0   0x00000054   Code   RO         4258    i.FLASH_Erase_Sector  stm32h7xx_hal_flash_ex.o
    0x08000f24   0x08000f24   0x00000080   Code   RO         4259    i.FLASH_MassErase   stm32h7xx_hal_flash_ex.o
    0x08000fa4   0x08000fa4   0x000000d0   Code   RO         4150    i.FLASH_WaitForLastOperation  stm32h7xx_hal_flash.o
    0x08001074   0x08001074   0x00000002   Code   RO         2318    i.HAL_DACEx_ConvCpltCallbackCh2  stm32h7xx_hal_dac_ex.o
    0x08001076   0x08001076   0x00000002   Code   RO         2319    i.HAL_DACEx_ConvHalfCpltCallbackCh2  stm32h7xx_hal_dac_ex.o
    0x08001078   0x08001078   0x00000002   Code   RO         2323    i.HAL_DACEx_ErrorCallbackCh2  stm32h7xx_hal_dac_ex.o
    0x0800107a   0x0800107a   0x00000002   PAD
    0x0800107c   0x0800107c   0x00000130   Code   RO         2177    i.HAL_DAC_ConfigChannel  stm32h7xx_hal_dac.o
    0x080011ac   0x080011ac   0x00000002   Code   RO         2178    i.HAL_DAC_ConvCpltCallbackCh1  stm32h7xx_hal_dac.o
    0x080011ae   0x080011ae   0x00000002   Code   RO         2179    i.HAL_DAC_ConvHalfCpltCallbackCh1  stm32h7xx_hal_dac.o
    0x080011b0   0x080011b0   0x00000002   Code   RO         2182    i.HAL_DAC_ErrorCallbackCh1  stm32h7xx_hal_dac.o
    0x080011b2   0x080011b2   0x00000028   Code   RO         2187    i.HAL_DAC_Init      stm32h7xx_hal_dac.o
    0x080011da   0x080011da   0x00000002   PAD
    0x080011dc   0x080011dc   0x000000d4   Code   RO          996    i.HAL_DAC_MspInit   dac.o
    0x080012b0   0x080012b0   0x0000001c   Code   RO         2190    i.HAL_DAC_SetValue  stm32h7xx_hal_dac.o
    0x080012cc   0x080012cc   0x00000110   Code   RO         2192    i.HAL_DAC_Start_DMA  stm32h7xx_hal_dac.o
    0x080013dc   0x080013dc   0x0000005a   Code   RO         2194    i.HAL_DAC_Stop_DMA  stm32h7xx_hal_dac.o
    0x08001436   0x08001436   0x00000002   PAD
    0x08001438   0x08001438   0x00000220   Code   RO         4509    i.HAL_DMA_Abort     stm32h7xx_hal_dma.o
    0x08001658   0x08001658   0x000006f0   Code   RO         4514    i.HAL_DMA_IRQHandler  stm32h7xx_hal_dma.o
    0x08001d48   0x08001d48   0x000002d4   Code   RO         4515    i.HAL_DMA_Init      stm32h7xx_hal_dma.o
    0x0800201c   0x0800201c   0x000001f8   Code   RO         4519    i.HAL_DMA_Start_IT  stm32h7xx_hal_dma.o
    0x08002214   0x08002214   0x00000024   Code   RO         5218    i.HAL_Delay         stm32h7xx_hal.o
    0x08002238   0x08002238   0x00000078   Code   RO         1597    i.HAL_ETH_BuildRxDescriptors  stm32h7xx_hal_eth.o
    0x080022b0   0x080022b0   0x00000002   Code   RO         1598    i.HAL_ETH_DMAErrorCallback  stm32h7xx_hal_eth.o
    0x080022b2   0x080022b2   0x0000003c   Code   RO         1600    i.HAL_ETH_DescAssignMemory  stm32h7xx_hal_eth.o
    0x080022ee   0x080022ee   0x00000002   Code   RO         1601    i.HAL_ETH_EEECallback  stm32h7xx_hal_eth.o
    0x080022f0   0x080022f0   0x000001cc   Code   RO         1607    i.HAL_ETH_GetMACConfig  stm32h7xx_hal_eth.o
    0x080024bc   0x080024bc   0x0000009a   Code   RO         1611    i.HAL_ETH_GetRxDataBuffer  stm32h7xx_hal_eth.o
    0x08002556   0x08002556   0x00000034   Code   RO         1613    i.HAL_ETH_GetRxDataLength  stm32h7xx_hal_eth.o
    0x0800258a   0x0800258a   0x00000128   Code   RO         1615    i.HAL_ETH_IRQHandler  stm32h7xx_hal_eth.o
    0x080026b2   0x080026b2   0x00000002   PAD
    0x080026b4   0x080026b4   0x00000204   Code   RO         1616    i.HAL_ETH_Init      stm32h7xx_hal_eth.o
    0x080028b8   0x080028b8   0x000000ce   Code   RO         1617    i.HAL_ETH_IsRxDataAvailable  stm32h7xx_hal_eth.o
    0x08002986   0x08002986   0x00000002   Code   RO         1618    i.HAL_ETH_MACErrorCallback  stm32h7xx_hal_eth.o
    0x08002988   0x08002988   0x000000f8   Code   RO         1155    i.HAL_ETH_MspInit   ethernetif.o
    0x08002a80   0x08002a80   0x00000002   Code   RO         1621    i.HAL_ETH_PMTCallback  stm32h7xx_hal_eth.o
    0x08002a82   0x08002a82   0x00000002   PAD
    0x08002a84   0x08002a84   0x00000064   Code   RO         1622    i.HAL_ETH_ReadPHYRegister  stm32h7xx_hal_eth.o
    0x08002ae8   0x08002ae8   0x00000002   Code   RO         1623    i.HAL_ETH_RxCpltCallback  stm32h7xx_hal_eth.o
    0x08002aea   0x08002aea   0x00000016   Code   RO         1626    i.HAL_ETH_SetMACConfig  stm32h7xx_hal_eth.o
    0x08002b00   0x08002b00   0x00000078   Code   RO         1628    i.HAL_ETH_SetMDIOClockRange  stm32h7xx_hal_eth.o
    0x08002b78   0x08002b78   0x00000074   Code   RO         1632    i.HAL_ETH_Start     stm32h7xx_hal_eth.o
    0x08002bec   0x08002bec   0x0000005c   Code   RO         1634    i.HAL_ETH_Stop      stm32h7xx_hal_eth.o
    0x08002c48   0x08002c48   0x000000b8   Code   RO         1636    i.HAL_ETH_Transmit  stm32h7xx_hal_eth.o
    0x08002d00   0x08002d00   0x00000002   Code   RO         1638    i.HAL_ETH_TxCpltCallback  stm32h7xx_hal_eth.o
    0x08002d02   0x08002d02   0x00000002   Code   RO         1639    i.HAL_ETH_WakeUpCallback  stm32h7xx_hal_eth.o
    0x08002d04   0x08002d04   0x00000064   Code   RO         1640    i.HAL_ETH_WritePHYRegister  stm32h7xx_hal_eth.o
    0x08002d68   0x08002d68   0x00000114   Code   RO         4262    i.HAL_FLASHEx_Erase  stm32h7xx_hal_flash_ex.o
    0x08002e7c   0x08002e7c   0x00000030   Code   RO         4154    i.HAL_FLASH_Lock    stm32h7xx_hal_flash.o
    0x08002eac   0x08002eac   0x000000b4   Code   RO         4159    i.HAL_FLASH_Program  stm32h7xx_hal_flash.o
    0x08002f60   0x08002f60   0x00000044   Code   RO         4161    i.HAL_FLASH_Unlock  stm32h7xx_hal_flash.o
    0x08002fa4   0x08002fa4   0x000001fc   Code   RO         4357    i.HAL_GPIO_Init     stm32h7xx_hal_gpio.o
    0x080031a0   0x080031a0   0x0000000c   Code   RO         5233    i.HAL_GetREVID      stm32h7xx_hal.o
    0x080031ac   0x080031ac   0x0000000c   Code   RO         5234    i.HAL_GetTick       stm32h7xx_hal.o
    0x080031b8   0x080031b8   0x00000010   Code   RO         5240    i.HAL_IncTick       stm32h7xx_hal.o
    0x080031c8   0x080031c8   0x00000058   Code   RO         5241    i.HAL_Init          stm32h7xx_hal.o
    0x08003220   0x08003220   0x00000040   Code   RO         5242    i.HAL_InitTick      stm32h7xx_hal.o
    0x08003260   0x08003260   0x0000005c   Code   RO         2034    i.HAL_MPU_ConfigRegion  stm32h7xx_hal_cortex.o
    0x080032bc   0x080032bc   0x0000001c   Code   RO         2035    i.HAL_MPU_Disable   stm32h7xx_hal_cortex.o
    0x080032d8   0x080032d8   0x00000024   Code   RO         2036    i.HAL_MPU_Enable    stm32h7xx_hal_cortex.o
    0x080032fc   0x080032fc   0x0000001c   Code   RO         1479    i.HAL_MspInit       stm32h7xx_hal_msp.o
    0x08003318   0x08003318   0x0000001a   Code   RO         2039    i.HAL_NVIC_EnableIRQ  stm32h7xx_hal_cortex.o
    0x08003332   0x08003332   0x00000002   PAD
    0x08003334   0x08003334   0x00000040   Code   RO         2045    i.HAL_NVIC_SetPriority  stm32h7xx_hal_cortex.o
    0x08003374   0x08003374   0x00000024   Code   RO         2046    i.HAL_NVIC_SetPriorityGrouping  stm32h7xx_hal_cortex.o
    0x08003398   0x08003398   0x00000050   Code   RO         4958    i.HAL_PWREx_ConfigSupply  stm32h7xx_hal_pwr_ex.o
    0x080033e8   0x080033e8   0x0000002c   Code   RO         3994    i.HAL_RCCEx_GetD1SysClockFreq  stm32h7xx_hal_rcc_ex.o
    0x08003414   0x08003414   0x00000024   Code   RO         3995    i.HAL_RCCEx_GetD3PCLK1Freq  stm32h7xx_hal_rcc_ex.o
    0x08003438   0x08003438   0x00000144   Code   RO         3997    i.HAL_RCCEx_GetPLL2ClockFreq  stm32h7xx_hal_rcc_ex.o
    0x0800357c   0x0800357c   0x00000144   Code   RO         3998    i.HAL_RCCEx_GetPLL3ClockFreq  stm32h7xx_hal_rcc_ex.o
    0x080036c0   0x080036c0   0x000008b6   Code   RO         4002    i.HAL_RCCEx_PeriphCLKConfig  stm32h7xx_hal_rcc_ex.o
    0x08003f76   0x08003f76   0x00000002   PAD
    0x08003f78   0x08003f78   0x00000244   Code   RO         3881    i.HAL_RCC_ClockConfig  stm32h7xx_hal_rcc.o
    0x080041bc   0x080041bc   0x0000002c   Code   RO         3886    i.HAL_RCC_GetHCLKFreq  stm32h7xx_hal_rcc.o
    0x080041e8   0x080041e8   0x00000024   Code   RO         3888    i.HAL_RCC_GetPCLK1Freq  stm32h7xx_hal_rcc.o
    0x0800420c   0x0800420c   0x00000024   Code   RO         3889    i.HAL_RCC_GetPCLK2Freq  stm32h7xx_hal_rcc.o
    0x08004230   0x08004230   0x00000138   Code   RO         3890    i.HAL_RCC_GetSysClockFreq  stm32h7xx_hal_rcc.o
    0x08004368   0x08004368   0x000004b6   Code   RO         3893    i.HAL_RCC_OscConfig  stm32h7xx_hal_rcc.o
    0x0800481e   0x0800481e   0x00000002   PAD
    0x08004820   0x08004820   0x00000014   Code   RO         5253    i.HAL_SYSCFG_ETHInterfaceSelect  stm32h7xx_hal.o
    0x08004834   0x08004834   0x00000026   Code   RO         2050    i.HAL_SYSTICK_Config  stm32h7xx_hal_cortex.o
    0x0800485a   0x0800485a   0x00000002   PAD
    0x0800485c   0x0800485c   0x000000a0   Code   RO         3120    i.HAL_TIMEx_ConfigBreakDeadTime  stm32h7xx_hal_tim_ex.o
    0x080048fc   0x080048fc   0x00000060   Code   RO         3137    i.HAL_TIMEx_MasterConfigSynchronization  stm32h7xx_hal_tim_ex.o
    0x0800495c   0x0800495c   0x00000036   Code   RO         2419    i.HAL_TIM_Base_Init  stm32h7xx_hal_tim.o
    0x08004992   0x08004992   0x00000002   PAD
    0x08004994   0x08004994   0x00000028   Code   RO         1290    i.HAL_TIM_Base_MspInit  tim.o
    0x080049bc   0x080049bc   0x000000f8   Code   RO         2428    i.HAL_TIM_ConfigClockSource  stm32h7xx_hal_tim.o
    0x08004ab4   0x08004ab4   0x00000054   Code   RO         1291    i.HAL_TIM_MspPostInit  tim.o
    0x08004b08   0x08004b08   0x00000128   Code   RO         2488    i.HAL_TIM_PWM_ConfigChannel  stm32h7xx_hal_tim.o
    0x08004c30   0x08004c30   0x00000036   Code   RO         2491    i.HAL_TIM_PWM_Init  stm32h7xx_hal_tim.o
    0x08004c66   0x08004c66   0x00000002   Code   RO         2493    i.HAL_TIM_PWM_MspInit  stm32h7xx_hal_tim.o
    0x08004c68   0x08004c68   0x0000006c   Code   RO         2496    i.HAL_TIM_PWM_Start  stm32h7xx_hal_tim.o
    0x08004cd4   0x08004cd4   0x00000048   Code   RO         3789    i.HAL_UARTEx_EnableFifoMode  stm32h7xx_hal_uart_ex.o
    0x08004d1c   0x08004d1c   0x0000004c   Code   RO         3792    i.HAL_UARTEx_SetRxFifoThreshold  stm32h7xx_hal_uart_ex.o
    0x08004d68   0x08004d68   0x0000004c   Code   RO         3793    i.HAL_UARTEx_SetTxFifoThreshold  stm32h7xx_hal_uart_ex.o
    0x08004db4   0x08004db4   0x0000006a   Code   RO         3419    i.HAL_UART_Init     stm32h7xx_hal_uart.o
    0x08004e1e   0x08004e1e   0x00000002   PAD
    0x08004e20   0x08004e20   0x00000064   Code   RO         1338    i.HAL_UART_MspInit  usart.o
    0x08004e84   0x08004e84   0x000000be   Code   RO         3428    i.HAL_UART_Transmit  stm32h7xx_hal_uart.o
    0x08004f42   0x08004f42   0x00000002   Code   RO         1390    i.HardFault_Handler  stm32h7xx_it.o
    0x08004f44   0x08004f44   0x00000094   Code   RO         1509    i.LAN8742_GetLinkState  lan8742.o
    0x08004fd8   0x08004fd8   0x000000d2   Code   RO         1510    i.LAN8742_Init      lan8742.o
    0x080050aa   0x080050aa   0x0000002c   Code   RO         1511    i.LAN8742_RegisterBusIO  lan8742.o
    0x080050d6   0x080050d6   0x00000002   PAD
    0x080050d8   0x080050d8   0x0000008c   Code   RO          888    i.MPU_Config        main.o
    0x08005164   0x08005164   0x0000005c   Code   RO          997    i.MX_DAC1_Init      dac.o
    0x080051c0   0x080051c0   0x0000004c   Code   RO         1064    i.MX_DMA_Init       dma.o
    0x0800520c   0x0800520c   0x0000005c   Code   RO          971    i.MX_GPIO_Init      gpio.o
    0x08005268   0x08005268   0x000000f8   Code   RO         1088    i.MX_LWIP_Init      lwip.o
    0x08005360   0x08005360   0x00000014   Code   RO         1089    i.MX_LWIP_Process   lwip.o
    0x08005374   0x08005374   0x000000f0   Code   RO         1292    i.MX_TIM8_Init      tim.o
    0x08005464   0x08005464   0x00000068   Code   RO         1339    i.MX_USART1_UART_Init  usart.o
    0x080054cc   0x080054cc   0x00000002   Code   RO         1391    i.MemManage_Handler  stm32h7xx_it.o
    0x080054ce   0x080054ce   0x00000002   Code   RO         1392    i.NMI_Handler       stm32h7xx_it.o
    0x080054d0   0x080054d0   0x00000002   Code   RO         1393    i.PendSV_Handler    stm32h7xx_it.o
    0x080054d2   0x080054d2   0x00000002   PAD
    0x080054d4   0x080054d4   0x00000120   Code   RO         4005    i.RCCEx_PLL2_Config  stm32h7xx_hal_rcc_ex.o
    0x080055f4   0x080055f4   0x00000120   Code   RO         4006    i.RCCEx_PLL3_Config  stm32h7xx_hal_rcc_ex.o
    0x08005714   0x08005714   0x00000024   Code   RO         1156    i.SCB_InvalidateDCache_by_Addr  ethernetif.o
    0x08005738   0x08005738   0x00000068   Code   RO          691    i.STMFLASH_GetFlashSector  stmflash.o
    0x080057a0   0x080057a0   0x000000e0   Code   RO          693    i.STMFLASH_Write    stmflash.o
    0x08005880   0x08005880   0x00000002   Code   RO         1394    i.SVC_Handler       stm32h7xx_it.o
    0x08005882   0x08005882   0x00000004   Code   RO         1395    i.SysTick_Handler   stm32h7xx_it.o
    0x08005886   0x08005886   0x00000002   PAD
    0x08005888   0x08005888   0x000000ac   Code   RO          889    i.SystemClock_Config  main.o
    0x08005934   0x08005934   0x0000009c   Code   RO         6131    i.SystemInit        system_stm32h7xx.o
    0x080059d0   0x080059d0   0x000000c4   Code   RO         2509    i.TIM_Base_SetConfig  stm32h7xx_hal_tim.o
    0x08005a94   0x08005a94   0x0000001a   Code   RO         2510    i.TIM_CCxChannelCmd  stm32h7xx_hal_tim.o
    0x08005aae   0x08005aae   0x00000012   Code   RO         2520    i.TIM_ETR_SetConfig  stm32h7xx_hal_tim.o
    0x08005ac0   0x08005ac0   0x00000014   Code   RO         2521    i.TIM_ITRx_SetConfig  stm32h7xx_hal_tim.o
    0x08005ad4   0x08005ad4   0x000000a8   Code   RO         2522    i.TIM_OC1_SetConfig  stm32h7xx_hal_tim.o
    0x08005b7c   0x08005b7c   0x00000098   Code   RO         2523    i.TIM_OC2_SetConfig  stm32h7xx_hal_tim.o
    0x08005c14   0x08005c14   0x0000008c   Code   RO         2524    i.TIM_OC3_SetConfig  stm32h7xx_hal_tim.o
    0x08005ca0   0x08005ca0   0x0000006c   Code   RO         2525    i.TIM_OC4_SetConfig  stm32h7xx_hal_tim.o
    0x08005d0c   0x08005d0c   0x0000006c   Code   RO         2526    i.TIM_OC5_SetConfig  stm32h7xx_hal_tim.o
    0x08005d78   0x08005d78   0x0000006c   Code   RO         2527    i.TIM_OC6_SetConfig  stm32h7xx_hal_tim.o
    0x08005de4   0x08005de4   0x00000022   Code   RO         2529    i.TIM_TI1_ConfigInputStage  stm32h7xx_hal_tim.o
    0x08005e06   0x08005e06   0x00000024   Code   RO         2531    i.TIM_TI2_ConfigInputStage  stm32h7xx_hal_tim.o
    0x08005e2a   0x08005e2a   0x00000002   PAD
    0x08005e2c   0x08005e2c   0x00000044   Code   RO          812    i.Track_Motor_Init  bsp_dac.o
    0x08005e70   0x08005e70   0x00000064   Code   RO         3797    i.UARTEx_SetNbDataToProcess  stm32h7xx_hal_uart_ex.o
    0x08005ed4   0x08005ed4   0x000000c8   Code   RO         3433    i.UART_AdvFeatureConfig  stm32h7xx_hal_uart.o
    0x08005f9c   0x08005f9c   0x0000005e   Code   RO         3434    i.UART_CheckIdleState  stm32h7xx_hal_uart.o
    0x08005ffa   0x08005ffa   0x00000002   PAD
    0x08005ffc   0x08005ffc   0x00000c10   Code   RO         3451    i.UART_SetConfig    stm32h7xx_hal_uart.o
    0x08006c0c   0x08006c0c   0x000000a4   Code   RO         3456    i.UART_WaitOnFlagUntilTimeout  stm32h7xx_hal_uart.o
    0x08006cb0   0x08006cb0   0x00000002   Code   RO         1396    i.UsageFault_Handler  stm32h7xx_it.o
    0x08006cb2   0x08006cb2   0x00000002   PAD
    0x08006cb4   0x08006cb4   0x00000020   Code   RO         9291    i.__0printf$5       mc_w.l(printf5.o)
    0x08006cd4   0x08006cd4   0x00000028   Code   RO         9293    i.__0sprintf$5      mc_w.l(printf5.o)
    0x08006cfc   0x08006cfc   0x00000022   Code   RO         2052    i.__NVIC_SetPriority  stm32h7xx_hal_cortex.o
    0x08006d1e   0x08006d1e   0x0000000e   Code   RO         9459    i.__scatterload_copy  mc_w.l(handlers.o)
    0x08006d2c   0x08006d2c   0x00000002   Code   RO         9460    i.__scatterload_null  mc_w.l(handlers.o)
    0x08006d2e   0x08006d2e   0x0000000e   Code   RO         9461    i.__scatterload_zeroinit  mc_w.l(handlers.o)
    0x08006d3c   0x08006d3c   0x000002c0   Code   RO         9298    i._printf_core      mc_w.l(printf5.o)
    0x08006ffc   0x08006ffc   0x0000000a   Code   RO         9300    i._sputc            mc_w.l(printf5.o)
    0x08007006   0x08007006   0x00000002   PAD
    0x08007008   0x08007008   0x0000001c   Code   RO         8182    i.cyclic_timer      timeouts.o
    0x08007024   0x08007024   0x0000009c   Code   RO         7210    i.do_memp_free_pool  memp.o
    0x080070c0   0x080070c0   0x000000a4   Code   RO         7211    i.do_memp_malloc_pool  memp.o
    0x08007164   0x08007164   0x00000030   Code   RO         8411    i.etharp_cleanup_netif  etharp.o
    0x08007194   0x08007194   0x00000258   Code   RO         8413    i.etharp_find_entry  etharp.o
    0x080073ec   0x080073ec   0x00000024   Code   RO         8414    i.etharp_free_entry  etharp.o
    0x08007410   0x08007410   0x00000104   Code   RO         8416    i.etharp_input      etharp.o
    0x08007514   0x08007514   0x000001a8   Code   RO         8417    i.etharp_output     etharp.o
    0x080076bc   0x080076bc   0x00000110   Code   RO         8418    i.etharp_output_to_arp_index  etharp.o
    0x080077cc   0x080077cc   0x000001d8   Code   RO         8419    i.etharp_query      etharp.o
    0x080079a4   0x080079a4   0x00000170   Code   RO         8420    i.etharp_raw        etharp.o
    0x08007b14   0x08007b14   0x0000000c   Code   RO         8421    i.etharp_request    etharp.o
    0x08007b20   0x08007b20   0x00000020   Code   RO         8422    i.etharp_request_dst  etharp.o
    0x08007b40   0x08007b40   0x00000060   Code   RO         8423    i.etharp_tmr        etharp.o
    0x08007ba0   0x08007ba0   0x0000011c   Code   RO         8424    i.etharp_update_arp_entry  etharp.o
    0x08007cbc   0x08007cbc   0x000000a0   Code   RO         6605    i.ethernet_input    ethernet.o
    0x08007d5c   0x08007d5c   0x0000008c   Code   RO         1157    i.ethernet_link_check_state  ethernetif.o
    0x08007de8   0x08007de8   0x000000f8   Code   RO         6606    i.ethernet_output   ethernet.o
    0x08007ee0   0x08007ee0   0x00000088   Code   RO         1158    i.ethernetif_init   ethernetif.o
    0x08007f68   0x08007f68   0x00000022   Code   RO         1159    i.ethernetif_input  ethernetif.o
    0x08007f8a   0x08007f8a   0x00000002   PAD
    0x08007f8c   0x08007f8c   0x00000018   Code   RO         1340    i.fputc             usart.o
    0x08007fa4   0x08007fa4   0x00000014   Code   RO          348    i.get_tcp_recv_data_flag  tcp_echoserver.o
    0x08007fb8   0x08007fb8   0x0000009c   Code   RO          731    i.iap_load_app      iap.o
    0x08008054   0x08008054   0x00000008   Code   RO         8511    i.icmp_dest_unreach  icmp.o
    0x0800805c   0x0800805c   0x000001e8   Code   RO         8512    i.icmp_input        icmp.o
    0x08008244   0x08008244   0x0000010c   Code   RO         8513    i.icmp_send_response  icmp.o
    0x08008350   0x08008350   0x00000008   Code   RO         8514    i.icmp_time_exceeded  icmp.o
    0x08008358   0x08008358   0x0000002e   Code   RO         8630    i.ip4_addr_isbroadcast_u32  ip4_addr.o
    0x08008386   0x08008386   0x00000002   PAD
    0x08008388   0x08008388   0x00000254   Code   RO         8696    i.ip4_frag          ip4_frag.o
    0x080085dc   0x080085dc   0x000001a4   Code   RO         8577    i.ip4_input         ip4.o
    0x08008780   0x08008780   0x0000001e   Code   RO         8579    i.ip4_output_if     ip4.o
    0x0800879e   0x0800879e   0x00000002   PAD
    0x080087a0   0x080087a0   0x00000170   Code   RO         8580    i.ip4_output_if_src  ip4.o
    0x08008910   0x08008910   0x000001b4   Code   RO         8697    i.ip4_reass         ip4_frag.o
    0x08008ac4   0x08008ac4   0x0000005c   Code   RO         8581    i.ip4_route         ip4.o
    0x08008b20   0x08008b20   0x00000090   Code   RO         8698    i.ip_frag_free_pbuf_custom_ref  ip4_frag.o
    0x08008bb0   0x08008bb0   0x00000260   Code   RO         8699    i.ip_reass_chain_frag_into_datagram_and_validate  ip4_frag.o
    0x08008e10   0x08008e10   0x000000bc   Code   RO         8700    i.ip_reass_dequeue_datagram  ip4_frag.o
    0x08008ecc   0x08008ecc   0x00000190   Code   RO         8701    i.ip_reass_free_complete_datagram  ip4_frag.o
    0x0800905c   0x0800905c   0x00000080   Code   RO         8702    i.ip_reass_remove_oldest_datagram  ip4_frag.o
    0x080090dc   0x080090dc   0x0000002c   Code   RO         8703    i.ip_reass_tmr      ip4_frag.o
    0x08009108   0x08009108   0x00000098   Code   RO         8704    i.ipfrag_free_pbuf_custom  ip4_frag.o
    0x080091a0   0x080091a0   0x00000110   Code   RO         1160    i.low_level_init    ethernetif.o
    0x080092b0   0x080092b0   0x00000064   Code   RO         1161    i.low_level_input   ethernetif.o
    0x08009314   0x08009314   0x00000068   Code   RO         1162    i.low_level_output  ethernetif.o
    0x0800937c   0x0800937c   0x00000004   Code   RO         6895    i.lwip_htonl        def.o
    0x08009380   0x08009380   0x00000004   Code   RO         6896    i.lwip_htons        def.o
    0x08009384   0x08009384   0x0000001e   Code   RO         7048    i.lwip_init         init.o
    0x080093a2   0x080093a2   0x00000002   PAD
    0x080093a4   0x080093a4   0x00000270   Code   RO          890    i.main              main.o
    0x08009614   0x08009614   0x0000011c   Code   RO         7144    i.mem_free          mem.o
    0x08009730   0x08009730   0x00000034   Code   RO         7145    i.mem_init          mem.o
    0x08009764   0x08009764   0x000001fc   Code   RO         7146    i.mem_malloc        mem.o
    0x08009960   0x08009960   0x0000018c   Code   RO         7147    i.mem_trim          mem.o
    0x08009aec   0x08009aec   0x0000009c   Code   RO         7212    i.memp_free         memp.o
    0x08009b88   0x08009b88   0x00000088   Code   RO         7213    i.memp_free_pool    memp.o
    0x08009c10   0x08009c10   0x00000020   Code   RO         7214    i.memp_init         memp.o
    0x08009c30   0x08009c30   0x0000002a   Code   RO         7215    i.memp_init_pool    memp.o
    0x08009c5a   0x08009c5a   0x00000002   PAD
    0x08009c5c   0x08009c5c   0x000000a4   Code   RO         7216    i.memp_malloc       memp.o
    0x08009d00   0x08009d00   0x0000008c   Code   RO         7217    i.memp_malloc_pool  memp.o
    0x08009d8c   0x08009d8c   0x000000e4   Code   RO         7337    i.netif_add         netif.o
    0x08009e70   0x08009e70   0x00000002   Code   RO         7339    i.netif_init        netif.o
    0x08009e72   0x08009e72   0x0000001a   Code   RO         7341    i.netif_issue_reports  netif.o
    0x08009e8c   0x08009e8c   0x00000048   Code   RO         7343    i.netif_set_addr    netif.o
    0x08009ed4   0x08009ed4   0x0000000c   Code   RO         7344    i.netif_set_default  netif.o
    0x08009ee0   0x08009ee0   0x0000001a   Code   RO         7345    i.netif_set_down    netif.o
    0x08009efa   0x08009efa   0x00000008   Code   RO         7346    i.netif_set_gw      netif.o
    0x08009f02   0x08009f02   0x00000002   PAD
    0x08009f04   0x08009f04   0x00000040   Code   RO         7347    i.netif_set_ipaddr  netif.o
    0x08009f44   0x08009f44   0x00000012   Code   RO         7348    i.netif_set_link_down  netif.o
    0x08009f56   0x08009f56   0x0000001c   Code   RO         7349    i.netif_set_link_up  netif.o
    0x08009f72   0x08009f72   0x00000008   Code   RO         7350    i.netif_set_netmask  netif.o
    0x08009f7a   0x08009f7a   0x0000001c   Code   RO         7351    i.netif_set_up      netif.o
    0x08009f96   0x08009f96   0x00000002   PAD
    0x08009f98   0x08009f98   0x0000037c   Code   RO         7461    i.pbuf_alloc        pbuf.o
    0x0800a314   0x0800a314   0x000000e0   Code   RO         7462    i.pbuf_alloced_custom  pbuf.o
    0x0800a3f4   0x0800a3f4   0x00000130   Code   RO         7463    i.pbuf_cat          pbuf.o
    0x0800a524   0x0800a524   0x00000012   Code   RO         7464    i.pbuf_chain        pbuf.o
    0x0800a536   0x0800a536   0x00000012   Code   RO         7465    i.pbuf_clen         pbuf.o
    0x0800a548   0x0800a548   0x000001ec   Code   RO         7467    i.pbuf_copy         pbuf.o
    0x0800a734   0x0800a734   0x0000011c   Code   RO         7468    i.pbuf_copy_partial  pbuf.o
    0x0800a850   0x0800a850   0x00000168   Code   RO         7470    i.pbuf_free         pbuf.o
    0x0800a9b8   0x0800a9b8   0x0000001c   Code   RO         1163    i.pbuf_free_custom  ethernetif.o
    0x0800a9d4   0x0800a9d4   0x0000002c   Code   RO         7471    i.pbuf_free_ooseq   pbuf.o
    0x0800aa00   0x0800aa00   0x00000006   Code   RO         7473    i.pbuf_header       pbuf.o
    0x0800aa06   0x0800aa06   0x00000006   Code   RO         7474    i.pbuf_header_force  pbuf.o
    0x0800aa0c   0x0800aa0c   0x00000124   Code   RO         7475    i.pbuf_header_impl  pbuf.o
    0x0800ab30   0x0800ab30   0x00000198   Code   RO         7479    i.pbuf_realloc      pbuf.o
    0x0800acc8   0x0800acc8   0x0000008c   Code   RO         7480    i.pbuf_ref          pbuf.o
    0x0800ad54   0x0800ad54   0x00000180   Code   RO         7484    i.pbuf_take         pbuf.o
    0x0800aed4   0x0800aed4   0x0000017c   Code   RO         7148    i.plug_holes        mem.o
    0x0800b050   0x0800b050   0x00000128   Code   RO          471    i.process_tftp_request  tftpserver.o
    0x0800b178   0x0800b178   0x00000030   Code   RO          849    i.pwm_init          bsp_pwm.o
    0x0800b1a8   0x0800b1a8   0x00000056   Code   RO          472    i.rrq_recv_callback  tftpserver.o
    0x0800b1fe   0x0800b1fe   0x00000018   Code   RO          473    i.server_recv_callback  tftpserver.o
    0x0800b216   0x0800b216   0x00000002   PAD
    0x0800b218   0x0800b218   0x00000058   Code   RO         8183    i.sys_check_timeouts  timeouts.o
    0x0800b270   0x0800b270   0x00000004   Code   RO         1165    i.sys_now           ethernetif.o
    0x0800b274   0x0800b274   0x0000013c   Code   RO         8185    i.sys_timeout       timeouts.o
    0x0800b3b0   0x0800b3b0   0x00000034   Code   RO         8186    i.sys_timeouts_init  timeouts.o
    0x0800b3e4   0x0800b3e4   0x00000178   Code   RO         7706    i.tcp_abandon       tcp.o
    0x0800b55c   0x0800b55c   0x00000006   Code   RO         7707    i.tcp_abort         tcp.o
    0x0800b562   0x0800b562   0x0000000e   Code   RO         7708    i.tcp_accept        tcp.o
    0x0800b570   0x0800b570   0x0000000e   Code   RO         7709    i.tcp_accept_null   tcp.o
    0x0800b57e   0x0800b57e   0x00000002   PAD
    0x0800b580   0x0800b580   0x00000104   Code   RO         7710    i.tcp_alloc         tcp.o
    0x0800b684   0x0800b684   0x00000008   Code   RO         7711    i.tcp_arg           tcp.o
    0x0800b68c   0x0800b68c   0x00000124   Code   RO         7712    i.tcp_bind          tcp.o
    0x0800b7b0   0x0800b7b0   0x00000014   Code   RO         7713    i.tcp_close         tcp.o
    0x0800b7c4   0x0800b7c4   0x0000018c   Code   RO         7714    i.tcp_close_shutdown  tcp.o
    0x0800b950   0x0800b950   0x000000c4   Code   RO         7715    i.tcp_close_shutdown_fin  tcp.o
    0x0800ba14   0x0800ba14   0x00000120   Code   RO         8065    i.tcp_create_segment  tcp_out.o
    0x0800bb34   0x0800bb34   0x00000078   Code   RO          349    i.tcp_echoserver_accept  tcp_echoserver.o
    0x0800bbac   0x0800bbac   0x00000040   Code   RO          350    i.tcp_echoserver_connection_close  tcp_echoserver.o
    0x0800bbec   0x0800bbec   0x0000000a   Code   RO          351    i.tcp_echoserver_error  tcp_echoserver.o
    0x0800bbf6   0x0800bbf6   0x00000002   PAD
    0x0800bbf8   0x0800bbf8   0x00000040   Code   RO          352    i.tcp_echoserver_init  tcp_echoserver.o
    0x0800bc38   0x0800bc38   0x00000040   Code   RO          353    i.tcp_echoserver_poll  tcp_echoserver.o
    0x0800bc78   0x0800bc78   0x000000f4   Code   RO          354    i.tcp_echoserver_recv  tcp_echoserver.o
    0x0800bd6c   0x0800bd6c   0x0000005c   Code   RO          355    i.tcp_echoserver_send  tcp_echoserver.o
    0x0800bdc8   0x0800bdc8   0x00000014   Code   RO          356    i.tcp_echoserver_sent  tcp_echoserver.o
    0x0800bddc   0x0800bddc   0x00000022   Code   RO         7718    i.tcp_eff_send_mss_impl  tcp.o
    0x0800bdfe   0x0800bdfe   0x00000002   PAD
    0x0800be00   0x0800be00   0x00000210   Code   RO         8066    i.tcp_enqueue_flags  tcp_out.o
    0x0800c010   0x0800c010   0x000000a4   Code   RO         7719    i.tcp_err           tcp.o
    0x0800c0b4   0x0800c0b4   0x0000006c   Code   RO         7720    i.tcp_fasttmr       tcp.o
    0x0800c120   0x0800c120   0x00000030   Code   RO         7981    i.tcp_getoptbyte    tcp_in.o
    0x0800c150   0x0800c150   0x00000002   Code   RO         7721    i.tcp_init          tcp.o
    0x0800c152   0x0800c152   0x00000002   PAD
    0x0800c154   0x0800c154   0x000005d8   Code   RO         7982    i.tcp_input         tcp_in.o
    0x0800c72c   0x0800c72c   0x00000040   Code   RO         7983    i.tcp_input_delayed_close  tcp_in.o
    0x0800c76c   0x0800c76c   0x00000052   Code   RO         8067    i.tcp_keepalive     tcp_out.o
    0x0800c7be   0x0800c7be   0x00000002   PAD
    0x0800c7c0   0x0800c7c0   0x000000bc   Code   RO         7722    i.tcp_kill_state    tcp.o
    0x0800c87c   0x0800c87c   0x000000cc   Code   RO         7723    i.tcp_listen_closed  tcp.o
    0x0800c948   0x0800c948   0x000000f4   Code   RO         7984    i.tcp_listen_input  tcp_in.o
    0x0800ca3c   0x0800ca3c   0x00000006   Code   RO         7724    i.tcp_listen_with_backlog  tcp.o
    0x0800ca42   0x0800ca42   0x00000002   PAD
    0x0800ca44   0x0800ca44   0x00000124   Code   RO         7725    i.tcp_listen_with_backlog_and_err  tcp.o
    0x0800cb68   0x0800cb68   0x0000004c   Code   RO         7726    i.tcp_netif_ip_addr_changed  tcp.o
    0x0800cbb4   0x0800cbb4   0x00000022   Code   RO         7727    i.tcp_netif_ip_addr_changed_pcblist  tcp.o
    0x0800cbd6   0x0800cbd6   0x00000006   Code   RO         7728    i.tcp_new           tcp.o
    0x0800cbdc   0x0800cbdc   0x0000005c   Code   RO         7730    i.tcp_new_port      tcp.o
    0x0800cc38   0x0800cc38   0x00000010   Code   RO         7731    i.tcp_next_iss      tcp.o
    0x0800cc48   0x0800cc48   0x0000007c   Code   RO         7985    i.tcp_oos_insert_segment  tcp_in.o
    0x0800ccc4   0x0800ccc4   0x000002d4   Code   RO         8068    i.tcp_output        tcp_out.o
    0x0800cf98   0x0800cf98   0x00000110   Code   RO         8069    i.tcp_output_alloc_header  tcp_out.o
    0x0800d0a8   0x0800d0a8   0x000000b0   Code   RO         8070    i.tcp_output_segment  tcp_out.o
    0x0800d158   0x0800d158   0x00000074   Code   RO         7986    i.tcp_parseopt      tcp_in.o
    0x0800d1cc   0x0800d1cc   0x000000d8   Code   RO         8071    i.tcp_pbuf_prealloc  tcp_out.o
    0x0800d2a4   0x0800d2a4   0x00000042   Code   RO         7732    i.tcp_pcb_purge     tcp.o
    0x0800d2e6   0x0800d2e6   0x00000002   PAD
    0x0800d2e8   0x0800d2e8   0x00000130   Code   RO         7733    i.tcp_pcb_remove    tcp.o
    0x0800d418   0x0800d418   0x0000009c   Code   RO         7734    i.tcp_poll          tcp.o
    0x0800d4b4   0x0800d4b4   0x00000488   Code   RO         7987    i.tcp_process       tcp_in.o
    0x0800d93c   0x0800d93c   0x0000006c   Code   RO         7735    i.tcp_process_refused_data  tcp.o
    0x0800d9a8   0x0800d9a8   0x00000a32   Code   RO         7988    i.tcp_receive       tcp_in.o
    0x0800e3da   0x0800e3da   0x00000002   PAD
    0x0800e3dc   0x0800e3dc   0x000000a4   Code   RO         7736    i.tcp_recv          tcp.o
    0x0800e480   0x0800e480   0x00000024   Code   RO         7737    i.tcp_recv_null     tcp.o
    0x0800e4a4   0x0800e4a4   0x00000110   Code   RO         7738    i.tcp_recved        tcp.o
    0x0800e5b4   0x0800e5b4   0x00000056   Code   RO         8072    i.tcp_rexmit        tcp_out.o
    0x0800e60a   0x0800e60a   0x00000058   Code   RO         8073    i.tcp_rexmit_fast   tcp_out.o
    0x0800e662   0x0800e662   0x00000030   Code   RO         8074    i.tcp_rexmit_rto    tcp_out.o
    0x0800e692   0x0800e692   0x00000002   PAD
    0x0800e694   0x0800e694   0x00000120   Code   RO         8075    i.tcp_rst           tcp_out.o
    0x0800e7b4   0x0800e7b4   0x00000028   Code   RO         7739    i.tcp_seg_copy      tcp.o
    0x0800e7dc   0x0800e7dc   0x0000001c   Code   RO         7740    i.tcp_seg_free      tcp.o
    0x0800e7f8   0x0800e7f8   0x00000012   Code   RO         7741    i.tcp_segs_free     tcp.o
    0x0800e80a   0x0800e80a   0x00000072   Code   RO         8076    i.tcp_send_empty_ack  tcp_out.o
    0x0800e87c   0x0800e87c   0x00000044   Code   RO         8077    i.tcp_send_fin      tcp_out.o
    0x0800e8c0   0x0800e8c0   0x000000a0   Code   RO         7742    i.tcp_sent          tcp.o
    0x0800e960   0x0800e960   0x00000048   Code   RO          357    i.tcp_server_usersent  tcp_echoserver.o
    0x0800e9a8   0x0800e9a8   0x00000004   Code   RO         7743    i.tcp_setprio       tcp.o
    0x0800e9ac   0x0800e9ac   0x000004dc   Code   RO         7745    i.tcp_slowtmr       tcp.o
    0x0800ee88   0x0800ee88   0x00000034   Code   RO         8189    i.tcp_timer_needed  timeouts.o
    0x0800eebc   0x0800eebc   0x00000068   Code   RO         7989    i.tcp_timewait_input  tcp_in.o
    0x0800ef24   0x0800ef24   0x00000020   Code   RO         7746    i.tcp_tmr           tcp.o
    0x0800ef44   0x0800ef44   0x00000010   Code   RO         7990    i.tcp_trigger_input_pcb_close  tcp_in.o
    0x0800ef54   0x0800ef54   0x000000c0   Code   RO         7748    i.tcp_update_rcv_ann_wnd  tcp.o
    0x0800f014   0x0800f014   0x00000690   Code   RO         8078    i.tcp_write         tcp_out.o
    0x0800f6a4   0x0800f6a4   0x00000140   Code   RO         8079    i.tcp_write_checks  tcp_out.o
    0x0800f7e4   0x0800f7e4   0x000000ae   Code   RO         8080    i.tcp_zero_window_probe  tcp_out.o
    0x0800f892   0x0800f892   0x00000002   PAD
    0x0800f894   0x0800f894   0x00000038   Code   RO         8190    i.tcpip_tcp_timer   timeouts.o
    0x0800f8cc   0x0800f8cc   0x00000030   Code   RO          474    i.tftp_cleanup_rd   tftpserver.o
    0x0800f8fc   0x0800f8fc   0x00000030   Code   RO          475    i.tftp_cleanup_wr   tftpserver.o
    0x0800f92c   0x0800f92c   0x00000030   Code   RO          476    i.tftp_construct_error_message  tftpserver.o
    0x0800f95c   0x0800f95c   0x00000004   Code   RO          606    i.tftp_decode_op    tftputils.o
    0x0800f960   0x0800f960   0x00000006   Code   RO          607    i.tftp_extract_block  tftputils.o
    0x0800f966   0x0800f966   0x00000006   Code   RO          608    i.tftp_extract_filename  tftputils.o
    0x0800f96c   0x0800f96c   0x0000001a   Code   RO          609    i.tftp_is_correct_ack  tftputils.o
    0x0800f986   0x0800f986   0x00000002   PAD
    0x0800f988   0x0800f988   0x00000068   Code   RO          477    i.tftp_process_read  tftpserver.o
    0x0800f9f0   0x0800f9f0   0x00000070   Code   RO          478    i.tftp_process_write  tftpserver.o
    0x0800fa60   0x0800fa60   0x00000030   Code   RO          479    i.tftp_send_ack_packet  tftpserver.o
    0x0800fa90   0x0800fa90   0x00000034   Code   RO          480    i.tftp_send_data_packet  tftpserver.o
    0x0800fac4   0x0800fac4   0x00000028   Code   RO          481    i.tftp_send_error_message  tftpserver.o
    0x0800faec   0x0800faec   0x00000046   Code   RO          482    i.tftp_send_message  tftpserver.o
    0x0800fb32   0x0800fb32   0x00000002   PAD
    0x0800fb34   0x0800fb34   0x00000074   Code   RO          483    i.tftp_send_next_block  tftpserver.o
    0x0800fba8   0x0800fba8   0x00000038   Code   RO          484    i.tftp_server_init  tftpserver.o
    0x0800fbe0   0x0800fbe0   0x0000000e   Code   RO          610    i.tftp_set_block    tftputils.o
    0x0800fbee   0x0800fbee   0x00000008   Code   RO          612    i.tftp_set_errorcode  tftputils.o
    0x0800fbf6   0x0800fbf6   0x00000006   Code   RO          613    i.tftp_set_errormsg  tftputils.o
    0x0800fbfc   0x0800fbfc   0x00000008   Code   RO          614    i.tftp_set_opcode   tftputils.o
    0x0800fc04   0x0800fc04   0x000000b8   Code   RO         8262    i.udp_bind          udp.o
    0x0800fcbc   0x0800fcbc   0x00000050   Code   RO         8263    i.udp_connect       udp.o
    0x0800fd0c   0x0800fd0c   0x00000010   Code   RO         8264    i.udp_disconnect    udp.o
    0x0800fd1c   0x0800fd1c   0x00000002   Code   RO         8265    i.udp_init          udp.o
    0x0800fd1e   0x0800fd1e   0x00000002   PAD
    0x0800fd20   0x0800fd20   0x0000019c   Code   RO         8266    i.udp_input         udp.o
    0x0800febc   0x0800febc   0x00000034   Code   RO         8267    i.udp_netif_ip_addr_changed  udp.o
    0x0800fef0   0x0800fef0   0x0000001a   Code   RO         8268    i.udp_new           udp.o
    0x0800ff0a   0x0800ff0a   0x00000006   Code   RO         8270    i.udp_recv          udp.o
    0x0800ff10   0x0800ff10   0x00000030   Code   RO         8271    i.udp_remove        udp.o
    0x0800ff40   0x0800ff40   0x00000032   Code   RO         8273    i.udp_sendto        udp.o
    0x0800ff72   0x0800ff72   0x00000036   Code   RO         8274    i.udp_sendto_if     udp.o
    0x0800ffa8   0x0800ffa8   0x00000144   Code   RO         8275    i.udp_sendto_if_src  udp.o
    0x080100ec   0x080100ec   0x00000138   Code   RO          485    i.wrq_recv_callback  tftpserver.o
    0x08010224   0x08010224   0x00000004   Data   RO          486    .constdata          tftpserver.o
    0x08010228   0x08010228   0x0000000c   Data   RO         1171    .constdata          ethernetif.o
    0x08010234   0x08010234   0x00000008   Data   RO         4521    .constdata          stm32h7xx_hal_dma.o
    0x0801023c   0x0801023c   0x00000010   Data   RO         6132    .constdata          system_stm32h7xx.o
    0x0801024c   0x0801024c   0x00000006   Data   RO         6607    .constdata          ethernet.o
    0x08010252   0x08010252   0x00000006   Data   RO         6608    .constdata          ethernet.o
    0x08010258   0x08010258   0x0000000c   Data   RO         7227    .constdata          memp.o
    0x08010264   0x08010264   0x0000000c   Data   RO         7228    .constdata          memp.o
    0x08010270   0x08010270   0x0000000c   Data   RO         7229    .constdata          memp.o
    0x0801027c   0x0801027c   0x0000000c   Data   RO         7230    .constdata          memp.o
    0x08010288   0x08010288   0x0000000c   Data   RO         7231    .constdata          memp.o
    0x08010294   0x08010294   0x0000000c   Data   RO         7232    .constdata          memp.o
    0x080102a0   0x080102a0   0x0000000c   Data   RO         7233    .constdata          memp.o
    0x080102ac   0x080102ac   0x0000000c   Data   RO         7234    .constdata          memp.o
    0x080102b8   0x080102b8   0x0000000c   Data   RO         7235    .constdata          memp.o
    0x080102c4   0x080102c4   0x00000024   Data   RO         7236    .constdata          memp.o
    0x080102e8   0x080102e8   0x00000054   Data   RO         7749    .constdata          tcp.o
    0x0801033c   0x0801033c   0x00000018   Data   RO         8191    .constdata          timeouts.o
    0x08010354   0x08010354   0x00000004   Data   RO         8637    .constdata          ip4_addr.o
    0x08010358   0x08010358   0x00000088   Data   RO          487    .conststring        tftpserver.o
    0x080103e0   0x080103e0   0x00000075   Data   RO         7750    .conststring        tcp.o
    0x08010455   0x08010455   0x00000003   PAD
    0x08010458   0x08010458   0x00000055   Data   RO         8081    .conststring        tcp_out.o
    0x080104ad   0x080104ad   0x00000003   PAD
    0x080104b0   0x080104b0   0x00000041   Data   RO         8426    .conststring        etharp.o
    0x080104f1   0x080104f1   0x00000003   PAD
    0x080104f4   0x080104f4   0x00000020   Data   RO         9457    Region$$Table       anon$$obj.o


    Execution Region RW_IRAM2 (Exec base: 0x24000000, Load base: 0x08010514, Size: 0x00005bc8, Max: 0x00080000, ABSOLUTE, COMPRESSED[0x0000004c])

    Exec Addr    Load Addr    Size         Type   Attr      Idx    E Section Name        Object

    0x24000000   COMPRESSED   0x0000000c   Data   RW          359    .data               tcp_echoserver.o
    0x2400000c   COMPRESSED   0x00000030   Data   RW          488    .data               tftpserver.o
    0x2400003c   COMPRESSED   0x00000004   Data   RW          732    .data               iap.o
    0x24000040   COMPRESSED   0x00000008   Data   RW          813    .data               bsp_dac.o
    0x24000048   COMPRESSED   0x00000004   Data   RW          891    .data               main.o
    0x2400004c   COMPRESSED   0x00000018   Data   RW         1095    .data               lwip.o
    0x24000064   COMPRESSED   0x00000014   Data   RW         1172    .data               ethernetif.o
    0x24000078   COMPRESSED   0x00000004   Data   RW         1173    .data               ethernetif.o
    0x2400007c   COMPRESSED   0x0000000c   Data   RW         5263    .data               stm32h7xx_hal.o
    0x24000088   COMPRESSED   0x00000008   Data   RW         6133    .data               system_stm32h7xx.o
    0x24000090   COMPRESSED   0x0000000c   Data   RW         7150    .data               mem.o
    0x2400009c   COMPRESSED   0x00000004   Data   RW         7237    .data               memp.o
    0x240000a0   COMPRESSED   0x00000004   Data   RW         7238    .data               memp.o
    0x240000a4   COMPRESSED   0x00000004   Data   RW         7239    .data               memp.o
    0x240000a8   COMPRESSED   0x00000004   Data   RW         7240    .data               memp.o
    0x240000ac   COMPRESSED   0x00000004   Data   RW         7241    .data               memp.o
    0x240000b0   COMPRESSED   0x00000004   Data   RW         7242    .data               memp.o
    0x240000b4   COMPRESSED   0x00000004   Data   RW         7243    .data               memp.o
    0x240000b8   COMPRESSED   0x00000004   Data   RW         7244    .data               memp.o
    0x240000bc   COMPRESSED   0x00000004   Data   RW         7245    .data               memp.o
    0x240000c0   COMPRESSED   0x0000000c   Data   RW         7352    .data               netif.o
    0x240000cc   COMPRESSED   0x00000001   Data   RW         7487    .data               pbuf.o
    0x240000cd   COMPRESSED   0x00000003   PAD
    0x240000d0   COMPRESSED   0x00000020   Data   RW         7751    .data               tcp.o
    0x240000f0   COMPRESSED   0x00000024   Data   RW         7992    .data               tcp_in.o
    0x24000114   COMPRESSED   0x0000000c   Data   RW         8192    .data               timeouts.o
    0x24000120   COMPRESSED   0x00000008   Data   RW         8276    .data               udp.o
    0x24000128   COMPRESSED   0x00000001   Data   RW         8427    .data               etharp.o
    0x24000129   COMPRESSED   0x00000001   PAD
    0x2400012a   COMPRESSED   0x00000002   Data   RW         8582    .data               ip4.o
    0x2400012c   COMPRESSED   0x00000008   Data   RW         8705    .data               ip4_frag.o
    0x24000134   COMPRESSED   0x00000004   Data   RW         9433    .data               mc_w.l(stdout.o)
    0x24000138        -       0x000000c8   Zero   RW          358    .bss                tcp_echoserver.o
    0x24000200        -       0x00000104   Zero   RW          998    .bss                dac.o
    0x24000304        -       0x00000030   Zero   RW         1094    .bss                lwip.o
    0x24000334        -       0x000000c4   Zero   RW         1169    .bss                ethernetif.o
    0x240003f8        -       0x000000cb   Zero   RW         1170    .bss                ethernetif.o
    0x240004c3   COMPRESSED   0x00000001   PAD
    0x240004c4        -       0x00000040   Zero   RW         1293    .bss                tim.o
    0x24000504        -       0x0000008c   Zero   RW         1341    .bss                usart.o
    0x24000590        -       0x0000001c   Zero   RW         4162    .bss                stm32h7xx_hal_flash.o
    0x240005ac        -       0x00000018   Zero   RW         7112    .bss                ip.o
    0x240005c4        -       0x00000653   Zero   RW         7149    .bss                mem.o
    0x24000c17        -       0x00000083   Zero   RW         7218    .bss                memp.o
    0x24000c9a        -       0x000002fb   Zero   RW         7219    .bss                memp.o
    0x24000f95        -       0x000000e3   Zero   RW         7220    .bss                memp.o
    0x24001078        -       0x00000103   Zero   RW         7221    .bss                memp.o
    0x2400117b        -       0x000000a3   Zero   RW         7222    .bss                memp.o
    0x2400121e        -       0x0000016b   Zero   RW         7223    .bss                memp.o
    0x24001389        -       0x00000033   Zero   RW         7224    .bss                memp.o
    0x240013bc        -       0x00000103   Zero   RW         7225    .bss                memp.o
    0x240014bf        -       0x00002603   Zero   RW         7226    .bss                memp.o
    0x24003ac2   COMPRESSED   0x00000002   PAD
    0x24003ac4        -       0x00000010   Zero   RW         7991    .bss                tcp_in.o
    0x24003ad4        -       0x000000f0   Zero   RW         8425    .bss                etharp.o
    0x24003bc4   COMPRESSED   0x00000004   PAD
    0x24003bc8        -       0x00002000   Zero   RW            1    STACK               startup_stm32h743xx.o



  Load Region LR$$.ARM.__AT_0x30040000 (Base: 0x30040000, Size: 0x00000000, Max: 0x00000060, ABSOLUTE)

    Execution Region ER$$.ARM.__AT_0x30040000 (Exec base: 0x30040000, Load base: 0x30040000, Size: 0x00000060, Max: 0x00000060, ABSOLUTE, UNINIT)

    Exec Addr    Load Addr    Size         Type   Attr      Idx    E Section Name        Object

    0x30040000        -       0x00000060   Zero   RW         1166    .ARM.__AT_0x30040000  ethernetif.o



  Load Region LR$$.ARM.__AT_0x30040060 (Base: 0x30040060, Size: 0x00000000, Max: 0x00000060, ABSOLUTE)

    Execution Region ER$$.ARM.__AT_0x30040060 (Exec base: 0x30040060, Load base: 0x30040060, Size: 0x00000060, Max: 0x00000060, ABSOLUTE, UNINIT)

    Exec Addr    Load Addr    Size         Type   Attr      Idx    E Section Name        Object

    0x30040060        -       0x00000060   Zero   RW         1167    .ARM.__AT_0x30040060  ethernetif.o



  Load Region LR$$.ARM.__AT_0x30040200 (Base: 0x30040200, Size: 0x00000000, Max: 0x00001800, ABSOLUTE)

    Execution Region ER$$.ARM.__AT_0x30040200 (Exec base: 0x30040200, Load base: 0x30040200, Size: 0x00001800, Max: 0x00001800, ABSOLUTE, UNINIT)

    Exec Addr    Load Addr    Size         Type   Attr      Idx    E Section Name        Object

    0x30040200        -       0x00001800   Zero   RW         1168    .ARM.__AT_0x30040200  ethernetif.o


==============================================================================

Image component sizes


      Code (inc. data)   RO Data    RW Data    ZI Data      Debug   Object Name

         0          0          0          0          0       1620   auth.o
        68          8          0          8          0        725   bsp_dac.o
        48          4          0          0          0        929   bsp_pwm.o
       304         34          0          0        260       1921   dac.o
         8          0          0          0          0       1122   def.o
        76          4          0          0          0        810   dma.o
      2904       1170         65          1        240      12815   etharp.o
       408        156         12          0          0       2742   ethernet.o
      1182        178         12         24       6735      54707   ethernetif.o
        92          6          0          0          0        879   gpio.o
       156         88          0          4          0       1090   iap.o
       772        350          0          0          0       4462   icmp.o
        30          0          0          0          0       2012   init.o
         0          0          0          0         24       5989   ip.o
       910        182          0          2          0       5128   ip4.o
        46          0          4          0          0       7014   ip4_addr.o
      2696       1020          0          8          0      11646   ip4_frag.o
       402          0          0          0          0       3038   lan8742.o
       268         22          0         24         48       1935   lwip.o
       938        160          0          4          0       4054   main.o
      1620        804          0         12       1619       5761   mem.o
       990        718        144         36      11947      11542   memp.o
       520        132          0         12          0      10971   netif.o
      3872       2054          0          1          0      24510   pbuf.o
        36          8        664          0       8192        844   startup_stm32h743xx.o
       248         48          0         12          0      23560   stm32h7xx_hal.o
       354         28          0          0          0      41241   stm32h7xx_hal_cortex.o
       790         30          0          0          0       8552   stm32h7xx_hal_dac.o
        56          0          0          0          0       4001   stm32h7xx_hal_dac_ex.o
      4376        190          8          0          0      10431   stm32h7xx_hal_dma.o
      4200        104          0          0          0      23898   stm32h7xx_hal_eth.o
       504         52          0          0         28      14690   stm32h7xx_hal_flash.o
       488         16          0          0          0       4301   stm32h7xx_hal_flash_ex.o
       508         50          0          0          0       1936   stm32h7xx_hal_gpio.o
        28          6          0          0          0        802   stm32h7xx_hal_msp.o
        80          4          0          0          0        813   stm32h7xx_hal_pwr_ex.o
      2214         98          0          0          0       6780   stm32h7xx_hal_rcc.o
      3534        126          0          0          0       8455   stm32h7xx_hal_rcc_ex.o
      1876        212          0          0          0      14548   stm32h7xx_hal_tim.o
       256         18          0          0          0       2328   stm32h7xx_hal_tim_ex.o
      3842        116          0          0          0       8581   stm32h7xx_hal_uart.o
       324         18          0          0          0       3744   stm32h7xx_hal_uart_ex.o
        56         18          0          0          0       5583   stm32h7xx_it.o
       328         42          0          0          0      37454   stmflash.o
        16          0          0          0          0      35595   system.o
       156         22         16          8          0       1386   system_stm32h7xx.o
      5628       2338        201         32          0      39068   tcp.o
       770        136          0         12        200      16624   tcp_echoserver.o
      5982       1224          0         36         16      20659   tcp_in.o
      5152       1722         85          0          0      27638   tcp_out.o
         0          0          0          0          0    1319577   tcpclient.o
      1460        238        140         48          0      17121   tftpserver.o
        78          0          0          0          0       4848   tftputils.o
       364         34          0          0         64       2496   tim.o
       592        220         24         12          0       5963   timeouts.o
      1254        280          0          8          0      12245   udp.o
       228         28          0          0        140       2298   usart.o

    ----------------------------------------------------------------------
     64168      14516       1416        308      29520    1905482   Object Totals
         0          0         32          0          0          0   (incl. Generated)
        80          0          9          4          7          0   (incl. Padding)

    ----------------------------------------------------------------------

      Code (inc. data)   RO Data    RW Data    ZI Data      Debug   Library Member Name

        86          0          0          0          0          0   __dczerorl2.o
         0          0          0          0          0          0   entry.o
         0          0          0          0          0          0   entry10a.o
         0          0          0          0          0          0   entry11a.o
         8          4          0          0          0          0   entry2.o
         4          0          0          0          0          0   entry5.o
         0          0          0          0          0          0   entry7b.o
         0          0          0          0          0          0   entry8b.o
         8          4          0          0          0          0   entry9a.o
        30          0          0          0          0          0   handlers.o
        36          8          0          0          0         68   init.o
        30          0          0          0          0         68   llshl.o
        32          0          0          0          0         68   llushr.o
        26          0          0          0          0         80   memcmp.o
        36          0          0          0          0         68   memcpya.o
        36          0          0          0          0        108   memseta.o
       786         62          0          0          0        336   printf5.o
         0          0          0          4          0          0   stdout.o
        18          0          0          0          0         68   strcpy.o
        14          0          0          0          0         68   strlen.o
        98          0          0          0          0         92   uldiv.o

    ----------------------------------------------------------------------
      1252         78          0          4          0       1024   Library Totals
         4          0          0          0          0          0   (incl. Padding)

    ----------------------------------------------------------------------

      Code (inc. data)   RO Data    RW Data    ZI Data      Debug   Library Name

      1248         78          0          4          0       1024   mc_w.l

    ----------------------------------------------------------------------
      1252         78          0          4          0       1024   Library Totals

    ----------------------------------------------------------------------

==============================================================================


      Code (inc. data)   RO Data    RW Data    ZI Data      Debug   

     65420      14594       1416        312      29520    1870922   Grand Totals
     65420      14594       1416         76      29520    1870922   ELF Image Totals (compressed)
     65420      14594       1416         76          0          0   ROM Totals

==============================================================================

    Total RO  Size (Code + RO Data)                66836 (  65.27kB)
    Total RW  Size (RW Data + ZI Data)             29832 (  29.13kB)
    Total ROM Size (Code + RO Data + RW Data)      66912 (  65.34kB)

==============================================================================

