Component: ARM Compiler 5.06 update 6 (build 750) Tool: armlink [4d35ed]

==============================================================================

Section Cross References

    startup_stm32h743xx.o(RESET) refers to startup_stm32h743xx.o(STACK) for __initial_sp
    startup_stm32h743xx.o(RESET) refers to startup_stm32h743xx.o(.text) for Reset_Handler
    startup_stm32h743xx.o(RESET) refers to stm32h7xx_it.o(i.NMI_Handler) for NMI_Handler
    startup_stm32h743xx.o(RESET) refers to stm32h7xx_it.o(i.HardFault_Handler) for HardFault_Handler
    startup_stm32h743xx.o(RESET) refers to stm32h7xx_it.o(i.MemManage_Handler) for MemManage_Handler
    startup_stm32h743xx.o(RESET) refers to stm32h7xx_it.o(i.BusFault_Handler) for BusFault_Handler
    startup_stm32h743xx.o(RESET) refers to stm32h7xx_it.o(i.UsageFault_Handler) for UsageFault_Handler
    startup_stm32h743xx.o(RESET) refers to stm32h7xx_it.o(i.SVC_Handler) for SVC_Handler
    startup_stm32h743xx.o(RESET) refers to stm32h7xx_it.o(i.DebugMon_Handler) for DebugMon_Handler
    startup_stm32h743xx.o(RESET) refers to stm32h7xx_it.o(i.PendSV_Handler) for PendSV_Handler
    startup_stm32h743xx.o(RESET) refers to stm32h7xx_it.o(i.SysTick_Handler) for SysTick_Handler
    startup_stm32h743xx.o(RESET) refers to stm32h7xx_it.o(i.ETH_IRQHandler) for ETH_IRQHandler
    startup_stm32h743xx.o(.text) refers to system_stm32h7xx.o(i.SystemInit) for SystemInit
    startup_stm32h743xx.o(.text) refers to entry.o(.ARM.Collect$$$$00000000) for __main
    tcpclient.o(i.TCP_Client_Init) refers to tcp.o(i.tcp_new) for tcp_new
    tcpclient.o(i.TCP_Client_Init) refers to printf5.o(i.__0printf$5) for __2printf
    tcpclient.o(i.TCP_Client_Init) refers to tcp.o(i.tcp_connect) for tcp_connect
    tcpclient.o(i.TCP_Client_Init) refers to tcp.o(i.tcp_err) for tcp_err
    tcpclient.o(i.TCP_Client_Init) refers to tcpclient.o(i.client_connected) for client_connected
    tcpclient.o(i.TCP_Client_Init) refers to tcpclient.o(i.client_err) for client_err
    tcpclient.o(i.client_connected) refers to printf5.o(i.__0printf$5) for __2printf
    tcpclient.o(i.client_connected) refers to tcp.o(i.tcp_poll) for tcp_poll
    tcpclient.o(i.client_connected) refers to tcp.o(i.tcp_recv) for tcp_recv
    tcpclient.o(i.client_connected) refers to tcpclient.o(i.client_send) for client_send
    tcpclient.o(i.client_connected) refers to tcpclient.o(i.client_recv) for client_recv
    tcpclient.o(i.client_err) refers to printf5.o(i.__0printf$5) for __2printf
    tcpclient.o(i.client_err) refers to tcpclient.o(i.TCP_Client_Init) for TCP_Client_Init
    tcpclient.o(i.client_recv) refers to tcp.o(i.tcp_recved) for tcp_recved
    tcpclient.o(i.client_recv) refers to tcp_out.o(i.tcp_write) for tcp_write
    tcpclient.o(i.client_recv) refers to memseta.o(.text) for __aeabi_memclr
    tcpclient.o(i.client_recv) refers to pbuf.o(i.pbuf_free) for pbuf_free
    tcpclient.o(i.client_recv) refers to printf5.o(i.__0printf$5) for __2printf
    tcpclient.o(i.client_recv) refers to tcp.o(i.tcp_close) for tcp_close
    tcpclient.o(i.client_recv) refers to tcpclient.o(i.TCP_Client_Init) for TCP_Client_Init
    tcpclient.o(i.client_send) refers to memcpya.o(.text) for __aeabi_memcpy4
    tcpclient.o(i.client_send) refers to tcp_out.o(i.tcp_write) for tcp_write
    tcpserver.o(i.TCP_Echo_Init) refers to tcp.o(i.tcp_new) for tcp_new
    tcpserver.o(i.TCP_Echo_Init) refers to printf5.o(i.__0printf$5) for __2printf
    tcpserver.o(i.TCP_Echo_Init) refers to tcp.o(i.tcp_bind) for tcp_bind
    tcpserver.o(i.TCP_Echo_Init) refers to tcp.o(i.tcp_listen_with_backlog) for tcp_listen_with_backlog
    tcpserver.o(i.TCP_Echo_Init) refers to tcp.o(i.tcp_accept) for tcp_accept
    tcpserver.o(i.TCP_Echo_Init) refers to ip4_addr.o(.constdata) for ip_addr_any
    tcpserver.o(i.TCP_Echo_Init) refers to tcpserver.o(i.tcpecho_accept) for tcpecho_accept
    tcpserver.o(i.tcpecho_accept) refers to tcp.o(i.tcp_recv) for tcp_recv
    tcpserver.o(i.tcpecho_accept) refers to tcpserver.o(i.tcpecho_recv) for tcpecho_recv
    tcpserver.o(i.tcpecho_recv) refers to tcp.o(i.tcp_recved) for tcp_recved
    tcpserver.o(i.tcpecho_recv) refers to memcpya.o(.text) for __aeabi_memcpy4
    tcpserver.o(i.tcpecho_recv) refers to tcp_out.o(i.tcp_write) for tcp_write
    tcpserver.o(i.tcpecho_recv) refers to memseta.o(.text) for __aeabi_memclr
    tcpserver.o(i.tcpecho_recv) refers to pbuf.o(i.pbuf_free) for pbuf_free
    tcpserver.o(i.tcpecho_recv) refers to tcp.o(i.tcp_close) for tcp_close
    tcp_echoserver.o(i.get_tcp_recv_data_flag) refers to tcp_echoserver.o(.bss) for .bss
    tcp_echoserver.o(i.get_tcp_recv_data_flag) refers to tcp_echoserver.o(.data) for .data
    tcp_echoserver.o(i.tcp_echoserver_accept) refers to tcp.o(i.tcp_setprio) for tcp_setprio
    tcp_echoserver.o(i.tcp_echoserver_accept) refers to mem.o(i.mem_malloc) for mem_malloc
    tcp_echoserver.o(i.tcp_echoserver_accept) refers to tcp.o(i.tcp_arg) for tcp_arg
[...]
    PVD_AVD_IRQHandler                       0x080002d7   Thumb Code     0  startup_stm32h743xx.o(.text)
    QUADSPI_IRQHandler                       0x080002d7   Thumb Code     0  startup_stm32h743xx.o(.text)
    RCC_IRQHandler                           0x080002d7   Thumb Code     0  startup_stm32h743xx.o(.text)
    RNG_IRQHandler                           0x080002d7   Thumb Code     0  startup_stm32h743xx.o(.text)
    RTC_Alarm_IRQHandler                     0x080002d7   Thumb Code     0  startup_stm32h743xx.o(.text)
    RTC_WKUP_IRQHandler                      0x080002d7   Thumb Code     0  startup_stm32h743xx.o(.text)
    SAI1_IRQHandler                          0x080002d7   Thumb Code     0  startup_stm32h743xx.o(.text)
    SAI2_IRQHandler                          0x080002d7   Thumb Code     0  startup_stm32h743xx.o(.text)
    SAI3_IRQHandler                          0x080002d7   Thumb Code     0  startup_stm32h743xx.o(.text)
    SAI4_IRQHandler                          0x080002d7   Thumb Code     0  startup_stm32h743xx.o(.text)
    SDMMC1_IRQHandler                        0x080002d7   Thumb Code     0  startup_stm32h743xx.o(.text)
    SDMMC2_IRQHandler                        0x080002d7   Thumb Code     0  startup_stm32h743xx.o(.text)
    SPDIF_RX_IRQHandler                      0x080002d7   Thumb Code     0  startup_stm32h743xx.o(.text)
    SPI1_IRQHandler                          0x080002d7   Thumb Code     0  startup_stm32h743xx.o(.text)
    SPI2_IRQHandler                          0x080002d7   Thumb Code     0  startup_stm32h743xx.o(.text)
    SPI3_IRQHandler                          0x080002d7   Thumb Code     0  startup_stm32h743xx.o(.text)
    SPI4_IRQHandler                          0x080002d7   Thumb Code     0  startup_stm32h743xx.o(.text)
    SPI5_IRQHandler                          0x080002d7   Thumb Code     0  startup_stm32h743xx.o(.text)
    SPI6_IRQHandler                          0x080002d7   Thumb Code     0  startup_stm32h743xx.o(.text)
    SWPMI1_IRQHandler                        0x080002d7   Thumb Code     0  startup_stm32h743xx.o(.text)
    TAMP_STAMP_IRQHandler                    0x080002d7   Thumb Code     0  startup_stm32h743xx.o(.text)
    TIM15_IRQHandler                         0x080002d7   Thumb Code     0  startup_stm32h743xx.o(.text)
    TIM16_IRQHandler                         0x080002d7   Thumb Code     0  startup_stm32h743xx.o(.text)
    TIM17_IRQHandler                         0x080002d7   Thumb Code     0  startup_stm32h743xx.o(.text)
    TIM1_BRK_IRQHandler                      0x080002d7   Thumb Code     0  startup_stm32h743xx.o(.text)
    TIM1_CC_IRQHandler                       0x080002d7   Thumb Code     0  startup_stm32h743xx.o(.text)
    TIM1_TRG_COM_IRQHandler                  0x080002d7   Thumb Code     0  startup_stm32h743xx.o(.text)
    TIM1_UP_IRQHandler                       0x080002d7   Thumb Code     0  startup_stm32h743xx.o(.text)
    TIM2_IRQHandler                          0x080002d7   Thumb Code     0  startup_stm32h743xx.o(.text)
    TIM3_IRQHandler                          0x080002d7   Thumb Code     0  startup_stm32h743xx.o(.text)
    TIM4_IRQHandler                          0x080002d7   Thumb Code     0  startup_stm32h743xx.o(.text)
    TIM5_IRQHandler                          0x080002d7   Thumb Code     0  startup_stm32h743xx.o(.text)
    TIM6_DAC_IRQHandler                      0x080002d7   Thumb Code     0  startup_stm32h743xx.o(.text)
    TIM7_IRQHandler                          0x080002d7   Thumb Code     0  startup_stm32h743xx.o(.text)
    TIM8_BRK_TIM12_IRQHandler                0x080002d7   Thumb Code     0  startup_stm32h743xx.o(.text)
    TIM8_CC_IRQHandler                       0x080002d7   Thumb Code     0  startup_stm32h743xx.o(.text)
    TIM8_TRG_COM_TIM14_IRQHandler            0x080002d7   Thumb Code     0  startup_stm32h743xx.o(.text)
    TIM8_UP_TIM13_IRQHandler                 0x080002d7   Thumb Code     0  startup_stm32h743xx.o(.text)
    UART4_IRQHandler                         0x080002d7   Thumb Code     0  startup_stm32h743xx.o(.text)
    UART5_IRQHandler                         0x080002d7   Thumb Code     0  startup_stm32h743xx.o(.text)
    UART7_IRQHandler                         0x080002d7   Thumb Code     0  startup_stm32h743xx.o(.text)
    UART8_IRQHandler                         0x080002d7   Thumb Code     0  startup_stm32h743xx.o(.text)
    USART1_IRQHandler                        0x080002d7   Thumb Code     0  startup_stm32h743xx.o(.text)
    USART2_IRQHandler                        0x080002d7   Thumb Code     0  startup_stm32h743xx.o(.text)
    USART3_IRQHandler                        0x080002d7   Thumb Code     0  startup_stm32h743xx.o(.text)
    USART6_IRQHandler                        0x080002d7   Thumb Code     0  startup_stm32h743xx.o(.text)
    WAKEUP_PIN_IRQHandler                    0x080002d7   Thumb Code     0  startup_stm32h743xx.o(.text)
    WWDG_IRQHandler                          0x080002d7   Thumb Code     0  startup_stm32h743xx.o(.text)
    __aeabi_uldivmod                         0x080002e1   Thumb Code    98  uldiv.o(.text)
    __aeabi_memcpy                           0x08000343   Thumb Code    36  memcpya.o(.text)
    __aeabi_memcpy4                          0x08000343   Thumb Code     0  memcpya.o(.text)
    __aeabi_memcpy8                          0x08000343   Thumb Code     0  memcpya.o(.text)
    __aeabi_memset                           0x08000367   Thumb Code    14  memseta.o(.text)
    __aeabi_memset4                          0x08000367   Thumb Code     0  memseta.o(.text)
    __aeabi_memset8                          0x08000367   Thumb Code     0  memseta.o(.text)
    __aeabi_memclr                           0x08000375   Thumb Code     4  memseta.o(.text)
    __aeabi_memclr4                          0x08000375   Thumb Code     0  memseta.o(.text)
    __aeabi_memclr8                          0x08000375   Thumb Code     0  memseta.o(.text)
    _memset$wrapper                          0x08000379   Thumb Code    18  memseta.o(.text)
    strlen                                   0x0800038b   Thumb Code    14  strlen.o(.text)
    memcmp                                   0x08000399   Thumb Code    26  memcmp.o(.text)
    strcpy                                   0x080003b3   Thumb Code    18  strcpy.o(.text)
    __aeabi_llsl                             0x080003c5   Thumb Code    30  llshl.o(.text)
    _ll_shift_l                              0x080003c5   Thumb Code     0  llshl.o(.text)
    __aeabi_llsr                             0x080003e3   Thumb Code    32  llushr.o(.text)
    _ll_ushift_r                             0x080003e3   Thumb Code     0  llushr.o(.text)
    __scatterload                            0x08000405   Thumb Code    28  init.o(.text)
    __scatterload_rt2                        0x08000405   Thumb Code     0  init.o(.text)
    __decompress                             0x08000429   Thumb Code     0  __dczerorl2.o(.text)
    __decompress1                            0x08000429   Thumb Code    86  __dczerorl2.o(.text)
    BusFault_Handler                         0x0800047f   Thumb Code     2  stm32h7xx_it.o(i.BusFault_Handler)
    DebugMon_Handler                         0x08000481   Thumb Code     2  stm32h7xx_it.o(i.DebugMon_Handler)
    ETH_IRQHandler                           0x08000485   Thumb Code     6  stm32h7xx_it.o(i.ETH_IRQHandler)
    ETH_PHY_IO_DeInit                        0x08000569   Thumb Code     4  ethernetif.o(i.ETH_PHY_IO_DeInit)
    ETH_PHY_IO_GetTick                       0x0800056d   Thumb Code     4  ethernetif.o(i.ETH_PHY_IO_GetTick)
    ETH_PHY_IO_Init                          0x08000571   Thumb Code    12  ethernetif.o(i.ETH_PHY_IO_Init)
    ETH_PHY_IO_ReadReg                       0x08000581   Thumb Code    24  ethernetif.o(i.ETH_PHY_IO_ReadReg)
    ETH_PHY_IO_WriteReg                      0x0800059d   Thumb Code    24  ethernetif.o(i.ETH_PHY_IO_WriteReg)
    Error_Handler                            0x08000b15   Thumb Code     2  main.o(i.Error_Handler)
    FLASH_Erase_Sector                       0x08000b19   Thumb Code    80  stm32h7xx_hal_flash_ex.o(i.FLASH_Erase_Sector)
    FLASH_WaitForLastOperation               0x08000bed   Thumb Code   182  stm32h7xx_hal_flash.o(i.FLASH_WaitForLastOperation)
    HAL_Delay                                0x08000cbd   Thumb Code    32  stm32h7xx_hal.o(i.HAL_Delay)
    HAL_ETH_BuildRxDescriptors               0x08000ce1   Thumb Code   120  stm32h7xx_hal_eth.o(i.HAL_ETH_BuildRxDescriptors)
    HAL_ETH_DMAErrorCallback                 0x08000d59   Thumb Code     2  stm32h7xx_hal_eth.o(i.HAL_ETH_DMAErrorCallback)
    HAL_ETH_DescAssignMemory                 0x08000d5b   Thumb Code    60  stm32h7xx_hal_eth.o(i.HAL_ETH_DescAssignMemory)
    HAL_ETH_EEECallback                      0x08000d97   Thumb Code     2  stm32h7xx_hal_eth.o(i.HAL_ETH_EEECallback)
    HAL_ETH_GetMACConfig                     0x08000d99   Thumb Code   460  stm32h7xx_hal_eth.o(i.HAL_ETH_GetMACConfig)
    HAL_ETH_GetRxDataBuffer                  0x08000f65   Thumb Code   154  stm32h7xx_hal_eth.o(i.HAL_ETH_GetRxDataBuffer)
    HAL_ETH_GetRxDataLength                  0x08000fff   Thumb Code    52  stm32h7xx_hal_eth.o(i.HAL_ETH_GetRxDataLength)
    HAL_ETH_IRQHandler                       0x08001033   Thumb Code   296  stm32h7xx_hal_eth.o(i.HAL_ETH_IRQHandler)
    HAL_ETH_Init                             0x0800115d   Thumb Code   474  stm32h7xx_hal_eth.o(i.HAL_ETH_Init)
    HAL_ETH_IsRxDataAvailable                0x08001361   Thumb Code   206  stm32h7xx_hal_eth.o(i.HAL_ETH_IsRxDataAvailable)
    HAL_ETH_MACErrorCallback                 0x0800142f   Thumb Code     2  stm32h7xx_hal_eth.o(i.HAL_ETH_MACErrorCallback)
    HAL_ETH_MspInit                          0x08001431   Thumb Code   228  ethernetif.o(i.HAL_ETH_MspInit)
    HAL_ETH_PMTCallback                      0x08001529   Thumb Code     2  stm32h7xx_hal_eth.o(i.HAL_ETH_PMTCallback)
    HAL_ETH_ReadPHYRegister                  0x0800152d   Thumb Code   100  stm32h7xx_hal_eth.o(i.HAL_ETH_ReadPHYRegister)
    HAL_ETH_RxCpltCallback                   0x08001591   Thumb Code     2  stm32h7xx_hal_eth.o(i.HAL_ETH_RxCpltCallback)
    HAL_ETH_SetMACConfig                     0x08001593   Thumb Code    22  stm32h7xx_hal_eth.o(i.HAL_ETH_SetMACConfig)
    HAL_ETH_SetMDIOClockRange                0x080015a9   Thumb Code    88  stm32h7xx_hal_eth.o(i.HAL_ETH_SetMDIOClockRange)
    HAL_ETH_Start                            0x08001621   Thumb Code   116  stm32h7xx_hal_eth.o(i.HAL_ETH_Start)
    HAL_ETH_Stop                             0x08001695   Thumb Code    92  stm32h7xx_hal_eth.o(i.HAL_ETH_Stop)
    HAL_ETH_Transmit                         0x080016f1   Thumb Code   184  stm32h7xx_hal_eth.o(i.HAL_ETH_Transmit)
    HAL_ETH_TxCpltCallback                   0x080017a9   Thumb Code     2  stm32h7xx_hal_eth.o(i.HAL_ETH_TxCpltCallback)
    HAL_ETH_WakeUpCallback                   0x080017ab   Thumb Code     2  stm32h7xx_hal_eth.o(i.HAL_ETH_WakeUpCallback)
    HAL_ETH_WritePHYRegister                 0x080017ad   Thumb Code    94  stm32h7xx_hal_eth.o(i.HAL_ETH_WritePHYRegister)
    HAL_FLASHEx_Erase                        0x08001811   Thumb Code   268  stm32h7xx_hal_flash_ex.o(i.HAL_FLASHEx_Erase)
    HAL_FLASH_Lock                           0x08001925   Thumb Code    44  stm32h7xx_hal_flash.o(i.HAL_FLASH_Lock)
    HAL_FLASH_Program                        0x08001955   Thumb Code   172  stm32h7xx_hal_flash.o(i.HAL_FLASH_Program)
    HAL_FLASH_Unlock                         0x08001a09   Thumb Code    54  stm32h7xx_hal_flash.o(i.HAL_FLASH_Unlock)
    HAL_GPIO_Init                            0x08001a4d   Thumb Code   458  stm32h7xx_hal_gpio.o(i.HAL_GPIO_Init)
    HAL_GetREVID                             0x08001c49   Thumb Code     8  stm32h7xx_hal.o(i.HAL_GetREVID)
    HAL_GetTick                              0x08001c55   Thumb Code     6  stm32h7xx_hal.o(i.HAL_GetTick)
    HAL_IncTick                              0x08001c61   Thumb Code    12  stm32h7xx_hal.o(i.HAL_IncTick)
    HAL_Init                                 0x08001c71   Thumb Code    72  stm32h7xx_hal.o(i.HAL_Init)
    HAL_InitTick                             0x08001cc9   Thumb Code    56  stm32h7xx_hal.o(i.HAL_InitTick)
    HAL_MPU_ConfigRegion                     0x08001d09   Thumb Code    86  stm32h7xx_hal_cortex.o(i.HAL_MPU_ConfigRegion)
    HAL_MPU_Disable                          0x08001d65   Thumb Code    24  stm32h7xx_hal_cortex.o(i.HAL_MPU_Disable)
    HAL_MPU_Enable                           0x08001d81   Thumb Code    30  stm32h7xx_hal_cortex.o(i.HAL_MPU_Enable)
    HAL_MspInit                              0x08001da5   Thumb Code    22  stm32h7xx_hal_msp.o(i.HAL_MspInit)
    HAL_NVIC_EnableIRQ                       0x08001dc1   Thumb Code    26  stm32h7xx_hal_cortex.o(i.HAL_NVIC_EnableIRQ)
    HAL_NVIC_SetPriority                     0x08001ddd   Thumb Code    60  stm32h7xx_hal_cortex.o(i.HAL_NVIC_SetPriority)
    HAL_NVIC_SetPriorityGrouping             0x08001e1d   Thumb Code    28  stm32h7xx_hal_cortex.o(i.HAL_NVIC_SetPriorityGrouping)
    HAL_PWREx_ConfigSupply                   0x08001e41   Thumb Code    76  stm32h7xx_hal_pwr_ex.o(i.HAL_PWREx_ConfigSupply)
    HAL_RCCEx_GetD1SysClockFreq              0x08001e91   Thumb Code    30  stm32h7xx_hal_rcc_ex.o(i.HAL_RCCEx_GetD1SysClockFreq)
    HAL_RCCEx_GetD3PCLK1Freq                 0x08001ebd   Thumb Code    26  stm32h7xx_hal_rcc_ex.o(i.HAL_RCCEx_GetD3PCLK1Freq)
    HAL_RCCEx_GetPLL2ClockFreq               0x08001ee1   Thumb Code   296  stm32h7xx_hal_rcc_ex.o(i.HAL_RCCEx_GetPLL2ClockFreq)
    HAL_RCCEx_GetPLL3ClockFreq               0x08002025   Thumb Code   296  stm32h7xx_hal_rcc_ex.o(i.HAL_RCCEx_GetPLL3ClockFreq)
    HAL_RCCEx_PeriphCLKConfig                0x08002169   Thumb Code  2230  stm32h7xx_hal_rcc_ex.o(i.HAL_RCCEx_PeriphCLKConfig)
    HAL_RCC_ClockConfig                      0x08002a21   Thumb Code   560  stm32h7xx_hal_rcc.o(i.HAL_RCC_ClockConfig)
    HAL_RCC_GetHCLKFreq                      0x08002c65   Thumb Code    30  stm32h7xx_hal_rcc.o(i.HAL_RCC_GetHCLKFreq)
    HAL_RCC_GetPCLK1Freq                     0x08002c91   Thumb Code    26  stm32h7xx_hal_rcc.o(i.HAL_RCC_GetPCLK1Freq)
    HAL_RCC_GetPCLK2Freq                     0x08002cb5   Thumb Code    26  stm32h7xx_hal_rcc.o(i.HAL_RCC_GetPCLK2Freq)
    HAL_RCC_GetSysClockFreq                  0x08002cd9   Thumb Code   278  stm32h7xx_hal_rcc.o(i.HAL_RCC_GetSysClockFreq)
    HAL_RCC_OscConfig                        0x08002e11   Thumb Code  1206  stm32h7xx_hal_rcc.o(i.HAL_RCC_OscConfig)
    HAL_SYSCFG_ETHInterfaceSelect            0x080032c9   Thumb Code    14  stm32h7xx_hal.o(i.HAL_SYSCFG_ETHInterfaceSelect)
    HAL_SYSTICK_Config                       0x080032dd   Thumb Code    38  stm32h7xx_hal_cortex.o(i.HAL_SYSTICK_Config)
    HAL_UARTEx_EnableFifoMode                0x08003303   Thumb Code    72  stm32h7xx_hal_uart_ex.o(i.HAL_UARTEx_EnableFifoMode)
    HAL_UARTEx_SetRxFifoThreshold            0x0800334b   Thumb Code    76  stm32h7xx_hal_uart_ex.o(i.HAL_UARTEx_SetRxFifoThreshold)
    HAL_UARTEx_SetTxFifoThreshold            0x08003397   Thumb Code    76  stm32h7xx_hal_uart_ex.o(i.HAL_UARTEx_SetTxFifoThreshold)
    HAL_UART_Init                            0x080033e3   Thumb Code   106  stm32h7xx_hal_uart.o(i.HAL_UART_Init)
    HAL_UART_MspInit                         0x0800344d   Thumb Code    88  usart.o(i.HAL_UART_MspInit)
    HAL_UART_Transmit                        0x080034b1   Thumb Code   190  stm32h7xx_hal_uart.o(i.HAL_UART_Transmit)
    HardFault_Handler                        0x0800356f   Thumb Code     2  stm32h7xx_it.o(i.HardFault_Handler)
    LAN8742_GetLinkState                     0x08003571   Thumb Code   148  lan8742.o(i.LAN8742_GetLinkState)
    LAN8742_Init                             0x08003605   Thumb Code   210  lan8742.o(i.LAN8742_Init)
    LAN8742_RegisterBusIO                    0x080036d7   Thumb Code    44  lan8742.o(i.LAN8742_RegisterBusIO)
    MX_GPIO_Init                             0x08003791   Thumb Code    70  gpio.o(i.MX_GPIO_Init)
    MX_LWIP_Init                             0x080037dd   Thumb Code   230  lwip.o(i.MX_LWIP_Init)
    MX_LWIP_Process                          0x080038d5   Thumb Code    16  lwip.o(i.MX_LWIP_Process)
    MX_USART1_UART_Init                      0x080038e9   Thumb Code    94  usart.o(i.MX_USART1_UART_Init)
    MemManage_Handler                        0x08003951   Thumb Code     2  stm32h7xx_it.o(i.MemManage_Handler)
    NMI_Handler                              0x08003953   Thumb Code     2  stm32h7xx_it.o(i.NMI_Handler)
    PendSV_Handler                           0x08003955   Thumb Code     2  stm32h7xx_it.o(i.PendSV_Handler)
    STMFLASH_GetFlashSector                  0x08003bbd   Thumb Code    74  stmflash.o(i.STMFLASH_GetFlashSector)
    STMFLASH_Write                           0x08003c25   Thumb Code   212  stmflash.o(i.STMFLASH_Write)
    SVC_Handler                              0x08003d05   Thumb Code     2  stm32h7xx_it.o(i.SVC_Handler)
    SysTick_Handler                          0x08003d07   Thumb Code     4  stm32h7xx_it.o(i.SysTick_Handler)
    SystemClock_Config                       0x08003d0d   Thumb Code   162  main.o(i.SystemClock_Config)
    SystemInit                               0x08003db9   Thumb Code   134  system_stm32h7xx.o(i.SystemInit)
    UART_AdvFeatureConfig                    0x08003eb9   Thumb Code   200  stm32h7xx_hal_uart.o(i.UART_AdvFeatureConfig)
    UART_CheckIdleState                      0x08003f81   Thumb Code    94  stm32h7xx_hal_uart.o(i.UART_CheckIdleState)
    UART_SetConfig                           0x08003fe1   Thumb Code  3084  stm32h7xx_hal_uart.o(i.UART_SetConfig)
    UART_WaitOnFlagUntilTimeout              0x08004bf1   Thumb Code   164  stm32h7xx_hal_uart.o(i.UART_WaitOnFlagUntilTimeout)
    UsageFault_Handler                       0x08004c95   Thumb Code     2  stm32h7xx_it.o(i.UsageFault_Handler)
    __0printf$5                              0x08004c99   Thumb Code    22  printf5.o(i.__0printf$5)
    __1printf$5                              0x08004c99   Thumb Code     0  printf5.o(i.__0printf$5)
    __2printf                                0x08004c99   Thumb Code     0  printf5.o(i.__0printf$5)
    __0sprintf$5                             0x08004cb9   Thumb Code    34  printf5.o(i.__0sprintf$5)
    __1sprintf$5                             0x08004cb9   Thumb Code     0  printf5.o(i.__0sprintf$5)
    __2sprintf                               0x08004cb9   Thumb Code     0  printf5.o(i.__0sprintf$5)
    __scatterload_copy                       0x08004d03   Thumb Code    14  handlers.o(i.__scatterload_copy)
    __scatterload_null                       0x08004d11   Thumb Code     2  handlers.o(i.__scatterload_null)
    __scatterload_zeroinit                   0x08004d13   Thumb Code    14  handlers.o(i.__scatterload_zeroinit)
    etharp_cleanup_netif                     0x08005149   Thumb Code    42  etharp.o(i.etharp_cleanup_netif)
    etharp_input                             0x080053f5   Thumb Code   148  etharp.o(i.etharp_input)
    etharp_output                            0x080054f9   Thumb Code   272  etharp.o(i.etharp_output)
    etharp_query                             0x080057b1   Thumb Code   300  etharp.o(i.etharp_query)
    etharp_request                           0x08005af9   Thumb Code     6  etharp.o(i.etharp_request)
    etharp_tmr                               0x08005b25   Thumb Code    92  etharp.o(i.etharp_tmr)
    ethernet_input                           0x08005ca1   Thumb Code   154  ethernet.o(i.ethernet_input)
    ethernet_link_check_state                0x08005d41   Thumb Code   136  ethernetif.o(i.ethernet_link_check_state)
    ethernet_output                          0x08005dcd   Thumb Code    98  ethernet.o(i.ethernet_output)
    ethernetif_init                          0x08005ec5   Thumb Code    50  ethernetif.o(i.ethernetif_init)
    ethernetif_input                         0x08005f4d   Thumb Code    34  ethernetif.o(i.ethernetif_input)
    fputc                                    0x08005f71   Thumb Code    18  usart.o(i.fputc)
    get_tcp_recv_data_flag                   0x08005f89   Thumb Code    12  tcp_echoserver.o(i.get_tcp_recv_data_flag)
    iap_load_app                             0x08005f9d   Thumb Code    68  iap.o(i.iap_load_app)
    icmp_dest_unreach                        0x08006039   Thumb Code     8  icmp.o(i.icmp_dest_unreach)
    icmp_input                               0x08006041   Thumb Code   278  icmp.o(i.icmp_input)
    icmp_time_exceeded                       0x08006335   Thumb Code     8  icmp.o(i.icmp_time_exceeded)
    ip4_addr_isbroadcast_u32                 0x0800633d   Thumb Code    46  ip4_addr.o(i.ip4_addr_isbroadcast_u32)
    ip4_frag                                 0x0800636d   Thumb Code   390  ip4_frag.o(i.ip4_frag)
    ip4_input                                0x080065c1   Thumb Code   410  ip4.o(i.ip4_input)
    ip4_output_if                            0x08006765   Thumb Code    30  ip4.o(i.ip4_output_if)
    ip4_output_if_src                        0x08006785   Thumb Code   206  ip4.o(i.ip4_output_if_src)
    ip4_reass                                0x080068f5   Thumb Code   432  ip4_frag.o(i.ip4_reass)
    ip4_route                                0x08006aa9   Thumb Code    82  ip4.o(i.ip4_route)
    ip_reass_tmr                             0x080070c1   Thumb Code    40  ip4_frag.o(i.ip_reass_tmr)
    lwip_htonl                               0x08007361   Thumb Code     4  def.o(i.lwip_htonl)
    lwip_htons                               0x08007365   Thumb Code     4  def.o(i.lwip_htons)
    lwip_init                                0x08007369   Thumb Code    30  init.o(i.lwip_init)
    main                                     0x08007389   Thumb Code   442  main.o(i.main)
    mem_free                                 0x080075cd   Thumb Code   110  mem.o(i.mem_free)
    mem_init                                 0x080076e9   Thumb Code    42  mem.o(i.mem_init)
    mem_malloc                               0x0800771d   Thumb Code   256  mem.o(i.mem_malloc)
    mem_trim                                 0x08007919   Thumb Code   246  mem.o(i.mem_trim)
    memp_free                                0x08007aa5   Thumb Code    34  memp.o(i.memp_free)
    memp_free_pool                           0x08007b41   Thumb Code    26  memp.o(i.memp_free_pool)
    memp_init                                0x08007bc9   Thumb Code    26  memp.o(i.memp_init)
    memp_init_pool                           0x08007be9   Thumb Code    42  memp.o(i.memp_init_pool)
    memp_malloc                              0x08007c15   Thumb Code    38  memp.o(i.memp_malloc)
    memp_malloc_pool                         0x08007cb9   Thumb Code    30  memp.o(i.memp_malloc_pool)
    netif_add                                0x08007d45   Thumb Code   106  netif.o(i.netif_add)
    netif_init                               0x08007e29   Thumb Code     2  netif.o(i.netif_init)
    netif_set_addr                           0x08007e45   Thumb Code    72  netif.o(i.netif_set_addr)
    netif_set_default                        0x08007e8d   Thumb Code     6  netif.o(i.netif_set_default)
    netif_set_down                           0x08007e99   Thumb Code    26  netif.o(i.netif_set_down)
    netif_set_gw                             0x08007eb3   Thumb Code     8  netif.o(i.netif_set_gw)
    netif_set_ipaddr                         0x08007ebd   Thumb Code    60  netif.o(i.netif_set_ipaddr)
    netif_set_link_down                      0x08007efd   Thumb Code    18  netif.o(i.netif_set_link_down)
    netif_set_link_up                        0x08007f0f   Thumb Code    28  netif.o(i.netif_set_link_up)
    netif_set_netmask                        0x08007f2b   Thumb Code     8  netif.o(i.netif_set_netmask)
    netif_set_up                             0x08007f33   Thumb Code    28  netif.o(i.netif_set_up)
    pbuf_alloc                               0x08007f51   Thumb Code   478  pbuf.o(i.pbuf_alloc)
    pbuf_alloced_custom                      0x080082cd   Thumb Code    98  pbuf.o(i.pbuf_alloced_custom)
    pbuf_cat                                 0x080083ad   Thumb Code    96  pbuf.o(i.pbuf_cat)
    pbuf_chain                               0x080084dd   Thumb Code    18  pbuf.o(i.pbuf_chain)
    pbuf_clen                                0x080084ef   Thumb Code    18  pbuf.o(i.pbuf_clen)
    pbuf_copy                                0x08008501   Thumb Code   242  pbuf.o(i.pbuf_copy)
    pbuf_copy_partial                        0x080086ed   Thumb Code   126  pbuf.o(i.pbuf_copy_partial)
    pbuf_free                                0x08008809   Thumb Code   174  pbuf.o(i.pbuf_free)
    pbuf_free_custom                         0x08008971   Thumb Code    24  ethernetif.o(i.pbuf_free_custom)
    pbuf_free_ooseq                          0x0800898d   Thumb Code    34  pbuf.o(i.pbuf_free_ooseq)
    pbuf_header                              0x080089b9   Thumb Code     6  pbuf.o(i.pbuf_header)
    pbuf_header_force                        0x080089bf   Thumb Code     6  pbuf.o(i.pbuf_header_force)
    pbuf_realloc                             0x08008ae9   Thumb Code   196  pbuf.o(i.pbuf_realloc)
    pbuf_ref                                 0x08008c81   Thumb Code    32  pbuf.o(i.pbuf_ref)
    pbuf_take                                0x08008d0d   Thumb Code   162  pbuf.o(i.pbuf_take)
    process_tftp_request                     0x08009009   Thumb Code   156  tftpserver.o(i.process_tftp_request)
    rrq_recv_callback                        0x08009131   Thumb Code    86  tftpserver.o(i.rrq_recv_callback)
    server_recv_callback                     0x08009187   Thumb Code    24  tftpserver.o(i.server_recv_callback)
    sys_check_timeouts                       0x080091a1   Thumb Code    80  timeouts.o(i.sys_check_timeouts)
    sys_now                                  0x080091f9   Thumb Code     4  ethernetif.o(i.sys_now)
    sys_timeout                              0x080091fd   Thumb Code   156  timeouts.o(i.sys_timeout)
    sys_timeouts_init                        0x08009339   Thumb Code    38  timeouts.o(i.sys_timeouts_init)
    tcp_abandon                              0x0800936d   Thumb Code   230  tcp.o(i.tcp_abandon)
    tcp_abort                                0x080094e5   Thumb Code     6  tcp.o(i.tcp_abort)
    tcp_accept                               0x080094eb   Thumb Code    14  tcp.o(i.tcp_accept)
    tcp_alloc                                0x08009509   Thumb Code   248  tcp.o(i.tcp_alloc)
    tcp_arg                                  0x0800960d   Thumb Code     8  tcp.o(i.tcp_arg)
    tcp_bind                                 0x08009615   Thumb Code   152  tcp.o(i.tcp_bind)
    tcp_close                                0x08009739   Thumb Code    20  tcp.o(i.tcp_close)
    tcp_echoserver_init                      0x08009b81   Thumb Code    50  tcp_echoserver.o(i.tcp_echoserver_init)
    tcp_eff_send_mss_impl                    0x08009d65   Thumb Code    34  tcp.o(i.tcp_eff_send_mss_impl)
    tcp_enqueue_flags                        0x08009d89   Thumb Code   262  tcp_out.o(i.tcp_enqueue_flags)
    tcp_err                                  0x08009f99   Thumb Code    34  tcp.o(i.tcp_err)
    tcp_fasttmr                              0x0800a03d   Thumb Code   102  tcp.o(i.tcp_fasttmr)
    tcp_init                                 0x0800a0d9   Thumb Code     2  tcp.o(i.tcp_init)
    tcp_input                                0x0800a0dd   Thumb Code  1496  tcp_in.o(i.tcp_input)
    tcp_keepalive                            0x0800a6f5   Thumb Code    82  tcp_out.o(i.tcp_keepalive)
    tcp_listen_with_backlog                  0x0800a9c5   Thumb Code     6  tcp.o(i.tcp_listen_with_backlog)
    tcp_listen_with_backlog_and_err          0x0800a9cd   Thumb Code   158  tcp.o(i.tcp_listen_with_backlog_and_err)
    tcp_netif_ip_addr_changed                0x0800aaf1   Thumb Code    72  tcp.o(i.tcp_netif_ip_addr_changed)
    tcp_new                                  0x0800ab5f   Thumb Code     6  tcp.o(i.tcp_new)
    tcp_next_iss                             0x0800abc1   Thumb Code    12  tcp.o(i.tcp_next_iss)
    tcp_output                               0x0800ac4d   Thumb Code   562  tcp_out.o(i.tcp_output)
    tcp_pcb_purge                            0x0800b22d   Thumb Code    66  tcp.o(i.tcp_pcb_purge)
    tcp_pcb_remove                           0x0800b271   Thumb Code   140  tcp.o(i.tcp_pcb_remove)
    tcp_poll                                 0x0800b3a1   Thumb Code    36  tcp.o(i.tcp_poll)
    tcp_process_refused_data                 0x0800b8c5   Thumb Code   108  tcp.o(i.tcp_process_refused_data)
    tcp_recv                                 0x0800c365   Thumb Code    34  tcp.o(i.tcp_recv)
    tcp_recv_null                            0x0800c409   Thumb Code    36  tcp.o(i.tcp_recv_null)
    tcp_recved                               0x0800c42d   Thumb Code   106  tcp.o(i.tcp_recved)
    tcp_rexmit                               0x0800c53d   Thumb Code    86  tcp_out.o(i.tcp_rexmit)
    tcp_rexmit_fast                          0x0800c593   Thumb Code    88  tcp_out.o(i.tcp_rexmit_fast)
    tcp_rexmit_rto                           0x0800c5eb   Thumb Code    48  tcp_out.o(i.tcp_rexmit_rto)
    tcp_rst                                  0x0800c61d   Thumb Code   148  tcp_out.o(i.tcp_rst)
    tcp_seg_copy                             0x0800c73d   Thumb Code    40  tcp.o(i.tcp_seg_copy)
    tcp_seg_free                             0x0800c765   Thumb Code    28  tcp.o(i.tcp_seg_free)
    tcp_segs_free                            0x0800c781   Thumb Code    18  tcp.o(i.tcp_segs_free)
    tcp_send_empty_ack                       0x0800c793   Thumb Code   114  tcp_out.o(i.tcp_send_empty_ack)
    tcp_send_fin                             0x0800c805   Thumb Code    68  tcp_out.o(i.tcp_send_fin)
    tcp_sent                                 0x0800c849   Thumb Code    32  tcp.o(i.tcp_sent)
    tcp_server_usersent                      0x0800c8e9   Thumb Code    68  tcp_echoserver.o(i.tcp_server_usersent)
    tcp_setprio                              0x0800c931   Thumb Code     4  tcp.o(i.tcp_setprio)
    tcp_slowtmr                              0x0800c935   Thumb Code   786  tcp.o(i.tcp_slowtmr)
    tcp_timer_needed                         0x0800ce11   Thumb Code    36  timeouts.o(i.tcp_timer_needed)
    tcp_tmr                                  0x0800cead   Thumb Code    28  tcp.o(i.tcp_tmr)
    tcp_trigger_input_pcb_close              0x0800cecd   Thumb Code    12  tcp_in.o(i.tcp_trigger_input_pcb_close)
    tcp_update_rcv_ann_wnd                   0x0800cedd   Thumb Code    76  tcp.o(i.tcp_update_rcv_ann_wnd)
    tcp_write                                0x0800cf9d   Thumb Code  1680  tcp_out.o(i.tcp_write)
    tcp_zero_window_probe                    0x0800d76d   Thumb Code   174  tcp_out.o(i.tcp_zero_window_probe)
    tftp_cleanup_rd                          0x0800d855   Thumb Code    38  tftpserver.o(i.tftp_cleanup_rd)
    tftp_cleanup_wr                          0x0800d885   Thumb Code    38  tftpserver.o(i.tftp_cleanup_wr)
    tftp_construct_error_message             0x0800d8b5   Thumb Code    44  tftpserver.o(i.tftp_construct_error_message)
    tftp_decode_op                           0x0800d8e5   Thumb Code     4  tftputils.o(i.tftp_decode_op)
    tftp_extract_block                       0x0800d8e9   Thumb Code     6  tftputils.o(i.tftp_extract_block)
    tftp_extract_filename                    0x0800d8ef   Thumb Code     6  tftputils.o(i.tftp_extract_filename)
    tftp_is_correct_ack                      0x0800d8f5   Thumb Code    26  tftputils.o(i.tftp_is_correct_ack)
    tftp_process_read                        0x0800d911   Thumb Code   100  tftpserver.o(i.tftp_process_read)
    tftp_process_write                       0x0800d979   Thumb Code   102  tftpserver.o(i.tftp_process_write)
    tftp_send_ack_packet                     0x0800d9e9   Thumb Code    48  tftpserver.o(i.tftp_send_ack_packet)
    tftp_send_data_packet                    0x0800da19   Thumb Code    52  tftpserver.o(i.tftp_send_data_packet)
    tftp_send_error_message                  0x0800da4d   Thumb Code    40  tftpserver.o(i.tftp_send_error_message)
    tftp_send_message                        0x0800da75   Thumb Code    70  tftpserver.o(i.tftp_send_message)
    tftp_send_next_block                     0x0800dabd   Thumb Code   116  tftpserver.o(i.tftp_send_next_block)
    tftp_server_init                         0x0800db31   Thumb Code    42  tftpserver.o(i.tftp_server_init)
    tftp_set_block                           0x0800db69   Thumb Code    14  tftputils.o(i.tftp_set_block)
    tftp_set_errorcode                       0x0800db77   Thumb Code     8  tftputils.o(i.tftp_set_errorcode)
    tftp_set_errormsg                        0x0800db7f   Thumb Code     6  tftputils.o(i.tftp_set_errormsg)
    tftp_set_opcode                          0x0800db85   Thumb Code     8  tftputils.o(i.tftp_set_opcode)
    udp_bind                                 0x0800db8d   Thumb Code   174  udp.o(i.udp_bind)
    udp_connect                              0x0800dc45   Thumb Code    76  udp.o(i.udp_connect)
    udp_disconnect                           0x0800dc95   Thumb Code    16  udp.o(i.udp_disconnect)
    udp_init                                 0x0800dca5   Thumb Code     2  udp.o(i.udp_init)
    udp_input                                0x0800dca9   Thumb Code   294  udp.o(i.udp_input)
    udp_netif_ip_addr_changed                0x0800de45   Thumb Code    48  udp.o(i.udp_netif_ip_addr_changed)
    udp_new                                  0x0800de79   Thumb Code    26  udp.o(i.udp_new)
    udp_recv                                 0x0800de93   Thumb Code     6  udp.o(i.udp_recv)
    udp_remove                               0x0800de99   Thumb Code    42  udp.o(i.udp_remove)
    udp_sendto                               0x0800dec9   Thumb Code    50  udp.o(i.udp_sendto)
    udp_sendto_if                            0x0800defb   Thumb Code    54  udp.o(i.udp_sendto_if)
    udp_sendto_if_src                        0x0800df31   Thumb Code   186  udp.o(i.udp_sendto_if_src)
    wrq_recv_callback                        0x0800e075   Thumb Code   266  tftpserver.o(i.wrq_recv_callback)
    memp_RX_POOL                             0x0800e1b0   Data          12  ethernetif.o(.constdata)
    D1CorePrescTable                         0x0800e1bc   Data          16  system_stm32h7xx.o(.constdata)
    ethbroadcast                             0x0800e1cc   Data           6  ethernet.o(.constdata)
    ethzero                                  0x0800e1d2   Data           6  ethernet.o(.constdata)
    memp_UDP_PCB                             0x0800e1d8   Data          12  memp.o(.constdata)
    memp_TCP_PCB                             0x0800e1e4   Data          12  memp.o(.constdata)
    memp_TCP_PCB_LISTEN                      0x0800e1f0   Data          12  memp.o(.constdata)
    memp_TCP_SEG                             0x0800e1fc   Data          12  memp.o(.constdata)
    memp_REASSDATA                           0x0800e208   Data          12  memp.o(.constdata)
    memp_FRAG_PBUF                           0x0800e214   Data          12  memp.o(.constdata)
    memp_SYS_TIMEOUT                         0x0800e220   Data          12  memp.o(.constdata)
    memp_PBUF                                0x0800e22c   Data          12  memp.o(.constdata)
    memp_PBUF_POOL                           0x0800e238   Data          12  memp.o(.constdata)
    memp_pools                               0x0800e244   Data          36  memp.o(.constdata)
    tcp_pcb_lists                            0x0800e2ac   Data          16  tcp.o(.constdata)
    lwip_cyclic_timers                       0x0800e2bc   Data          24  timeouts.o(.constdata)
    ip_addr_any                              0x0800e2d4   Data           4  ip4_addr.o(.constdata)
    Region$$Table$$Base                      0x0800e474   Number         0  anon$$obj.o(Region$$Table)
    Region$$Table$$Limit                     0x0800e494   Number         0  anon$$obj.o(Region$$Table)
    tcp_server_flag                          0x24000000   Data           1  tcp_echoserver.o(.data)
    upload_flag                              0x2400000c   Data           1  tftpserver.o(.data)
    FLASH_APP1_ADDR                          0x24000010   Data           4  tftpserver.o(.data)
    tftp_server_pcb                          0x24000018   Data           4  tftpserver.o(.data)
    tftp_errorcode_string                    0x2400001c   Data          32  tftpserver.o(.data)
    jump2app                                 0x2400003c   Data           4  iap.o(.data)
    JUMP_FLASH_APP1_ADDR                     0x24000040   Data           4  main.o(.data)
    ipaddr                                   0x24000044   Data           4  lwip.o(.data)
    netmask                                  0x24000048   Data           4  lwip.o(.data)
    gw                                       0x2400004c   Data           4  lwip.o(.data)
    IP_ADDRESS                               0x24000050   Data           4  lwip.o(.data)
    NETMASK_ADDRESS                          0x24000054   Data           4  lwip.o(.data)
    GATEWAY_ADDRESS                          0x24000058   Data           4  lwip.o(.data)
    LAN8742_IOCtx                            0x2400005c   Data          20  ethernetif.o(.data)
    uwTickFreq                               0x24000074   Data           1  stm32h7xx_hal.o(.data)
    uwTickPrio                               0x24000078   Data           4  stm32h7xx_hal.o(.data)
    uwTick                                   0x2400007c   Data           4  stm32h7xx_hal.o(.data)
    SystemCoreClock                          0x24000080   Data           4  system_stm32h7xx.o(.data)
    SystemD2Clock                            0x24000084   Data           4  system_stm32h7xx.o(.data)
    netif_list                               0x240000bc   Data           4  netif.o(.data)
    netif_default                            0x240000c0   Data           4  netif.o(.data)
    pbuf_free_ooseq_pending                  0x240000c4   Data           1  pbuf.o(.data)
    tcp_active_pcbs_changed                  0x240000c8   Data           1  tcp.o(.data)
    tcp_ticks                                0x240000d4   Data           4  tcp.o(.data)
    tcp_bound_pcbs                           0x240000d8   Data           4  tcp.o(.data)
    tcp_listen_pcbs                          0x240000dc   Data           4  tcp.o(.data)
    tcp_active_pcbs                          0x240000e0   Data           4  tcp.o(.data)
    tcp_tw_pcbs                              0x240000e4   Data           4  tcp.o(.data)
    tcp_input_pcb                            0x24000108   Data           4  tcp_in.o(.data)
    udp_pcbs                                 0x2400011c   Data           4  udp.o(.data)
    __stdout                                 0x2400012c   Data           4  stdout.o(.data)
    tcp_server_recvbuf                       0x24000130   Data         200  tcp_echoserver.o(.bss)
    gnetif                                   0x240001f8   Data          48  lwip.o(.bss)
    heth                                     0x24000228   Data         112  ethernetif.o(.bss)
    TxConfig                                 0x24000298   Data          52  ethernetif.o(.bss)
    LAN8742                                  0x240002cc   Data          32  ethernetif.o(.bss)
    memp_memory_RX_POOL_base                 0x240002ec   Data         203  ethernetif.o(.bss)
    huart1                                   0x240003b8   Data         140  usart.o(.bss)
    pFlash                                   0x24000444   Data          28  stm32h7xx_hal_flash.o(.bss)
    ip_data                                  0x24000460   Data          24  ip.o(.bss)
    ram_heap                                 0x24000478   Data        1619  mem.o(.bss)
    memp_memory_UDP_PCB_base                 0x24000acb   Data         131  memp.o(.bss)
    memp_memory_TCP_PCB_base                 0x24000b4e   Data         763  memp.o(.bss)
    memp_memory_TCP_PCB_LISTEN_base          0x24000e49   Data         227  memp.o(.bss)
    memp_memory_TCP_SEG_base                 0x24000f2c   Data         259  memp.o(.bss)
    memp_memory_REASSDATA_base               0x2400102f   Data         163  memp.o(.bss)
    memp_memory_FRAG_PBUF_base               0x240010d2   Data         363  memp.o(.bss)
    memp_memory_SYS_TIMEOUT_base             0x2400123d   Data          51  memp.o(.bss)
    memp_memory_PBUF_base                    0x24001270   Data         259  memp.o(.bss)
    memp_memory_PBUF_POOL_base               0x24001373   Data        9731  memp.o(.bss)
    __initial_sp                             0x24005a78   Data           0  startup_stm32h743xx.o(STACK)
    DMARxDscrTab                             0x30040000   Data          96  ethernetif.o(.ARM.__AT_0x30040000)
    DMATxDscrTab                             0x30040060   Data          96  ethernetif.o(.ARM.__AT_0x30040060)
    Rx_Buff                                  0x30040200   Data        6144  ethernetif.o(.ARM.__AT_0x30040200)



==============================================================================

Memory Map of the image

  Image Entry point : 0x08000299

  Load Region LR_IROM1 (Base: 0x08000000, Size: 0x0000e5c4, Max: 0x00020000, ABSOLUTE, COMPRESSED[0x0000e4e0])

    Execution Region ER_IROM1 (Exec base: 0x08000000, Load base: 0x08000000, Size: 0x0000e494, Max: 0x00020000, ABSOLUTE)

    Exec Addr    Load Addr    Size         Type   Attr      Idx    E Section Name        Object

    0x08000000   0x08000000   0x00000298   Data   RO            3    RESET               startup_stm32h743xx.o
    0x08000298   0x08000298   0x00000000   Code   RO         7727  * .ARM.Collect$$$$00000000  mc_w.l(entry.o)
    0x08000298   0x08000298   0x00000004   Code   RO         8007    .ARM.Collect$$$$00000001  mc_w.l(entry2.o)
    0x0800029c   0x0800029c   0x00000004   Code   RO         8010    .ARM.Collect$$$$00000004  mc_w.l(entry5.o)
    0x080002a0   0x080002a0   0x00000000   Code   RO         8012    .ARM.Collect$$$$00000008  mc_w.l(entry7b.o)
    0x080002a0   0x080002a0   0x00000000   Code   RO         8014    .ARM.Collect$$$$0000000A  mc_w.l(entry8b.o)
    0x080002a0   0x080002a0   0x00000008   Code   RO         8015    .ARM.Collect$$$$0000000B  mc_w.l(entry9a.o)
    0x080002a8   0x080002a8   0x00000000   Code   RO         8017    .ARM.Collect$$$$0000000D  mc_w.l(entry10a.o)
    0x080002a8   0x080002a8   0x00000000   Code   RO         8019    .ARM.Collect$$$$0000000F  mc_w.l(entry11a.o)
    0x080002a8   0x080002a8   0x00000004   Code   RO         8008    .ARM.Collect$$$$00002712  mc_w.l(entry2.o)
    0x080002ac   0x080002ac   0x00000010   Code   RO         1226    .emb_text           system.o
    0x080002bc   0x080002bc   0x00000024   Code   RO            4    .text               startup_stm32h743xx.o
    0x080002e0   0x080002e0   0x00000062   Code   RO         7730    .text               mc_w.l(uldiv.o)
    0x08000342   0x08000342   0x00000024   Code   RO         7732    .text               mc_w.l(memcpya.o)
    0x08000366   0x08000366   0x00000024   Code   RO         7734    .text               mc_w.l(memseta.o)
    0x0800038a   0x0800038a   0x0000000e   Code   RO         7736    .text               mc_w.l(strlen.o)
    0x08000398   0x08000398   0x0000001a   Code   RO         7738    .text               mc_w.l(memcmp.o)
    0x080003b2   0x080003b2   0x00000012   Code   RO         7740    .text               mc_w.l(strcpy.o)
    0x080003c4   0x080003c4   0x0000001e   Code   RO         8024    .text               mc_w.l(llshl.o)
    0x080003e2   0x080003e2   0x00000020   Code   RO         8026    .text               mc_w.l(llushr.o)
    0x08000402   0x08000402   0x00000002   PAD
    0x08000404   0x08000404   0x00000024   Code   RO         8039    .text               mc_w.l(init.o)
    0x08000428   0x08000428   0x00000056   Code   RO         8053    .text               mc_w.l(__dczerorl2.o)
    0x0800047e   0x0800047e   0x00000002   Code   RO         1120    i.BusFault_Handler  stm32h7xx_it.o
    0x08000480   0x08000480   0x00000002   Code   RO         1121    i.DebugMon_Handler  stm32h7xx_it.o
    0x08000482   0x08000482   0x00000002   PAD
    0x08000484   0x08000484   0x0000000c   Code   RO         1122    i.ETH_IRQHandler    stm32h7xx_it.o
    0x08000490   0x08000490   0x000000d8   Code   RO         1362    i.ETH_MACDMAConfig  stm32h7xx_hal_eth.o
    0x08000568   0x08000568   0x00000004   Code   RO          932    i.ETH_PHY_IO_DeInit  ethernetif.o
    0x0800056c   0x0800056c   0x00000004   Code   RO          933    i.ETH_PHY_IO_GetTick  ethernetif.o
    0x08000570   0x08000570   0x00000010   Code   RO          934    i.ETH_PHY_IO_Init   ethernetif.o
    0x08000580   0x08000580   0x0000001c   Code   RO          935    i.ETH_PHY_IO_ReadReg  ethernetif.o
    0x0800059c   0x0800059c   0x0000001c   Code   RO          936    i.ETH_PHY_IO_WriteReg  ethernetif.o
    0x080005b8   0x080005b8   0x00000300   Code   RO         1363    i.ETH_Prepare_Tx_Descriptors  stm32h7xx_hal_eth.o
    0x080008b8   0x080008b8   0x000000b4   Code   RO         1364    i.ETH_SetDMAConfig  stm32h7xx_hal_eth.o
    0x0800096c   0x0800096c   0x000001a8   Code   RO         1365    i.ETH_SetMACConfig  stm32h7xx_hal_eth.o
    0x08000b14   0x08000b14   0x00000002   Code   RO          749    i.Error_Handler     main.o
    0x08000b16   0x08000b16   0x00000002   PAD
    0x08000b18   0x08000b18   0x00000054   Code   RO         2846    i.FLASH_Erase_Sector  stm32h7xx_hal_flash_ex.o
    0x08000b6c   0x08000b6c   0x00000080   Code   RO         2847    i.FLASH_MassErase   stm32h7xx_hal_flash_ex.o
    0x08000bec   0x08000bec   0x000000d0   Code   RO         2738    i.FLASH_WaitForLastOperation  stm32h7xx_hal_flash.o
    0x08000cbc   0x08000cbc   0x00000024   Code   RO         3806    i.HAL_Delay         stm32h7xx_hal.o
    0x08000ce0   0x08000ce0   0x00000078   Code   RO         1366    i.HAL_ETH_BuildRxDescriptors  stm32h7xx_hal_eth.o
    0x08000d58   0x08000d58   0x00000002   Code   RO         1367    i.HAL_ETH_DMAErrorCallback  stm32h7xx_hal_eth.o
    0x08000d5a   0x08000d5a   0x0000003c   Code   RO         1369    i.HAL_ETH_DescAssignMemory  stm32h7xx_hal_eth.o
    0x08000d96   0x08000d96   0x00000002   Code   RO         1370    i.HAL_ETH_EEECallback  stm32h7xx_hal_eth.o
    0x08000d98   0x08000d98   0x000001cc   Code   RO         1376    i.HAL_ETH_GetMACConfig  stm32h7xx_hal_eth.o
    0x08000f64   0x08000f64   0x0000009a   Code   RO         1380    i.HAL_ETH_GetRxDataBuffer  stm32h7xx_hal_eth.o
    0x08000ffe   0x08000ffe   0x00000034   Code   RO         1382    i.HAL_ETH_GetRxDataLength  stm32h7xx_hal_eth.o
    0x08001032   0x08001032   0x00000128   Code   RO         1384    i.HAL_ETH_IRQHandler  stm32h7xx_hal_eth.o
    0x0800115a   0x0800115a   0x00000002   PAD
    0x0800115c   0x0800115c   0x00000204   Code   RO         1385    i.HAL_ETH_Init      stm32h7xx_hal_eth.o
    0x08001360   0x08001360   0x000000ce   Code   RO         1386    i.HAL_ETH_IsRxDataAvailable  stm32h7xx_hal_eth.o
    0x0800142e   0x0800142e   0x00000002   Code   RO         1387    i.HAL_ETH_MACErrorCallback  stm32h7xx_hal_eth.o
    0x08001430   0x08001430   0x000000f8   Code   RO          938    i.HAL_ETH_MspInit   ethernetif.o
    0x08001528   0x08001528   0x00000002   Code   RO         1390    i.HAL_ETH_PMTCallback  stm32h7xx_hal_eth.o
    0x0800152a   0x0800152a   0x00000002   PAD
    0x0800152c   0x0800152c   0x00000064   Code   RO         1391    i.HAL_ETH_ReadPHYRegister  stm32h7xx_hal_eth.o
    0x08001590   0x08001590   0x00000002   Code   RO         1392    i.HAL_ETH_RxCpltCallback  stm32h7xx_hal_eth.o
    0x08001592   0x08001592   0x00000016   Code   RO         1395    i.HAL_ETH_SetMACConfig  stm32h7xx_hal_eth.o
    0x080015a8   0x080015a8   0x00000078   Code   RO         1397    i.HAL_ETH_SetMDIOClockRange  stm32h7xx_hal_eth.o
    0x08001620   0x08001620   0x00000074   Code   RO         1401    i.HAL_ETH_Start     stm32h7xx_hal_eth.o
    0x08001694   0x08001694   0x0000005c   Code   RO         1403    i.HAL_ETH_Stop      stm32h7xx_hal_eth.o
    0x080016f0   0x080016f0   0x000000b8   Code   RO         1405    i.HAL_ETH_Transmit  stm32h7xx_hal_eth.o
    0x080017a8   0x080017a8   0x00000002   Code   RO         1407    i.HAL_ETH_TxCpltCallback  stm32h7xx_hal_eth.o
    0x080017aa   0x080017aa   0x00000002   Code   RO         1408    i.HAL_ETH_WakeUpCallback  stm32h7xx_hal_eth.o
    0x080017ac   0x080017ac   0x00000064   Code   RO         1409    i.HAL_ETH_WritePHYRegister  stm32h7xx_hal_eth.o
    0x08001810   0x08001810   0x00000114   Code   RO         2850    i.HAL_FLASHEx_Erase  stm32h7xx_hal_flash_ex.o
    0x08001924   0x08001924   0x00000030   Code   RO         2742    i.HAL_FLASH_Lock    stm32h7xx_hal_flash.o
    0x08001954   0x08001954   0x000000b4   Code   RO         2747    i.HAL_FLASH_Program  stm32h7xx_hal_flash.o
    0x08001a08   0x08001a08   0x00000044   Code   RO         2749    i.HAL_FLASH_Unlock  stm32h7xx_hal_flash.o
    0x08001a4c   0x08001a4c   0x000001fc   Code   RO         2945    i.HAL_GPIO_Init     stm32h7xx_hal_gpio.o
    0x08001c48   0x08001c48   0x0000000c   Code   RO         3821    i.HAL_GetREVID      stm32h7xx_hal.o
    0x08001c54   0x08001c54   0x0000000c   Code   RO         3822    i.HAL_GetTick       stm32h7xx_hal.o
    0x08001c60   0x08001c60   0x00000010   Code   RO         3828    i.HAL_IncTick       stm32h7xx_hal.o
    0x08001c70   0x08001c70   0x00000058   Code   RO         3829    i.HAL_Init          stm32h7xx_hal.o
    0x08001cc8   0x08001cc8   0x00000040   Code   RO         3830    i.HAL_InitTick      stm32h7xx_hal.o
    0x08001d08   0x08001d08   0x0000005c   Code   RO         1803    i.HAL_MPU_ConfigRegion  stm32h7xx_hal_cortex.o
    0x08001d64   0x08001d64   0x0000001c   Code   RO         1804    i.HAL_MPU_Disable   stm32h7xx_hal_cortex.o
    0x08001d80   0x08001d80   0x00000024   Code   RO         1805    i.HAL_MPU_Enable    stm32h7xx_hal_cortex.o
    0x08001da4   0x08001da4   0x0000001c   Code   RO         1202    i.HAL_MspInit       stm32h7xx_hal_msp.o
    0x08001dc0   0x08001dc0   0x0000001a   Code   RO         1808    i.HAL_NVIC_EnableIRQ  stm32h7xx_hal_cortex.o
    0x08001dda   0x08001dda   0x00000002   PAD
    0x08001ddc   0x08001ddc   0x00000040   Code   RO         1814    i.HAL_NVIC_SetPriority  stm32h7xx_hal_cortex.o
    0x08001e1c   0x08001e1c   0x00000024   Code   RO         1815    i.HAL_NVIC_SetPriorityGrouping  stm32h7xx_hal_cortex.o
    0x08001e40   0x08001e40   0x00000050   Code   RO         3546    i.HAL_PWREx_ConfigSupply  stm32h7xx_hal_pwr_ex.o
    0x08001e90   0x08001e90   0x0000002c   Code   RO         2582    i.HAL_RCCEx_GetD1SysClockFreq  stm32h7xx_hal_rcc_ex.o
    0x08001ebc   0x08001ebc   0x00000024   Code   RO         2583    i.HAL_RCCEx_GetD3PCLK1Freq  stm32h7xx_hal_rcc_ex.o
    0x08001ee0   0x08001ee0   0x00000144   Code   RO         2585    i.HAL_RCCEx_GetPLL2ClockFreq  stm32h7xx_hal_rcc_ex.o
    0x08002024   0x08002024   0x00000144   Code   RO         2586    i.HAL_RCCEx_GetPLL3ClockFreq  stm32h7xx_hal_rcc_ex.o
    0x08002168   0x08002168   0x000008b6   Code   RO         2590    i.HAL_RCCEx_PeriphCLKConfig  stm32h7xx_hal_rcc_ex.o
    0x08002a1e   0x08002a1e   0x00000002   PAD
    0x08002a20   0x08002a20   0x00000244   Code   RO         2469    i.HAL_RCC_ClockConfig  stm32h7xx_hal_rcc.o
    0x08002c64   0x08002c64   0x0000002c   Code   RO         2474    i.HAL_RCC_GetHCLKFreq  stm32h7xx_hal_rcc.o
    0x08002c90   0x08002c90   0x00000024   Code   RO         2476    i.HAL_RCC_GetPCLK1Freq  stm32h7xx_hal_rcc.o
    0x08002cb4   0x08002cb4   0x00000024   Code   RO         2477    i.HAL_RCC_GetPCLK2Freq  stm32h7xx_hal_rcc.o
    0x08002cd8   0x08002cd8   0x00000138   Code   RO         2478    i.HAL_RCC_GetSysClockFreq  stm32h7xx_hal_rcc.o
    0x08002e10   0x08002e10   0x000004b6   Code   RO         2481    i.HAL_RCC_OscConfig  stm32h7xx_hal_rcc.o
    0x080032c6   0x080032c6   0x00000002   PAD
    0x080032c8   0x080032c8   0x00000014   Code   RO         3841    i.HAL_SYSCFG_ETHInterfaceSelect  stm32h7xx_hal.o
    0x080032dc   0x080032dc   0x00000026   Code   RO         1819    i.HAL_SYSTICK_Config  stm32h7xx_hal_cortex.o
    0x08003302   0x08003302   0x00000048   Code   RO         2377    i.HAL_UARTEx_EnableFifoMode  stm32h7xx_hal_uart_ex.o
    0x0800334a   0x0800334a   0x0000004c   Code   RO         2380    i.HAL_UARTEx_SetRxFifoThreshold  stm32h7xx_hal_uart_ex.o
    0x08003396   0x08003396   0x0000004c   Code   RO         2381    i.HAL_UARTEx_SetTxFifoThreshold  stm32h7xx_hal_uart_ex.o
    0x080033e2   0x080033e2   0x0000006a   Code   RO         2007    i.HAL_UART_Init     stm32h7xx_hal_uart.o
    0x0800344c   0x0800344c   0x00000064   Code   RO         1073    i.HAL_UART_MspInit  usart.o
    0x080034b0   0x080034b0   0x000000be   Code   RO         2016    i.HAL_UART_Transmit  stm32h7xx_hal_uart.o
    0x0800356e   0x0800356e   0x00000002   Code   RO         1123    i.HardFault_Handler  stm32h7xx_it.o
    0x08003570   0x08003570   0x00000094   Code   RO         1278    i.LAN8742_GetLinkState  lan8742.o
    0x08003604   0x08003604   0x000000d2   Code   RO         1279    i.LAN8742_Init      lan8742.o
    0x080036d6   0x080036d6   0x0000002c   Code   RO         1280    i.LAN8742_RegisterBusIO  lan8742.o
    0x08003702   0x08003702   0x00000002   PAD
    0x08003704   0x08003704   0x0000008c   Code   RO          750    i.MPU_Config        main.o
    0x08003790   0x08003790   0x0000004c   Code   RO          820    i.MX_GPIO_Init      gpio.o
    0x080037dc   0x080037dc   0x000000f8   Code   RO          871    i.MX_LWIP_Init      lwip.o
    0x080038d4   0x080038d4   0x00000014   Code   RO          872    i.MX_LWIP_Process   lwip.o
    0x080038e8   0x080038e8   0x00000068   Code   RO         1074    i.MX_USART1_UART_Init  usart.o
    0x08003950   0x08003950   0x00000002   Code   RO         1124    i.MemManage_Handler  stm32h7xx_it.o
    0x08003952   0x08003952   0x00000002   Code   RO         1125    i.NMI_Handler       stm32h7xx_it.o
    0x08003954   0x08003954   0x00000002   Code   RO         1126    i.PendSV_Handler    stm32h7xx_it.o
    0x08003956   0x08003956   0x00000002   PAD
    0x08003958   0x08003958   0x00000120   Code   RO         2593    i.RCCEx_PLL2_Config  stm32h7xx_hal_rcc_ex.o
    0x08003a78   0x08003a78   0x00000120   Code   RO         2594    i.RCCEx_PLL3_Config  stm32h7xx_hal_rcc_ex.o
    0x08003b98   0x08003b98   0x00000024   Code   RO          939    i.SCB_InvalidateDCache_by_Addr  ethernetif.o
    0x08003bbc   0x08003bbc   0x00000068   Code   RO          679    i.STMFLASH_GetFlashSector  stmflash.o
    0x08003c24   0x08003c24   0x000000e0   Code   RO          681    i.STMFLASH_Write    stmflash.o
    0x08003d04   0x08003d04   0x00000002   Code   RO         1127    i.SVC_Handler       stm32h7xx_it.o
    0x08003d06   0x08003d06   0x00000004   Code   RO         1128    i.SysTick_Handler   stm32h7xx_it.o
    0x08003d0a   0x08003d0a   0x00000002   PAD
    0x08003d0c   0x08003d0c   0x000000ac   Code   RO          751    i.SystemClock_Config  main.o
    0x08003db8   0x08003db8   0x0000009c   Code   RO         4719    i.SystemInit        system_stm32h7xx.o
    0x08003e54   0x08003e54   0x00000064   Code   RO         2385    i.UARTEx_SetNbDataToProcess  stm32h7xx_hal_uart_ex.o
    0x08003eb8   0x08003eb8   0x000000c8   Code   RO         2021    i.UART_AdvFeatureConfig  stm32h7xx_hal_uart.o
    0x08003f80   0x08003f80   0x0000005e   Code   RO         2022    i.UART_CheckIdleState  stm32h7xx_hal_uart.o
    0x08003fde   0x08003fde   0x00000002   PAD
    0x08003fe0   0x08003fe0   0x00000c10   Code   RO         2039    i.UART_SetConfig    stm32h7xx_hal_uart.o
    0x08004bf0   0x08004bf0   0x000000a4   Code   RO         2044    i.UART_WaitOnFlagUntilTimeout  stm32h7xx_hal_uart.o
    0x08004c94   0x08004c94   0x00000002   Code   RO         1129    i.UsageFault_Handler  stm32h7xx_it.o
    0x08004c96   0x08004c96   0x00000002   PAD
    0x08004c98   0x08004c98   0x00000020   Code   RO         7879    i.__0printf$5       mc_w.l(printf5.o)
    0x08004cb8   0x08004cb8   0x00000028   Code   RO         7881    i.__0sprintf$5      mc_w.l(printf5.o)
    0x08004ce0   0x08004ce0   0x00000022   Code   RO         1821    i.__NVIC_SetPriority  stm32h7xx_hal_cortex.o
    0x08004d02   0x08004d02   0x0000000e   Code   RO         8047    i.__scatterload_copy  mc_w.l(handlers.o)
    0x08004d10   0x08004d10   0x00000002   Code   RO         8048    i.__scatterload_null  mc_w.l(handlers.o)
    0x08004d12   0x08004d12   0x0000000e   Code   RO         8049    i.__scatterload_zeroinit  mc_w.l(handlers.o)
    0x08004d20   0x08004d20   0x000002c0   Code   RO         7886    i._printf_core      mc_w.l(printf5.o)
    0x08004fe0   0x08004fe0   0x0000000a   Code   RO         7888    i._sputc            mc_w.l(printf5.o)
    0x08004fea   0x08004fea   0x00000002   PAD
    0x08004fec   0x08004fec   0x0000001c   Code   RO         6770    i.cyclic_timer      timeouts.o
    0x08005008   0x08005008   0x0000009c   Code   RO         5798    i.do_memp_free_pool  memp.o
    0x080050a4   0x080050a4   0x000000a4   Code   RO         5799    i.do_memp_malloc_pool  memp.o
    0x08005148   0x08005148   0x00000030   Code   RO         6999    i.etharp_cleanup_netif  etharp.o
    0x08005178   0x08005178   0x00000258   Code   RO         7001    i.etharp_find_entry  etharp.o
    0x080053d0   0x080053d0   0x00000024   Code   RO         7002    i.etharp_free_entry  etharp.o
    0x080053f4   0x080053f4   0x00000104   Code   RO         7004    i.etharp_input      etharp.o
    0x080054f8   0x080054f8   0x000001a8   Code   RO         7005    i.etharp_output     etharp.o
    0x080056a0   0x080056a0   0x00000110   Code   RO         7006    i.etharp_output_to_arp_index  etharp.o
    0x080057b0   0x080057b0   0x000001d8   Code   RO         7007    i.etharp_query      etharp.o
    0x08005988   0x08005988   0x00000170   Code   RO         7008    i.etharp_raw        etharp.o
    0x08005af8   0x08005af8   0x0000000c   Code   RO         7009    i.etharp_request    etharp.o
    0x08005b04   0x08005b04   0x00000020   Code   RO         7010    i.etharp_request_dst  etharp.o
    0x08005b24   0x08005b24   0x00000060   Code   RO         7011    i.etharp_tmr        etharp.o
    0x08005b84   0x08005b84   0x0000011c   Code   RO         7012    i.etharp_update_arp_entry  etharp.o
    0x08005ca0   0x08005ca0   0x000000a0   Code   RO         5193    i.ethernet_input    ethernet.o
    0x08005d40   0x08005d40   0x0000008c   Code   RO          940    i.ethernet_link_check_state  ethernetif.o
    0x08005dcc   0x08005dcc   0x000000f8   Code   RO         5194    i.ethernet_output   ethernet.o
    0x08005ec4   0x08005ec4   0x00000088   Code   RO          941    i.ethernetif_init   ethernetif.o
    0x08005f4c   0x08005f4c   0x00000022   Code   RO          942    i.ethernetif_input  ethernetif.o
    0x08005f6e   0x08005f6e   0x00000002   PAD
    0x08005f70   0x08005f70   0x00000018   Code   RO         1075    i.fputc             usart.o
    0x08005f88   0x08005f88   0x00000014   Code   RO          336    i.get_tcp_recv_data_flag  tcp_echoserver.o
    0x08005f9c   0x08005f9c   0x0000009c   Code   RO          719    i.iap_load_app      iap.o
    0x08006038   0x08006038   0x00000008   Code   RO         7099    i.icmp_dest_unreach  icmp.o
    0x08006040   0x08006040   0x000001e8   Code   RO         7100    i.icmp_input        icmp.o
    0x08006228   0x08006228   0x0000010c   Code   RO         7101    i.icmp_send_response  icmp.o
    0x08006334   0x08006334   0x00000008   Code   RO         7102    i.icmp_time_exceeded  icmp.o
    0x0800633c   0x0800633c   0x0000002e   Code   RO         7218    i.ip4_addr_isbroadcast_u32  ip4_addr.o
    0x0800636a   0x0800636a   0x00000002   PAD
    0x0800636c   0x0800636c   0x00000254   Code   RO         7284    i.ip4_frag          ip4_frag.o
    0x080065c0   0x080065c0   0x000001a4   Code   RO         7165    i.ip4_input         ip4.o
    0x08006764   0x08006764   0x0000001e   Code   RO         7167    i.ip4_output_if     ip4.o
    0x08006782   0x08006782   0x00000002   PAD
    0x08006784   0x08006784   0x00000170   Code   RO         7168    i.ip4_output_if_src  ip4.o
    0x080068f4   0x080068f4   0x000001b4   Code   RO         7285    i.ip4_reass         ip4_frag.o
    0x08006aa8   0x08006aa8   0x0000005c   Code   RO         7169    i.ip4_route         ip4.o
    0x08006b04   0x08006b04   0x00000090   Code   RO         7286    i.ip_frag_free_pbuf_custom_ref  ip4_frag.o
    0x08006b94   0x08006b94   0x00000260   Code   RO         7287    i.ip_reass_chain_frag_into_datagram_and_validate  ip4_frag.o
    0x08006df4   0x08006df4   0x000000bc   Code   RO         7288    i.ip_reass_dequeue_datagram  ip4_frag.o
    0x08006eb0   0x08006eb0   0x00000190   Code   RO         7289    i.ip_reass_free_complete_datagram  ip4_frag.o
    0x08007040   0x08007040   0x00000080   Code   RO         7290    i.ip_reass_remove_oldest_datagram  ip4_frag.o
    0x080070c0   0x080070c0   0x0000002c   Code   RO         7291    i.ip_reass_tmr      ip4_frag.o
    0x080070ec   0x080070ec   0x00000098   Code   RO         7292    i.ipfrag_free_pbuf_custom  ip4_frag.o
    0x08007184   0x08007184   0x00000110   Code   RO          943    i.low_level_init    ethernetif.o
    0x08007294   0x08007294   0x00000064   Code   RO          944    i.low_level_input   ethernetif.o
    0x080072f8   0x080072f8   0x00000068   Code   RO          945    i.low_level_output  ethernetif.o
    0x08007360   0x08007360   0x00000004   Code   RO         5483    i.lwip_htonl        def.o
    0x08007364   0x08007364   0x00000004   Code   RO         5484    i.lwip_htons        def.o
    0x08007368   0x08007368   0x0000001e   Code   RO         5636    i.lwip_init         init.o
    0x08007386   0x08007386   0x00000002   PAD
    0x08007388   0x08007388   0x00000244   Code   RO          752    i.main              main.o
    0x080075cc   0x080075cc   0x0000011c   Code   RO         5732    i.mem_free          mem.o
    0x080076e8   0x080076e8   0x00000034   Code   RO         5733    i.mem_init          mem.o
    0x0800771c   0x0800771c   0x000001fc   Code   RO         5734    i.mem_malloc        mem.o
    0x08007918   0x08007918   0x0000018c   Code   RO         5735    i.mem_trim          mem.o
    0x08007aa4   0x08007aa4   0x0000009c   Code   RO         5800    i.memp_free         memp.o
    0x08007b40   0x08007b40   0x00000088   Code   RO         5801    i.memp_free_pool    memp.o
    0x08007bc8   0x08007bc8   0x00000020   Code   RO         5802    i.memp_init         memp.o
    0x08007be8   0x08007be8   0x0000002a   Code   RO         5803    i.memp_init_pool    memp.o
    0x08007c12   0x08007c12   0x00000002   PAD
    0x08007c14   0x08007c14   0x000000a4   Code   RO         5804    i.memp_malloc       memp.o
    0x08007cb8   0x08007cb8   0x0000008c   Code   RO         5805    i.memp_malloc_pool  memp.o
    0x08007d44   0x08007d44   0x000000e4   Code   RO         5925    i.netif_add         netif.o
    0x08007e28   0x08007e28   0x00000002   Code   RO         5927    i.netif_init        netif.o
    0x08007e2a   0x08007e2a   0x0000001a   Code   RO         5929    i.netif_issue_reports  netif.o
    0x08007e44   0x08007e44   0x00000048   Code   RO         5931    i.netif_set_addr    netif.o
    0x08007e8c   0x08007e8c   0x0000000c   Code   RO         5932    i.netif_set_default  netif.o
    0x08007e98   0x08007e98   0x0000001a   Code   RO         5933    i.netif_set_down    netif.o
    0x08007eb2   0x08007eb2   0x00000008   Code   RO         5934    i.netif_set_gw      netif.o
    0x08007eba   0x08007eba   0x00000002   PAD
    0x08007ebc   0x08007ebc   0x00000040   Code   RO         5935    i.netif_set_ipaddr  netif.o
    0x08007efc   0x08007efc   0x00000012   Code   RO         5936    i.netif_set_link_down  netif.o
    0x08007f0e   0x08007f0e   0x0000001c   Code   RO         5937    i.netif_set_link_up  netif.o
    0x08007f2a   0x08007f2a   0x00000008   Code   RO         5938    i.netif_set_netmask  netif.o
    0x08007f32   0x08007f32   0x0000001c   Code   RO         5939    i.netif_set_up      netif.o
    0x08007f4e   0x08007f4e   0x00000002   PAD
    0x08007f50   0x08007f50   0x0000037c   Code   RO         6049    i.pbuf_alloc        pbuf.o
    0x080082cc   0x080082cc   0x000000e0   Code   RO         6050    i.pbuf_alloced_custom  pbuf.o
    0x080083ac   0x080083ac   0x00000130   Code   RO         6051    i.pbuf_cat          pbuf.o
    0x080084dc   0x080084dc   0x00000012   Code   RO         6052    i.pbuf_chain        pbuf.o
    0x080084ee   0x080084ee   0x00000012   Code   RO         6053    i.pbuf_clen         pbuf.o
    0x08008500   0x08008500   0x000001ec   Code   RO         6055    i.pbuf_copy         pbuf.o
    0x080086ec   0x080086ec   0x0000011c   Code   RO         6056    i.pbuf_copy_partial  pbuf.o
    0x08008808   0x08008808   0x00000168   Code   RO         6058    i.pbuf_free         pbuf.o
    0x08008970   0x08008970   0x0000001c   Code   RO          946    i.pbuf_free_custom  ethernetif.o
    0x0800898c   0x0800898c   0x0000002c   Code   RO         6059    i.pbuf_free_ooseq   pbuf.o
    0x080089b8   0x080089b8   0x00000006   Code   RO         6061    i.pbuf_header       pbuf.o
    0x080089be   0x080089be   0x00000006   Code   RO         6062    i.pbuf_header_force  pbuf.o
    0x080089c4   0x080089c4   0x00000124   Code   RO         6063    i.pbuf_header_impl  pbuf.o
    0x08008ae8   0x08008ae8   0x00000198   Code   RO         6067    i.pbuf_realloc      pbuf.o
    0x08008c80   0x08008c80   0x0000008c   Code   RO         6068    i.pbuf_ref          pbuf.o
    0x08008d0c   0x08008d0c   0x00000180   Code   RO         6072    i.pbuf_take         pbuf.o
    0x08008e8c   0x08008e8c   0x0000017c   Code   RO         5736    i.plug_holes        mem.o
    0x08009008   0x08009008   0x00000128   Code   RO          459    i.process_tftp_request  tftpserver.o
    0x08009130   0x08009130   0x00000056   Code   RO          460    i.rrq_recv_callback  tftpserver.o
    0x08009186   0x08009186   0x00000018   Code   RO          461    i.server_recv_callback  tftpserver.o
    0x0800919e   0x0800919e   0x00000002   PAD
    0x080091a0   0x080091a0   0x00000058   Code   RO         6771    i.sys_check_timeouts  timeouts.o
    0x080091f8   0x080091f8   0x00000004   Code   RO          948    i.sys_now           ethernetif.o
    0x080091fc   0x080091fc   0x0000013c   Code   RO         6773    i.sys_timeout       timeouts.o
    0x08009338   0x08009338   0x00000034   Code   RO         6774    i.sys_timeouts_init  timeouts.o
    0x0800936c   0x0800936c   0x00000178   Code   RO         6294    i.tcp_abandon       tcp.o
    0x080094e4   0x080094e4   0x00000006   Code   RO         6295    i.tcp_abort         tcp.o
    0x080094ea   0x080094ea   0x0000000e   Code   RO         6296    i.tcp_accept        tcp.o
    0x080094f8   0x080094f8   0x0000000e   Code   RO         6297    i.tcp_accept_null   tcp.o
    0x08009506   0x08009506   0x00000002   PAD
    0x08009508   0x08009508   0x00000104   Code   RO         6298    i.tcp_alloc         tcp.o
    0x0800960c   0x0800960c   0x00000008   Code   RO         6299    i.tcp_arg           tcp.o
    0x08009614   0x08009614   0x00000124   Code   RO         6300    i.tcp_bind          tcp.o
    0x08009738   0x08009738   0x00000014   Code   RO         6301    i.tcp_close         tcp.o
    0x0800974c   0x0800974c   0x0000018c   Code   RO         6302    i.tcp_close_shutdown  tcp.o
    0x080098d8   0x080098d8   0x000000c4   Code   RO         6303    i.tcp_close_shutdown_fin  tcp.o
    0x0800999c   0x0800999c   0x00000120   Code   RO         6653    i.tcp_create_segment  tcp_out.o
    0x08009abc   0x08009abc   0x00000078   Code   RO          337    i.tcp_echoserver_accept  tcp_echoserver.o
    0x08009b34   0x08009b34   0x00000040   Code   RO          338    i.tcp_echoserver_connection_close  tcp_echoserver.o
    0x08009b74   0x08009b74   0x0000000a   Code   RO          339    i.tcp_echoserver_error  tcp_echoserver.o
    0x08009b7e   0x08009b7e   0x00000002   PAD
    0x08009b80   0x08009b80   0x00000040   Code   RO          340    i.tcp_echoserver_init  tcp_echoserver.o
    0x08009bc0   0x08009bc0   0x00000040   Code   RO          341    i.tcp_echoserver_poll  tcp_echoserver.o
    0x08009c00   0x08009c00   0x000000f4   Code   RO          342    i.tcp_echoserver_recv  tcp_echoserver.o
    0x08009cf4   0x08009cf4   0x0000005c   Code   RO          343    i.tcp_echoserver_send  tcp_echoserver.o
    0x08009d50   0x08009d50   0x00000014   Code   RO          344    i.tcp_echoserver_sent  tcp_echoserver.o
    0x08009d64   0x08009d64   0x00000022   Code   RO         6306    i.tcp_eff_send_mss_impl  tcp.o
    0x08009d86   0x08009d86   0x00000002   PAD
    0x08009d88   0x08009d88   0x00000210   Code   RO         6654    i.tcp_enqueue_flags  tcp_out.o
    0x08009f98   0x08009f98   0x000000a4   Code   RO         6307    i.tcp_err           tcp.o
    0x0800a03c   0x0800a03c   0x0000006c   Code   RO         6308    i.tcp_fasttmr       tcp.o
    0x0800a0a8   0x0800a0a8   0x00000030   Code   RO         6569    i.tcp_getoptbyte    tcp_in.o
    0x0800a0d8   0x0800a0d8   0x00000002   Code   RO         6309    i.tcp_init          tcp.o
    0x0800a0da   0x0800a0da   0x00000002   PAD
    0x0800a0dc   0x0800a0dc   0x000005d8   Code   RO         6570    i.tcp_input         tcp_in.o
    0x0800a6b4   0x0800a6b4   0x00000040   Code   RO         6571    i.tcp_input_delayed_close  tcp_in.o
    0x0800a6f4   0x0800a6f4   0x00000052   Code   RO         6655    i.tcp_keepalive     tcp_out.o
    0x0800a746   0x0800a746   0x00000002   PAD
    0x0800a748   0x0800a748   0x000000bc   Code   RO         6310    i.tcp_kill_state    tcp.o
    0x0800a804   0x0800a804   0x000000cc   Code   RO         6311    i.tcp_listen_closed  tcp.o
    0x0800a8d0   0x0800a8d0   0x000000f4   Code   RO         6572    i.tcp_listen_input  tcp_in.o
    0x0800a9c4   0x0800a9c4   0x00000006   Code   RO         6312    i.tcp_listen_with_backlog  tcp.o
    0x0800a9ca   0x0800a9ca   0x00000002   PAD
    0x0800a9cc   0x0800a9cc   0x00000124   Code   RO         6313    i.tcp_listen_with_backlog_and_err  tcp.o
    0x0800aaf0   0x0800aaf0   0x0000004c   Code   RO         6314    i.tcp_netif_ip_addr_changed  tcp.o
    0x0800ab3c   0x0800ab3c   0x00000022   Code   RO         6315    i.tcp_netif_ip_addr_changed_pcblist  tcp.o
    0x0800ab5e   0x0800ab5e   0x00000006   Code   RO         6316    i.tcp_new           tcp.o
    0x0800ab64   0x0800ab64   0x0000005c   Code   RO         6318    i.tcp_new_port      tcp.o
    0x0800abc0   0x0800abc0   0x00000010   Code   RO         6319    i.tcp_next_iss      tcp.o
    0x0800abd0   0x0800abd0   0x0000007c   Code   RO         6573    i.tcp_oos_insert_segment  tcp_in.o
    0x0800ac4c   0x0800ac4c   0x000002d4   Code   RO         6656    i.tcp_output        tcp_out.o
    0x0800af20   0x0800af20   0x00000110   Code   RO         6657    i.tcp_output_alloc_header  tcp_out.o
    0x0800b030   0x0800b030   0x000000b0   Code   RO         6658    i.tcp_output_segment  tcp_out.o
    0x0800b0e0   0x0800b0e0   0x00000074   Code   RO         6574    i.tcp_parseopt      tcp_in.o
    0x0800b154   0x0800b154   0x000000d8   Code   RO         6659    i.tcp_pbuf_prealloc  tcp_out.o
    0x0800b22c   0x0800b22c   0x00000042   Code   RO         6320    i.tcp_pcb_purge     tcp.o
    0x0800b26e   0x0800b26e   0x00000002   PAD
    0x0800b270   0x0800b270   0x00000130   Code   RO         6321    i.tcp_pcb_remove    tcp.o
    0x0800b3a0   0x0800b3a0   0x0000009c   Code   RO         6322    i.tcp_poll          tcp.o
    0x0800b43c   0x0800b43c   0x00000488   Code   RO         6575    i.tcp_process       tcp_in.o
    0x0800b8c4   0x0800b8c4   0x0000006c   Code   RO         6323    i.tcp_process_refused_data  tcp.o
    0x0800b930   0x0800b930   0x00000a32   Code   RO         6576    i.tcp_receive       tcp_in.o
    0x0800c362   0x0800c362   0x00000002   PAD
    0x0800c364   0x0800c364   0x000000a4   Code   RO         6324    i.tcp_recv          tcp.o
    0x0800c408   0x0800c408   0x00000024   Code   RO         6325    i.tcp_recv_null     tcp.o
    0x0800c42c   0x0800c42c   0x00000110   Code   RO         6326    i.tcp_recved        tcp.o
    0x0800c53c   0x0800c53c   0x00000056   Code   RO         6660    i.tcp_rexmit        tcp_out.o
    0x0800c592   0x0800c592   0x00000058   Code   RO         6661    i.tcp_rexmit_fast   tcp_out.o
    0x0800c5ea   0x0800c5ea   0x00000030   Code   RO         6662    i.tcp_rexmit_rto    tcp_out.o
    0x0800c61a   0x0800c61a   0x00000002   PAD
    0x0800c61c   0x0800c61c   0x00000120   Code   RO         6663    i.tcp_rst           tcp_out.o
    0x0800c73c   0x0800c73c   0x00000028   Code   RO         6327    i.tcp_seg_copy      tcp.o
    0x0800c764   0x0800c764   0x0000001c   Code   RO         6328    i.tcp_seg_free      tcp.o
    0x0800c780   0x0800c780   0x00000012   Code   RO         6329    i.tcp_segs_free     tcp.o
    0x0800c792   0x0800c792   0x00000072   Code   RO         6664    i.tcp_send_empty_ack  tcp_out.o
    0x0800c804   0x0800c804   0x00000044   Code   RO         6665    i.tcp_send_fin      tcp_out.o
    0x0800c848   0x0800c848   0x000000a0   Code   RO         6330    i.tcp_sent          tcp.o
    0x0800c8e8   0x0800c8e8   0x00000048   Code   RO          345    i.tcp_server_usersent  tcp_echoserver.o
    0x0800c930   0x0800c930   0x00000004   Code   RO         6331    i.tcp_setprio       tcp.o
    0x0800c934   0x0800c934   0x000004dc   Code   RO         6333    i.tcp_slowtmr       tcp.o
    0x0800ce10   0x0800ce10   0x00000034   Code   RO         6777    i.tcp_timer_needed  timeouts.o
    0x0800ce44   0x0800ce44   0x00000068   Code   RO         6577    i.tcp_timewait_input  tcp_in.o
    0x0800ceac   0x0800ceac   0x00000020   Code   RO         6334    i.tcp_tmr           tcp.o
    0x0800cecc   0x0800cecc   0x00000010   Code   RO         6578    i.tcp_trigger_input_pcb_close  tcp_in.o
    0x0800cedc   0x0800cedc   0x000000c0   Code   RO         6336    i.tcp_update_rcv_ann_wnd  tcp.o
    0x0800cf9c   0x0800cf9c   0x00000690   Code   RO         6666    i.tcp_write         tcp_out.o
    0x0800d62c   0x0800d62c   0x00000140   Code   RO         6667    i.tcp_write_checks  tcp_out.o
    0x0800d76c   0x0800d76c   0x000000ae   Code   RO         6668    i.tcp_zero_window_probe  tcp_out.o
    0x0800d81a   0x0800d81a   0x00000002   PAD
    0x0800d81c   0x0800d81c   0x00000038   Code   RO         6778    i.tcpip_tcp_timer   timeouts.o
    0x0800d854   0x0800d854   0x00000030   Code   RO          462    i.tftp_cleanup_rd   tftpserver.o
    0x0800d884   0x0800d884   0x00000030   Code   RO          463    i.tftp_cleanup_wr   tftpserver.o
    0x0800d8b4   0x0800d8b4   0x00000030   Code   RO          464    i.tftp_construct_error_message  tftpserver.o
    0x0800d8e4   0x0800d8e4   0x00000004   Code   RO          594    i.tftp_decode_op    tftputils.o
    0x0800d8e8   0x0800d8e8   0x00000006   Code   RO          595    i.tftp_extract_block  tftputils.o
    0x0800d8ee   0x0800d8ee   0x00000006   Code   RO          596    i.tftp_extract_filename  tftputils.o
    0x0800d8f4   0x0800d8f4   0x0000001a   Code   RO          597    i.tftp_is_correct_ack  tftputils.o
    0x0800d90e   0x0800d90e   0x00000002   PAD
    0x0800d910   0x0800d910   0x00000068   Code   RO          465    i.tftp_process_read  tftpserver.o
    0x0800d978   0x0800d978   0x00000070   Code   RO          466    i.tftp_process_write  tftpserver.o
    0x0800d9e8   0x0800d9e8   0x00000030   Code   RO          467    i.tftp_send_ack_packet  tftpserver.o
    0x0800da18   0x0800da18   0x00000034   Code   RO          468    i.tftp_send_data_packet  tftpserver.o
    0x0800da4c   0x0800da4c   0x00000028   Code   RO          469    i.tftp_send_error_message  tftpserver.o
    0x0800da74   0x0800da74   0x00000046   Code   RO          470    i.tftp_send_message  tftpserver.o
    0x0800daba   0x0800daba   0x00000002   PAD
    0x0800dabc   0x0800dabc   0x00000074   Code   RO          471    i.tftp_send_next_block  tftpserver.o
    0x0800db30   0x0800db30   0x00000038   Code   RO          472    i.tftp_server_init  tftpserver.o
    0x0800db68   0x0800db68   0x0000000e   Code   RO          598    i.tftp_set_block    tftputils.o
    0x0800db76   0x0800db76   0x00000008   Code   RO          600    i.tftp_set_errorcode  tftputils.o
    0x0800db7e   0x0800db7e   0x00000006   Code   RO          601    i.tftp_set_errormsg  tftputils.o
    0x0800db84   0x0800db84   0x00000008   Code   RO          602    i.tftp_set_opcode   tftputils.o
    0x0800db8c   0x0800db8c   0x000000b8   Code   RO         6850    i.udp_bind          udp.o
    0x0800dc44   0x0800dc44   0x00000050   Code   RO         6851    i.udp_connect       udp.o
    0x0800dc94   0x0800dc94   0x00000010   Code   RO         6852    i.udp_disconnect    udp.o
    0x0800dca4   0x0800dca4   0x00000002   Code   RO         6853    i.udp_init          udp.o
    0x0800dca6   0x0800dca6   0x00000002   PAD
    0x0800dca8   0x0800dca8   0x0000019c   Code   RO         6854    i.udp_input         udp.o
    0x0800de44   0x0800de44   0x00000034   Code   RO         6855    i.udp_netif_ip_addr_changed  udp.o
    0x0800de78   0x0800de78   0x0000001a   Code   RO         6856    i.udp_new           udp.o
    0x0800de92   0x0800de92   0x00000006   Code   RO         6858    i.udp_recv          udp.o
    0x0800de98   0x0800de98   0x00000030   Code   RO         6859    i.udp_remove        udp.o
    0x0800dec8   0x0800dec8   0x00000032   Code   RO         6861    i.udp_sendto        udp.o
    0x0800defa   0x0800defa   0x00000036   Code   RO         6862    i.udp_sendto_if     udp.o
    0x0800df30   0x0800df30   0x00000144   Code   RO         6863    i.udp_sendto_if_src  udp.o
    0x0800e074   0x0800e074   0x00000138   Code   RO          473    i.wrq_recv_callback  tftpserver.o
    0x0800e1ac   0x0800e1ac   0x00000004   Data   RO          474    .constdata          tftpserver.o
    0x0800e1b0   0x0800e1b0   0x0000000c   Data   RO          954    .constdata          ethernetif.o
    0x0800e1bc   0x0800e1bc   0x00000010   Data   RO         4720    .constdata          system_stm32h7xx.o
    0x0800e1cc   0x0800e1cc   0x00000006   Data   RO         5195    .constdata          ethernet.o
    0x0800e1d2   0x0800e1d2   0x00000006   Data   RO         5196    .constdata          ethernet.o
    0x0800e1d8   0x0800e1d8   0x0000000c   Data   RO         5815    .constdata          memp.o
    0x0800e1e4   0x0800e1e4   0x0000000c   Data   RO         5816    .constdata          memp.o
    0x0800e1f0   0x0800e1f0   0x0000000c   Data   RO         5817    .constdata          memp.o
    0x0800e1fc   0x0800e1fc   0x0000000c   Data   RO         5818    .constdata          memp.o
    0x0800e208   0x0800e208   0x0000000c   Data   RO         5819    .constdata          memp.o
    0x0800e214   0x0800e214   0x0000000c   Data   RO         5820    .constdata          memp.o
    0x0800e220   0x0800e220   0x0000000c   Data   RO         5821    .constdata          memp.o
    0x0800e22c   0x0800e22c   0x0000000c   Data   RO         5822    .constdata          memp.o
    0x0800e238   0x0800e238   0x0000000c   Data   RO         5823    .constdata          memp.o
    0x0800e244   0x0800e244   0x00000024   Data   RO         5824    .constdata          memp.o
    0x0800e268   0x0800e268   0x00000054   Data   RO         6337    .constdata          tcp.o
    0x0800e2bc   0x0800e2bc   0x00000018   Data   RO         6779    .constdata          timeouts.o
    0x0800e2d4   0x0800e2d4   0x00000004   Data   RO         7225    .constdata          ip4_addr.o
    0x0800e2d8   0x0800e2d8   0x00000088   Data   RO          475    .conststring        tftpserver.o
    0x0800e360   0x0800e360   0x00000075   Data   RO         6338    .conststring        tcp.o
    0x0800e3d5   0x0800e3d5   0x00000003   PAD
    0x0800e3d8   0x0800e3d8   0x00000055   Data   RO         6669    .conststring        tcp_out.o
    0x0800e42d   0x0800e42d   0x00000003   PAD
    0x0800e430   0x0800e430   0x00000041   Data   RO         7014    .conststring        etharp.o
    0x0800e471   0x0800e471   0x00000003   PAD
    0x0800e474   0x0800e474   0x00000020   Data   RO         8045    Region$$Table       anon$$obj.o


    Execution Region RW_IRAM2 (Exec base: 0x24000000, Load base: 0x0800e494, Size: 0x00005a78, Max: 0x00080000, ABSOLUTE, COMPRESSED[0x0000004c])

    Exec Addr    Load Addr    Size         Type   Attr      Idx    E Section Name        Object

    0x24000000   COMPRESSED   0x0000000c   Data   RW          347    .data               tcp_echoserver.o
    0x2400000c   COMPRESSED   0x00000030   Data   RW          476    .data               tftpserver.o
    0x2400003c   COMPRESSED   0x00000004   Data   RW          720    .data               iap.o
    0x24000040   COMPRESSED   0x00000004   Data   RW          753    .data               main.o
    0x24000044   COMPRESSED   0x00000018   Data   RW          878    .data               lwip.o
    0x2400005c   COMPRESSED   0x00000014   Data   RW          955    .data               ethernetif.o
    0x24000070   COMPRESSED   0x00000004   Data   RW          956    .data               ethernetif.o
    0x24000074   COMPRESSED   0x0000000c   Data   RW         3851    .data               stm32h7xx_hal.o
    0x24000080   COMPRESSED   0x00000008   Data   RW         4721    .data               system_stm32h7xx.o
    0x24000088   COMPRESSED   0x0000000c   Data   RW         5738    .data               mem.o
    0x24000094   COMPRESSED   0x00000004   Data   RW         5825    .data               memp.o
    0x24000098   COMPRESSED   0x00000004   Data   RW         5826    .data               memp.o
    0x2400009c   COMPRESSED   0x00000004   Data   RW         5827    .data               memp.o
    0x240000a0   COMPRESSED   0x00000004   Data   RW         5828    .data               memp.o
    0x240000a4   COMPRESSED   0x00000004   Data   RW         5829    .data               memp.o
    0x240000a8   COMPRESSED   0x00000004   Data   RW         5830    .data               memp.o
    0x240000ac   COMPRESSED   0x00000004   Data   RW         5831    .data               memp.o
    0x240000b0   COMPRESSED   0x00000004   Data   RW         5832    .data               memp.o
    0x240000b4   COMPRESSED   0x00000004   Data   RW         5833    .data               memp.o
    0x240000b8   COMPRESSED   0x0000000c   Data   RW         5940    .data               netif.o
    0x240000c4   COMPRESSED   0x00000001   Data   RW         6075    .data               pbuf.o
    0x240000c5   COMPRESSED   0x00000003   PAD
    0x240000c8   COMPRESSED   0x00000020   Data   RW         6339    .data               tcp.o
    0x240000e8   COMPRESSED   0x00000024   Data   RW         6580    .data               tcp_in.o
    0x2400010c   COMPRESSED   0x0000000c   Data   RW         6780    .data               timeouts.o
    0x24000118   COMPRESSED   0x00000008   Data   RW         6864    .data               udp.o
    0x24000120   COMPRESSED   0x00000001   Data   RW         7015    .data               etharp.o
    0x24000121   COMPRESSED   0x00000001   PAD
    0x24000122   COMPRESSED   0x00000002   Data   RW         7170    .data               ip4.o
    0x24000124   COMPRESSED   0x00000008   Data   RW         7293    .data               ip4_frag.o
    0x2400012c   COMPRESSED   0x00000004   Data   RW         8021    .data               mc_w.l(stdout.o)
    0x24000130        -       0x000000c8   Zero   RW          346    .bss                tcp_echoserver.o
    0x240001f8        -       0x00000030   Zero   RW          877    .bss                lwip.o
    0x24000228        -       0x000000c4   Zero   RW          952    .bss                ethernetif.o
    0x240002ec        -       0x000000cb   Zero   RW          953    .bss                ethernetif.o
    0x240003b7   COMPRESSED   0x00000001   PAD
    0x240003b8        -       0x0000008c   Zero   RW         1076    .bss                usart.o
    0x24000444        -       0x0000001c   Zero   RW         2750    .bss                stm32h7xx_hal_flash.o
    0x24000460        -       0x00000018   Zero   RW         5700    .bss                ip.o
    0x24000478        -       0x00000653   Zero   RW         5737    .bss                mem.o
    0x24000acb        -       0x00000083   Zero   RW         5806    .bss                memp.o
    0x24000b4e        -       0x000002fb   Zero   RW         5807    .bss                memp.o
    0x24000e49        -       0x000000e3   Zero   RW         5808    .bss                memp.o
    0x24000f2c        -       0x00000103   Zero   RW         5809    .bss                memp.o
    0x2400102f        -       0x000000a3   Zero   RW         5810    .bss                memp.o
    0x240010d2        -       0x0000016b   Zero   RW         5811    .bss                memp.o
    0x2400123d        -       0x00000033   Zero   RW         5812    .bss                memp.o
    0x24001270        -       0x00000103   Zero   RW         5813    .bss                memp.o
    0x24001373        -       0x00002603   Zero   RW         5814    .bss                memp.o
    0x24003976   COMPRESSED   0x00000002   PAD
    0x24003978        -       0x00000010   Zero   RW         6579    .bss                tcp_in.o
    0x24003988        -       0x000000f0   Zero   RW         7013    .bss                etharp.o
    0x24003a78        -       0x00002000   Zero   RW            1    STACK               startup_stm32h743xx.o



  Load Region LR$$.ARM.__AT_0x30040000 (Base: 0x30040000, Size: 0x00000000, Max: 0x00000060, ABSOLUTE)

    Execution Region ER$$.ARM.__AT_0x30040000 (Exec base: 0x30040000, Load base: 0x30040000, Size: 0x00000060, Max: 0x00000060, ABSOLUTE, UNINIT)

    Exec Addr    Load Addr    Size         Type   Attr      Idx    E Section Name        Object

    0x30040000        -       0x00000060   Zero   RW          949    .ARM.__AT_0x30040000  ethernetif.o



  Load Region LR$$.ARM.__AT_0x30040060 (Base: 0x30040060, Size: 0x00000000, Max: 0x00000060, ABSOLUTE)

    Execution Region ER$$.ARM.__AT_0x30040060 (Exec base: 0x30040060, Load base: 0x30040060, Size: 0x00000060, Max: 0x00000060, ABSOLUTE, UNINIT)

    Exec Addr    Load Addr    Size         Type   Attr      Idx    E Section Name        Object

    0x30040060        -       0x00000060   Zero   RW          950    .ARM.__AT_0x30040060  ethernetif.o



  Load Region LR$$.ARM.__AT_0x30040200 (Base: 0x30040200, Size: 0x00000000, Max: 0x00001800, ABSOLUTE)

    Execution Region ER$$.ARM.__AT_0x30040200 (Exec base: 0x30040200, Load base: 0x30040200, Size: 0x00001800, Max: 0x00001800, ABSOLUTE, UNINIT)

    Exec Addr    Load Addr    Size         Type   Attr      Idx    E Section Name        Object

    0x30040200        -       0x00001800   Zero   RW          951    .ARM.__AT_0x30040200  ethernetif.o


==============================================================================

Image component sizes


      Code (inc. data)   RO Data    RW Data    ZI Data      Debug   Object Name

         0          0          0          0          0       1612   auth.o
         8          0          0          0          0       1106   def.o
      2904       1170         65          1        240      12703   etharp.o
       408        156         12          0          0       2710   ethernet.o
      1182        178         12         24       6735      54555   ethernetif.o
        76          6          0          0          0        831   gpio.o
       156         88          0          4          0       1066   iap.o
       772        350          0          0          0       4414   icmp.o
        30          0          0          0          0       1996   init.o
         0          0          0          0         24       5957   ip.o
       910        182          0          2          0       5080   ip4.o
        46          0          4          0          0       6974   ip4_addr.o
      2696       1020          0          8          0      11550   ip4_frag.o
       402          0          0          0          0       3006   lan8742.o
       268         22          0         24         48       1903   lwip.o
       894        156          0          4          0      38993   main.o
      1620        804          0         12       1619       5697   mem.o
       990        718        144         36      11947      11446   memp.o
       520        132          0         12          0      10851   netif.o
      3872       2054          0          1          0      24350   pbuf.o
        36          8        664          0       8192        836   startup_stm32h743xx.o
       248         48          0         12          0      23480   stm32h7xx_hal.o
       354         28          0          0          0      41161   stm32h7xx_hal_cortex.o
      4200        104          0          0          0      23682   stm32h7xx_hal_eth.o
       504         52          0          0         28      14634   stm32h7xx_hal_flash.o
       488         16          0          0          0       4269   stm32h7xx_hal_flash_ex.o
       508         50          0          0          0       1920   stm32h7xx_hal_gpio.o
        28          6          0          0          0        786   stm32h7xx_hal_msp.o
        80          4          0          0          0        805   stm32h7xx_hal_pwr_ex.o
      2214         98          0          0          0       6724   stm32h7xx_hal_rcc.o
      3534        126          0          0          0       8391   stm32h7xx_hal_rcc_ex.o
      3842        116          0          0          0       8525   stm32h7xx_hal_uart.o
       324         18          0          0          0       3704   stm32h7xx_hal_uart_ex.o
        32          6          0          0          0       4547   stm32h7xx_it.o
       328         42          0          0          0      37422   stmflash.o
        16          0          0          0          0        480   system.o
       156         22         16          8          0       1362   system_stm32h7xx.o
      5628       2338        201         32          0      38732   tcp.o
       770        136          0         12        200      16480   tcp_echoserver.o
      5982       1224          0         36         16      20547   tcp_in.o
      5152       1722         85          0          0      27486   tcp_out.o
         0          0          0          0          0    1273173   tcpclient.o
      1460        238        140         48          0      16961   tftpserver.o
        78          0          0          0          0       4776   tftputils.o
       592        220         24         12          0       5891   timeouts.o
      1254        280          0          8          0      12125   udp.o
       228         28          0          0        140       2258   usart.o

    ----------------------------------------------------------------------
     55856      13966       1408        300      29192    1807957   Object Totals
         0          0         32          0          0          0   (incl. Generated)
        66          0          9          4          3          0   (incl. Padding)

    ----------------------------------------------------------------------

      Code (inc. data)   RO Data    RW Data    ZI Data      Debug   Library Member Name

        86          0          0          0          0          0   __dczerorl2.o
         0          0          0          0          0          0   entry.o
         0          0          0          0          0          0   entry10a.o
         0          0          0          0          0          0   entry11a.o
         8          4          0          0          0          0   entry2.o
         4          0          0          0          0          0   entry5.o
         0          0          0          0          0          0   entry7b.o
         0          0          0          0          0          0   entry8b.o
         8          4          0          0          0          0   entry9a.o
        30          0          0          0          0          0   handlers.o
        36          8          0          0          0         68   init.o
        30          0          0          0          0         68   llshl.o
        32          0          0          0          0         68   llushr.o
        26          0          0          0          0         80   memcmp.o
        36          0          0          0          0         68   memcpya.o
        36          0          0          0          0        108   memseta.o
       786         62          0          0          0        336   printf5.o
         0          0          0          4          0          0   stdout.o
        18          0          0          0          0         68   strcpy.o
        14          0          0          0          0         68   strlen.o
        98          0          0          0          0         92   uldiv.o

    ----------------------------------------------------------------------
      1252         78          0          4          0       1024   Library Totals
         4          0          0          0          0          0   (incl. Padding)

    ----------------------------------------------------------------------

      Code (inc. data)   RO Data    RW Data    ZI Data      Debug   Library Name

      1248         78          0          4          0       1024   mc_w.l

    ----------------------------------------------------------------------
      1252         78          0          4          0       1024   Library Totals

    ----------------------------------------------------------------------

==============================================================================


      Code (inc. data)   RO Data    RW Data    ZI Data      Debug   

     57108      14044       1408        304      29192    1778997   Grand Totals
     57108      14044       1408         76      29192    1778997   ELF Image Totals (compressed)
     57108      14044       1408         76          0          0   ROM Totals

==============================================================================

    Total RO  Size (Code + RO Data)                58516 (  57.14kB)
    Total RW  Size (RW Data + ZI Data)             29496 (  28.80kB)
    Total ROM Size (Code + RO Data + RW Data)      58592 (  57.22kB)

==============================================================================

