<html>
<body>
<pre>
<h1>µVision Build Log</h1>
<h2>Tool Versions:</h2>
IDE-Version: ¦ÌVision V5.26.2.0
Copyright (C) 2018 ARM Ltd and ARM Germany GmbH. All rights reserved.
License Information: 1 Laptop, 1, LIC=SDA0P-MB5B1-01LP1-CEMGD-28WH2-09FLU
 
Tool Versions:
Toolchain:       MDK-ARM Plus  Version: 5.26.2.0
Toolchain Path:  D:\Keil5\ARM\ARMCC\Bin
C Compiler:      Armcc.exe V5.06 update 6 (build 750)
Assembler:       Armasm.exe V5.06 update 6 (build 750)
Linker/Locator:  ArmLink.exe V5.06 update 6 (build 750)
Library Manager: ArmAr.exe V5.06 update 6 (build 750)
Hex Converter:   FromElf.exe V5.06 update 6 (build 750)
CPU DLL:         SARMCM3.DLL V5.26.2.0
Dialog DLL:      DCM.DLL V1.17.2.0
Target DLL:      STLink\ST-LINKIII-KEIL_SWO.dll V3.0.5.0
Dialog DLL:      TCM.DLL V1.36.1.0
 
<h2>Project:</h2>
C:\Users\Laptop\Desktop\NEW_TFTP__IAP\MDK-ARM\New_TFTP_IAP.uvprojx
Project File Date:  04/14/2023

<h2>Output:</h2>
*** Using Compiler 'V5.06 update 6 (build 750)', folder: 'D:\Keil5\ARM\ARMCC\Bin'
Rebuild target 'New_TFTP_IAP'
assembling startup_stm32h743xx.s...
compiling tcpclient.c...
compiling lwip.c...
compiling tcp_echoserver.c...
compiling debug.c...
compiling stm32h7xx_it.c...
compiling usart.c...
compiling iap.c...
compiling gpio.c...
compiling stmflash.c...
compiling stm32h7xx_hal_msp.c...
compiling tcpserver.c...
compiling tftputils.c...
compiling lan8742.c...
compiling tftpserver.c...
compiling main.c...
compiling ethernetif.c...
compiling system.c...
compiling stm32h7xx_hal_eth_ex.c...
compiling stm32h7xx_hal_tim.c...
compiling stm32h7xx_hal_cortex.c...
compiling stm32h7xx_hal_tim_ex.c...
compiling stm32h7xx_hal_eth.c...
compiling stm32h7xx_hal_uart_ex.c...
compiling stm32h7xx_hal_flash.c...
compiling stm32h7xx_hal_gpio.c...
compiling stm32h7xx_hal_hsem.c...
compiling stm32h7xx_hal_rcc.c...
compiling stm32h7xx_hal_flash_ex.c...
compiling stm32h7xx_hal_dma_ex.c...
compiling stm32h7xx_hal_rcc_ex.c...
compiling stm32h7xx_hal_dma.c...
compiling stm32h7xx_hal_mdma.c...
compiling stm32h7xx_hal_i2c_ex.c...
compiling stm32h7xx_hal_pwr.c...
compiling stm32h7xx_hal_exti.c...
compiling stm32h7xx_hal_pwr_ex.c...
compiling system_stm32h7xx.c...
compiling stm32h7xx_hal.c...
compiling auth.c...
compiling ccp.c...
compiling chap-md5.c...
compiling chap_ms.c...
compiling chap-new.c...
compiling stm32h7xx_hal_uart.c...
compiling eap.c...
compiling demand.c...
compiling eui64.c...
compiling fsm.c...
compiling ipcp.c...
compiling magic.c...
compiling mppe.c...
compiling lcp.c...
compiling ipv6cp.c...
compiling stm32h7xx_hal_i2c.c...
compiling multilink.c...
compiling pppapi.c...
compiling pppcrypt.c...
compiling ppp.c...
compiling pppoe.c...
compiling pppol2tp.c...
compiling pppos.c...
compiling upap.c...
compiling utils.c...
compiling vj.c...
compiling ethernet.c...
compiling ecp.c...
compiling lowpan6.c...
compiling api_lib.c...
compiling api_msg.c...
compiling netbuf.c...
compiling err.c...
compiling netdb.c...
compiling slipif.c...
compiling netifapi.c...
compiling sockets.c...
compiling tcpip.c...
compiling dns.c...
compiling def.c...
compiling inet_chksum.c...
compiling init.c...
compiling ip.c...
compiling stats.c...
compiling mem.c...
compiling memp.c...
compiling raw.c...
compiling netif.c...
compiling sys.c...
compiling pbuf.c...
compiling timeouts.c...
compiling autoip.c...
compiling dhcp.c...
compiling udp.c...
compiling tcp_out.c...
compiling tcp.c...
compiling tcp_in.c...
compiling icmp.c...
compiling etharp.c...
compiling igmp.c...
compiling dhcp6.c...
compiling ip4_addr.c...
compiling ethip6.c...
compiling ip4.c...
compiling ip4_frag.c...
compiling inet6.c...
compiling icmp6.c...
compiling ip6.c...
compiling ip6_addr.c...
compiling mld6.c...
compiling ip6_frag.c...
compiling nd6.c...
compiling mqtt.c...
linking...
Program Size: Code=57108 RO-data=1408 RW-data=304 ZI-data=29192  
FromELF: creating hex file...
"New_TFTP_IAP\New_TFTP_IAP.axf" - 0 Error(s), 0 Warning(s).

<h2>Software Packages used:</h2>

Package Vendor: ARM
                http://www.keil.com/pack/ARM.CMSIS.5.4.0.pack
                ARM.CMSIS.5.4.0
                CMSIS (Cortex Microcontroller Software Interface Standard)
   * Component: CORE Version: 5.1.2

Package Vendor: Keil
                http://www.keil.com/pack/Keil.STM32H7xx_DFP.3.0.0.pack
                Keil.STM32H7xx_DFP.3.0.0
                STMicroelectronics STM32H7 Series Device Support and Examples

<h2>Collection of Component include folders:</h2>
  .\RTE\_New_TFTP_IAP
  D:\Keil5\ARM\CMSIS\5.4.0\CMSIS\Core\Include
  D:\Keil5\Keil\STM32H7xx_DFP\3.0.0\Drivers\CMSIS\Device\ST\STM32H7xx\Include

<h2>Collection of Component Files used:</h2>

   * Component: ARM::CMSIS:CORE:5.1.2
Build Time Elapsed:  00:00:05
</pre>
</body>
</html>
